[nabirds] 48562 images, gt bbox: True
/opt/anaconda3/envs/fal-wyh/lib/python3.9/site-packages/torchvision/transforms/transforms.py:329: UserWarning: Argument 'interpolation' of type int is deprecated since 0.13 and will be removed in 0.15. Please use InterpolationMode enum.
  warnings.warn(
  32/48562  14s
  1632/48562  58s
  3232/48562  102s
  4832/48562  147s
  6432/48562  191s
  8032/48562  236s
  9632/48562  280s
  11232/48562  325s
  12832/48562  369s
  14432/48562  414s
  16032/48562  458s
  17632/48562  503s
  19232/48562  548s
  20832/48562  592s
  22432/48562  637s
  24032/48562  682s
  25632/48562  726s
  27232/48562  770s
  28832/48562  815s
  30432/48562  859s
  32032/48562  904s
  33632/48562  948s
  35232/48562  993s
  36832/48562  1037s
  38432/48562  1082s
  40032/48562  1127s
  41632/48562  1172s
  43232/48562  1216s
  44832/48562  1260s
  46432/48562  1305s
  48032/48562  1350s
  IoU(auto, gt) train: mean 0.453  >=0.5 0.376  n=23929
  IoU(auto, gt) test: mean 0.454  >=0.5 0.376  n=24633
  IoU(auto, gt) all:   mean 0.454  >=0.5 0.376
[nabirds] done 48562 images in 1365s → /home/savo_shen/data_crops/nabirds
