/opt/anaconda3/envs/fal-wyh/lib/python3.9/site-packages/torchvision/transforms/transforms.py:329: UserWarning: Argument 'interpolation' of type int is deprecated since 0.13 and will be removed in 0.15. Please use InterpolationMode enum.
  warnings.warn(
09/15/2026 22:55:36 - INFO - models.modeling - load_pretrained: resized variant: torch.Size([1, 197, 768]) to torch.Size([1, 785, 768])
09/15/2026 22:55:38 - INFO - __main__ - Training parameters Namespace(data_root='/home/savo_shen/data_crops/dog/dinov3', name='dog_dinov3', output_dir='output', pretrained='/home/savo_shen/Programs/FAL-ViT-main-wyh/imagenet21k_ViT-B_16.npz', img_size=448, train_batch_size=16, grad_accum=1, eval_batch_size=64, learning_rate=0.03, weight_decay=0.0, num_steps=10000, warmup_steps=500, eval_every=1000, max_grad_norm=1.0, num_workers=8, seed=42)
09/15/2026 22:55:38 - INFO - __main__ - effective batch = 16
09/15/2026 22:55:38 - INFO - __main__ - classes=120 train=12000 test=8580
load_pretrained: grid-size from 14 to 28
09/15/2026 22:56:09 - INFO - __main__ - Training (100 / 10000 Steps) (loss=4.6211) lr=6.00e-03 32s
09/15/2026 22:56:38 - INFO - __main__ - Training (200 / 10000 Steps) (loss=3.9031) lr=1.20e-02 60s
09/15/2026 22:57:07 - INFO - __main__ - Training (300 / 10000 Steps) (loss=2.5564) lr=1.80e-02 89s
09/15/2026 22:57:36 - INFO - __main__ - Training (400 / 10000 Steps) (loss=1.4439) lr=2.40e-02 118s
09/15/2026 22:58:05 - INFO - __main__ - Training (500 / 10000 Steps) (loss=0.9660) lr=3.00e-02 147s
09/15/2026 22:58:34 - INFO - __main__ - Training (600 / 10000 Steps) (loss=1.1900) lr=3.00e-02 176s
09/15/2026 22:59:03 - INFO - __main__ - Training (700 / 10000 Steps) (loss=0.2258) lr=3.00e-02 205s
09/15/2026 22:59:32 - INFO - __main__ - Training (800 / 10000 Steps) (loss=1.1670) lr=2.99e-02 234s
09/15/2026 23:00:01 - INFO - __main__ - Training (900 / 10000 Steps) (loss=0.8527) lr=2.99e-02 263s
09/15/2026 23:00:30 - INFO - __main__ - Training (1000 / 10000 Steps) (loss=0.8683) lr=2.98e-02 292s
09/15/2026 23:01:24 - INFO - __main__ - Validation Results step 1000: Accuracy 0.84732 (best 0.84732)
09/15/2026 23:01:53 - INFO - __main__ - Training (1100 / 10000 Steps) (loss=0.6876) lr=2.97e-02 376s
09/15/2026 23:02:22 - INFO - __main__ - Training (1200 / 10000 Steps) (loss=0.5312) lr=2.96e-02 405s
09/15/2026 23:02:51 - INFO - __main__ - Training (1300 / 10000 Steps) (loss=0.7275) lr=2.95e-02 433s
09/15/2026 23:03:20 - INFO - __main__ - Training (1400 / 10000 Steps) (loss=0.8074) lr=2.93e-02 462s
09/15/2026 23:03:49 - INFO - __main__ - Training (1500 / 10000 Steps) (loss=0.0755) lr=2.92e-02 491s
09/15/2026 23:04:18 - INFO - __main__ - Training (1600 / 10000 Steps) (loss=0.2338) lr=2.90e-02 521s
09/15/2026 23:04:47 - INFO - __main__ - Training (1700 / 10000 Steps) (loss=0.8218) lr=2.88e-02 550s
09/15/2026 23:05:16 - INFO - __main__ - Training (1800 / 10000 Steps) (loss=0.2226) lr=2.86e-02 578s
09/15/2026 23:05:45 - INFO - __main__ - Training (1900 / 10000 Steps) (loss=0.1589) lr=2.84e-02 607s
09/15/2026 23:06:14 - INFO - __main__ - Training (2000 / 10000 Steps) (loss=0.7428) lr=2.82e-02 636s
09/15/2026 23:07:06 - INFO - __main__ - Validation Results step 2000: Accuracy 0.86282 (best 0.86282)
09/15/2026 23:07:35 - INFO - __main__ - Training (2100 / 10000 Steps) (loss=0.2693) lr=2.79e-02 718s
09/15/2026 23:08:04 - INFO - __main__ - Training (2200 / 10000 Steps) (loss=0.4553) lr=2.77e-02 747s
09/15/2026 23:08:33 - INFO - __main__ - Training (2300 / 10000 Steps) (loss=0.2985) lr=2.74e-02 776s
09/15/2026 23:09:02 - INFO - __main__ - Training (2400 / 10000 Steps) (loss=0.4444) lr=2.71e-02 805s
09/15/2026 23:09:31 - INFO - __main__ - Training (2500 / 10000 Steps) (loss=0.4305) lr=2.68e-02 834s
09/15/2026 23:10:00 - INFO - __main__ - Training (2600 / 10000 Steps) (loss=0.5686) lr=2.65e-02 863s
09/15/2026 23:10:29 - INFO - __main__ - Training (2700 / 10000 Steps) (loss=0.1457) lr=2.62e-02 892s
09/15/2026 23:10:58 - INFO - __main__ - Training (2800 / 10000 Steps) (loss=0.3890) lr=2.59e-02 921s
09/15/2026 23:11:27 - INFO - __main__ - Training (2900 / 10000 Steps) (loss=0.3530) lr=2.55e-02 949s
09/15/2026 23:11:56 - INFO - __main__ - Training (3000 / 10000 Steps) (loss=0.3227) lr=2.52e-02 978s
09/15/2026 23:12:49 - INFO - __main__ - Validation Results step 3000: Accuracy 0.87016 (best 0.87016)
09/15/2026 23:13:18 - INFO - __main__ - Training (3100 / 10000 Steps) (loss=0.0119) lr=2.48e-02 1061s
09/15/2026 23:13:47 - INFO - __main__ - Training (3200 / 10000 Steps) (loss=0.1296) lr=2.44e-02 1089s
09/15/2026 23:14:16 - INFO - __main__ - Training (3300 / 10000 Steps) (loss=0.0640) lr=2.40e-02 1118s
09/15/2026 23:14:45 - INFO - __main__ - Training (3400 / 10000 Steps) (loss=0.1052) lr=2.36e-02 1147s
09/15/2026 23:15:14 - INFO - __main__ - Training (3500 / 10000 Steps) (loss=0.2118) lr=2.32e-02 1176s
09/15/2026 23:15:43 - INFO - __main__ - Training (3600 / 10000 Steps) (loss=0.4975) lr=2.28e-02 1205s
09/15/2026 23:16:12 - INFO - __main__ - Training (3700 / 10000 Steps) (loss=0.3340) lr=2.24e-02 1234s
09/15/2026 23:16:41 - INFO - __main__ - Training (3800 / 10000 Steps) (loss=0.0477) lr=2.19e-02 1263s
09/15/2026 23:17:10 - INFO - __main__ - Training (3900 / 10000 Steps) (loss=0.5559) lr=2.15e-02 1292s
09/15/2026 23:17:39 - INFO - __main__ - Training (4000 / 10000 Steps) (loss=0.0781) lr=2.10e-02 1321s
09/15/2026 23:18:32 - INFO - __main__ - Validation Results step 4000: Accuracy 0.87354 (best 0.87354)
09/15/2026 23:19:01 - INFO - __main__ - Training (4100 / 10000 Steps) (loss=0.0480) lr=2.06e-02 1403s
09/15/2026 23:19:30 - INFO - __main__ - Training (4200 / 10000 Steps) (loss=0.0251) lr=2.01e-02 1432s
09/15/2026 23:19:59 - INFO - __main__ - Training (4300 / 10000 Steps) (loss=0.0379) lr=1.96e-02 1461s
09/15/2026 23:20:28 - INFO - __main__ - Training (4400 / 10000 Steps) (loss=0.1798) lr=1.92e-02 1490s
09/15/2026 23:20:57 - INFO - __main__ - Training (4500 / 10000 Steps) (loss=0.0924) lr=1.87e-02 1519s
09/15/2026 23:21:26 - INFO - __main__ - Training (4600 / 10000 Steps) (loss=0.0914) lr=1.82e-02 1549s
09/15/2026 23:21:55 - INFO - __main__ - Training (4700 / 10000 Steps) (loss=0.3283) lr=1.77e-02 1578s
09/15/2026 23:22:24 - INFO - __main__ - Training (4800 / 10000 Steps) (loss=0.0533) lr=1.72e-02 1606s
09/15/2026 23:22:53 - INFO - __main__ - Training (4900 / 10000 Steps) (loss=0.0453) lr=1.67e-02 1635s
09/15/2026 23:23:22 - INFO - __main__ - Training (5000 / 10000 Steps) (loss=0.0121) lr=1.62e-02 1664s
09/15/2026 23:24:15 - INFO - __main__ - Validation Results step 5000: Accuracy 0.88065 (best 0.88065)
09/15/2026 23:24:44 - INFO - __main__ - Training (5100 / 10000 Steps) (loss=0.2284) lr=1.57e-02 1746s
09/15/2026 23:25:13 - INFO - __main__ - Training (5200 / 10000 Steps) (loss=0.0340) lr=1.52e-02 1775s
09/15/2026 23:25:42 - INFO - __main__ - Training (5300 / 10000 Steps) (loss=0.0058) lr=1.48e-02 1805s
09/15/2026 23:26:11 - INFO - __main__ - Training (5400 / 10000 Steps) (loss=0.0292) lr=1.43e-02 1833s
09/15/2026 23:26:40 - INFO - __main__ - Training (5500 / 10000 Steps) (loss=0.0734) lr=1.38e-02 1862s
09/15/2026 23:27:09 - INFO - __main__ - Training (5600 / 10000 Steps) (loss=0.0204) lr=1.33e-02 1891s
09/15/2026 23:27:38 - INFO - __main__ - Training (5700 / 10000 Steps) (loss=0.0785) lr=1.28e-02 1920s
09/15/2026 23:28:07 - INFO - __main__ - Training (5800 / 10000 Steps) (loss=0.0192) lr=1.23e-02 1949s
09/15/2026 23:28:36 - INFO - __main__ - Training (5900 / 10000 Steps) (loss=0.0568) lr=1.18e-02 1978s
09/15/2026 23:29:05 - INFO - __main__ - Training (6000 / 10000 Steps) (loss=0.0948) lr=1.13e-02 2007s
09/15/2026 23:29:58 - INFO - __main__ - Validation Results step 6000: Accuracy 0.88671 (best 0.88671)
09/15/2026 23:30:27 - INFO - __main__ - Training (6100 / 10000 Steps) (loss=0.0056) lr=1.08e-02 2089s
09/15/2026 23:30:56 - INFO - __main__ - Training (6200 / 10000 Steps) (loss=0.0403) lr=1.04e-02 2118s
09/15/2026 23:31:25 - INFO - __main__ - Training (6300 / 10000 Steps) (loss=0.0108) lr=9.90e-03 2147s
09/15/2026 23:31:53 - INFO - __main__ - Training (6400 / 10000 Steps) (loss=0.0028) lr=9.43e-03 2176s
09/15/2026 23:32:22 - INFO - __main__ - Training (6500 / 10000 Steps) (loss=0.0181) lr=8.97e-03 2205s
09/15/2026 23:32:51 - INFO - __main__ - Training (6600 / 10000 Steps) (loss=0.0102) lr=8.52e-03 2234s
09/15/2026 23:33:20 - INFO - __main__ - Training (6700 / 10000 Steps) (loss=0.0432) lr=8.08e-03 2262s
09/15/2026 23:33:49 - INFO - __main__ - Training (6800 / 10000 Steps) (loss=0.0063) lr=7.64e-03 2292s
09/15/2026 23:34:18 - INFO - __main__ - Training (6900 / 10000 Steps) (loss=0.0031) lr=7.22e-03 2320s
09/15/2026 23:34:47 - INFO - __main__ - Training (7000 / 10000 Steps) (loss=0.0051) lr=6.80e-03 2349s
09/15/2026 23:35:40 - INFO - __main__ - Validation Results step 7000: Accuracy 0.89347 (best 0.89347)
09/15/2026 23:36:09 - INFO - __main__ - Training (7100 / 10000 Steps) (loss=0.0208) lr=6.39e-03 2431s
09/15/2026 23:36:37 - INFO - __main__ - Training (7200 / 10000 Steps) (loss=0.0370) lr=5.98e-03 2460s
09/15/2026 23:37:06 - INFO - __main__ - Training (7300 / 10000 Steps) (loss=0.0140) lr=5.59e-03 2489s
09/15/2026 23:37:35 - INFO - __main__ - Training (7400 / 10000 Steps) (loss=0.0046) lr=5.21e-03 2517s
09/15/2026 23:38:04 - INFO - __main__ - Training (7500 / 10000 Steps) (loss=0.0040) lr=4.84e-03 2546s
09/15/2026 23:38:33 - INFO - __main__ - Training (7600 / 10000 Steps) (loss=0.0359) lr=4.48e-03 2575s
09/15/2026 23:39:02 - INFO - __main__ - Training (7700 / 10000 Steps) (loss=0.0198) lr=4.13e-03 2604s
09/15/2026 23:39:31 - INFO - __main__ - Training (7800 / 10000 Steps) (loss=0.0070) lr=3.80e-03 2633s
09/15/2026 23:40:00 - INFO - __main__ - Training (7900 / 10000 Steps) (loss=0.0136) lr=3.47e-03 2662s
09/15/2026 23:40:29 - INFO - __main__ - Training (8000 / 10000 Steps) (loss=0.0018) lr=3.16e-03 2691s
09/15/2026 23:41:22 - INFO - __main__ - Validation Results step 8000: Accuracy 0.89709 (best 0.89709)
09/15/2026 23:41:51 - INFO - __main__ - Training (8100 / 10000 Steps) (loss=0.0027) lr=2.86e-03 2773s
09/15/2026 23:42:20 - INFO - __main__ - Training (8200 / 10000 Steps) (loss=0.1417) lr=2.58e-03 2802s
09/15/2026 23:42:49 - INFO - __main__ - Training (8300 / 10000 Steps) (loss=0.0034) lr=2.31e-03 2831s
09/15/2026 23:43:18 - INFO - __main__ - Training (8400 / 10000 Steps) (loss=0.0013) lr=2.05e-03 2860s
09/15/2026 23:43:47 - INFO - __main__ - Training (8500 / 10000 Steps) (loss=0.0041) lr=1.81e-03 2889s
09/15/2026 23:44:15 - INFO - __main__ - Training (8600 / 10000 Steps) (loss=0.0025) lr=1.58e-03 2918s
09/15/2026 23:44:44 - INFO - __main__ - Training (8700 / 10000 Steps) (loss=0.0026) lr=1.36e-03 2947s
09/15/2026 23:45:13 - INFO - __main__ - Training (8800 / 10000 Steps) (loss=0.0689) lr=1.17e-03 2975s
09/15/2026 23:45:42 - INFO - __main__ - Training (8900 / 10000 Steps) (loss=0.0045) lr=9.82e-04 3004s
09/15/2026 23:46:11 - INFO - __main__ - Training (9000 / 10000 Steps) (loss=0.0380) lr=8.13e-04 3033s
09/15/2026 23:47:04 - INFO - __main__ - Validation Results step 9000: Accuracy 0.90000 (best 0.90000)
09/15/2026 23:47:33 - INFO - __main__ - Training (9100 / 10000 Steps) (loss=0.0082) lr=6.59e-04 3115s
09/15/2026 23:48:02 - INFO - __main__ - Training (9200 / 10000 Steps) (loss=0.0061) lr=5.22e-04 3144s
09/15/2026 23:48:31 - INFO - __main__ - Training (9300 / 10000 Steps) (loss=0.0436) lr=4.00e-04 3173s
09/15/2026 23:49:00 - INFO - __main__ - Training (9400 / 10000 Steps) (loss=0.0019) lr=2.94e-04 3202s
09/15/2026 23:49:29 - INFO - __main__ - Training (9500 / 10000 Steps) (loss=0.0059) lr=2.05e-04 3231s
09/15/2026 23:49:58 - INFO - __main__ - Training (9600 / 10000 Steps) (loss=0.0173) lr=1.31e-04 3260s
09/15/2026 23:50:27 - INFO - __main__ - Training (9700 / 10000 Steps) (loss=0.0017) lr=7.38e-05 3289s
09/15/2026 23:50:56 - INFO - __main__ - Training (9800 / 10000 Steps) (loss=0.0043) lr=3.28e-05 3318s
09/15/2026 23:51:25 - INFO - __main__ - Training (9900 / 10000 Steps) (loss=0.0016) lr=8.20e-06 3347s
09/15/2026 23:51:54 - INFO - __main__ - Training (10000 / 10000 Steps) (loss=0.0016) lr=0.00e+00 3376s
09/15/2026 23:52:47 - INFO - __main__ - Validation Results step 10000: Accuracy 0.90058 (best 0.90058)
09/15/2026 23:52:47 - INFO - __main__ - Best Accuracy: 	0.900583
09/15/2026 23:52:47 - INFO - __main__ - End Training!
