/opt/anaconda3/envs/fal-wyh/lib/python3.9/site-packages/torchvision/transforms/transforms.py:329: UserWarning: Argument 'interpolation' of type int is deprecated since 0.13 and will be removed in 0.15. Please use InterpolationMode enum.
  warnings.warn(
09/16/2026 10:52:01 - INFO - models.modeling - load_pretrained: resized variant: torch.Size([1, 197, 768]) to torch.Size([1, 785, 768])
09/16/2026 10:52:03 - INFO - __main__ - Training parameters Namespace(data_root='/home/savo_shen/data_crops/ip102/raw', name='ip102_raw', output_dir='output', pretrained='/home/savo_shen/Programs/FAL-ViT-main-wyh/imagenet21k_ViT-B_16.npz', img_size=448, train_batch_size=16, grad_accum=1, eval_batch_size=64, learning_rate=0.03, weight_decay=0.0, num_steps=10000, warmup_steps=500, eval_every=1000, max_grad_norm=1.0, num_workers=8, seed=42)
09/16/2026 10:52:03 - INFO - __main__ - effective batch = 16
09/16/2026 10:52:03 - INFO - __main__ - classes=102 train=45095 test=22619
load_pretrained: grid-size from 14 to 28
09/16/2026 10:52:35 - INFO - __main__ - Training (100 / 10000 Steps) (loss=4.1152) lr=6.00e-03 32s
09/16/2026 10:53:04 - INFO - __main__ - Training (200 / 10000 Steps) (loss=3.3212) lr=1.20e-02 61s
09/16/2026 10:53:33 - INFO - __main__ - Training (300 / 10000 Steps) (loss=3.3265) lr=1.80e-02 90s
09/16/2026 10:54:02 - INFO - __main__ - Training (400 / 10000 Steps) (loss=2.6184) lr=2.40e-02 119s
09/16/2026 10:54:30 - INFO - __main__ - Training (500 / 10000 Steps) (loss=2.8565) lr=3.00e-02 147s
09/16/2026 10:54:59 - INFO - __main__ - Training (600 / 10000 Steps) (loss=1.7621) lr=3.00e-02 176s
09/16/2026 10:55:28 - INFO - __main__ - Training (700 / 10000 Steps) (loss=1.5497) lr=3.00e-02 205s
09/16/2026 10:55:57 - INFO - __main__ - Training (800 / 10000 Steps) (loss=1.6620) lr=2.99e-02 234s
09/16/2026 10:56:26 - INFO - __main__ - Training (900 / 10000 Steps) (loss=1.8182) lr=2.99e-02 263s
09/16/2026 10:56:55 - INFO - __main__ - Training (1000 / 10000 Steps) (loss=1.7560) lr=2.98e-02 292s
09/16/2026 10:59:13 - INFO - __main__ - Validation Results step 1000: Accuracy 0.55135 (best 0.55135)
09/16/2026 10:59:42 - INFO - __main__ - Training (1100 / 10000 Steps) (loss=1.4710) lr=2.97e-02 459s
09/16/2026 11:00:11 - INFO - __main__ - Training (1200 / 10000 Steps) (loss=2.5660) lr=2.96e-02 488s
09/16/2026 11:00:40 - INFO - __main__ - Training (1300 / 10000 Steps) (loss=1.2766) lr=2.95e-02 517s
09/16/2026 11:01:09 - INFO - __main__ - Training (1400 / 10000 Steps) (loss=1.3401) lr=2.93e-02 546s
09/16/2026 11:01:39 - INFO - __main__ - Training (1500 / 10000 Steps) (loss=0.9394) lr=2.92e-02 576s
09/16/2026 11:02:08 - INFO - __main__ - Training (1600 / 10000 Steps) (loss=2.0736) lr=2.90e-02 605s
09/16/2026 11:02:37 - INFO - __main__ - Training (1700 / 10000 Steps) (loss=1.2836) lr=2.88e-02 634s
09/16/2026 11:03:06 - INFO - __main__ - Training (1800 / 10000 Steps) (loss=1.0359) lr=2.86e-02 663s
09/16/2026 11:03:35 - INFO - __main__ - Training (1900 / 10000 Steps) (loss=1.8382) lr=2.84e-02 692s
09/16/2026 11:04:04 - INFO - __main__ - Training (2000 / 10000 Steps) (loss=1.2256) lr=2.82e-02 721s
09/16/2026 11:06:20 - INFO - __main__ - Validation Results step 2000: Accuracy 0.62275 (best 0.62275)
09/16/2026 11:06:50 - INFO - __main__ - Training (2100 / 10000 Steps) (loss=1.3815) lr=2.79e-02 887s
09/16/2026 11:07:19 - INFO - __main__ - Training (2200 / 10000 Steps) (loss=0.9199) lr=2.77e-02 916s
09/16/2026 11:07:48 - INFO - __main__ - Training (2300 / 10000 Steps) (loss=1.3562) lr=2.74e-02 945s
09/16/2026 11:08:17 - INFO - __main__ - Training (2400 / 10000 Steps) (loss=1.8177) lr=2.71e-02 974s
09/16/2026 11:08:46 - INFO - __main__ - Training (2500 / 10000 Steps) (loss=1.3312) lr=2.68e-02 1003s
09/16/2026 11:09:15 - INFO - __main__ - Training (2600 / 10000 Steps) (loss=1.4430) lr=2.65e-02 1032s
09/16/2026 11:09:44 - INFO - __main__ - Training (2700 / 10000 Steps) (loss=1.8890) lr=2.62e-02 1061s
09/16/2026 11:10:13 - INFO - __main__ - Training (2800 / 10000 Steps) (loss=1.1436) lr=2.59e-02 1090s
09/16/2026 11:10:43 - INFO - __main__ - Training (2900 / 10000 Steps) (loss=1.3572) lr=2.55e-02 1120s
09/16/2026 11:11:12 - INFO - __main__ - Training (3000 / 10000 Steps) (loss=1.0397) lr=2.52e-02 1149s
09/16/2026 11:13:28 - INFO - __main__ - Validation Results step 3000: Accuracy 0.66678 (best 0.66678)
09/16/2026 11:13:58 - INFO - __main__ - Training (3100 / 10000 Steps) (loss=0.6862) lr=2.48e-02 1315s
09/16/2026 11:14:27 - INFO - __main__ - Training (3200 / 10000 Steps) (loss=0.7330) lr=2.44e-02 1344s
09/16/2026 11:14:56 - INFO - __main__ - Training (3300 / 10000 Steps) (loss=0.5676) lr=2.40e-02 1373s
09/16/2026 11:15:25 - INFO - __main__ - Training (3400 / 10000 Steps) (loss=0.6341) lr=2.36e-02 1402s
09/16/2026 11:15:54 - INFO - __main__ - Training (3500 / 10000 Steps) (loss=1.2022) lr=2.32e-02 1431s
09/16/2026 11:16:23 - INFO - __main__ - Training (3600 / 10000 Steps) (loss=1.1829) lr=2.28e-02 1460s
09/16/2026 11:16:52 - INFO - __main__ - Training (3700 / 10000 Steps) (loss=1.3356) lr=2.24e-02 1489s
09/16/2026 11:17:21 - INFO - __main__ - Training (3800 / 10000 Steps) (loss=0.5762) lr=2.19e-02 1518s
09/16/2026 11:17:50 - INFO - __main__ - Training (3900 / 10000 Steps) (loss=0.7857) lr=2.15e-02 1547s
09/16/2026 11:18:19 - INFO - __main__ - Training (4000 / 10000 Steps) (loss=0.8851) lr=2.10e-02 1576s
09/16/2026 11:20:36 - INFO - __main__ - Validation Results step 4000: Accuracy 0.68168 (best 0.68168)
09/16/2026 11:21:05 - INFO - __main__ - Training (4100 / 10000 Steps) (loss=1.0207) lr=2.06e-02 1742s
09/16/2026 11:21:35 - INFO - __main__ - Training (4200 / 10000 Steps) (loss=0.5330) lr=2.01e-02 1772s
09/16/2026 11:22:04 - INFO - __main__ - Training (4300 / 10000 Steps) (loss=0.7558) lr=1.96e-02 1801s
09/16/2026 11:22:33 - INFO - __main__ - Training (4400 / 10000 Steps) (loss=1.5010) lr=1.92e-02 1830s
09/16/2026 11:23:02 - INFO - __main__ - Training (4500 / 10000 Steps) (loss=1.1610) lr=1.87e-02 1859s
09/16/2026 11:23:31 - INFO - __main__ - Training (4600 / 10000 Steps) (loss=1.4271) lr=1.82e-02 1888s
09/16/2026 11:24:00 - INFO - __main__ - Training (4700 / 10000 Steps) (loss=1.6489) lr=1.77e-02 1917s
09/16/2026 11:24:29 - INFO - __main__ - Training (4800 / 10000 Steps) (loss=0.5882) lr=1.72e-02 1946s
09/16/2026 11:24:58 - INFO - __main__ - Training (4900 / 10000 Steps) (loss=1.1724) lr=1.67e-02 1975s
09/16/2026 11:25:27 - INFO - __main__ - Training (5000 / 10000 Steps) (loss=1.7194) lr=1.62e-02 2004s
09/16/2026 11:27:44 - INFO - __main__ - Validation Results step 5000: Accuracy 0.69694 (best 0.69694)
09/16/2026 11:28:13 - INFO - __main__ - Training (5100 / 10000 Steps) (loss=0.9064) lr=1.57e-02 2170s
09/16/2026 11:28:42 - INFO - __main__ - Training (5200 / 10000 Steps) (loss=1.3100) lr=1.52e-02 2199s
09/16/2026 11:29:12 - INFO - __main__ - Training (5300 / 10000 Steps) (loss=1.2481) lr=1.48e-02 2229s
09/16/2026 11:29:41 - INFO - __main__ - Training (5400 / 10000 Steps) (loss=1.0963) lr=1.43e-02 2258s
09/16/2026 11:30:10 - INFO - __main__ - Training (5500 / 10000 Steps) (loss=0.7436) lr=1.38e-02 2287s
09/16/2026 11:30:39 - INFO - __main__ - Training (5600 / 10000 Steps) (loss=1.1461) lr=1.33e-02 2316s
09/16/2026 11:31:08 - INFO - __main__ - Training (5700 / 10000 Steps) (loss=1.0538) lr=1.28e-02 2345s
09/16/2026 11:31:37 - INFO - __main__ - Training (5800 / 10000 Steps) (loss=0.3634) lr=1.23e-02 2374s
09/16/2026 11:32:06 - INFO - __main__ - Training (5900 / 10000 Steps) (loss=0.6520) lr=1.18e-02 2403s
09/16/2026 11:32:35 - INFO - __main__ - Training (6000 / 10000 Steps) (loss=0.9132) lr=1.13e-02 2432s
09/16/2026 11:34:52 - INFO - __main__ - Validation Results step 6000: Accuracy 0.71449 (best 0.71449)
09/16/2026 11:35:21 - INFO - __main__ - Training (6100 / 10000 Steps) (loss=0.6807) lr=1.08e-02 2598s
09/16/2026 11:35:50 - INFO - __main__ - Training (6200 / 10000 Steps) (loss=0.9466) lr=1.04e-02 2627s
09/16/2026 11:36:19 - INFO - __main__ - Training (6300 / 10000 Steps) (loss=0.9313) lr=9.90e-03 2656s
09/16/2026 11:36:48 - INFO - __main__ - Training (6400 / 10000 Steps) (loss=0.3178) lr=9.43e-03 2685s
09/16/2026 11:37:17 - INFO - __main__ - Training (6500 / 10000 Steps) (loss=0.4435) lr=8.97e-03 2714s
09/16/2026 11:37:47 - INFO - __main__ - Training (6600 / 10000 Steps) (loss=0.5264) lr=8.52e-03 2744s
09/16/2026 11:38:16 - INFO - __main__ - Training (6700 / 10000 Steps) (loss=0.8345) lr=8.08e-03 2773s
09/16/2026 11:38:45 - INFO - __main__ - Training (6800 / 10000 Steps) (loss=1.1764) lr=7.64e-03 2802s
09/16/2026 11:39:14 - INFO - __main__ - Training (6900 / 10000 Steps) (loss=0.7475) lr=7.22e-03 2831s
09/16/2026 11:39:43 - INFO - __main__ - Training (7000 / 10000 Steps) (loss=0.6835) lr=6.80e-03 2860s
09/16/2026 11:41:59 - INFO - __main__ - Validation Results step 7000: Accuracy 0.72293 (best 0.72293)
09/16/2026 11:42:28 - INFO - __main__ - Training (7100 / 10000 Steps) (loss=0.8561) lr=6.39e-03 3025s
09/16/2026 11:42:58 - INFO - __main__ - Training (7200 / 10000 Steps) (loss=0.8326) lr=5.98e-03 3055s
09/16/2026 11:43:27 - INFO - __main__ - Training (7300 / 10000 Steps) (loss=0.8564) lr=5.59e-03 3084s
09/16/2026 11:43:56 - INFO - __main__ - Training (7400 / 10000 Steps) (loss=1.0282) lr=5.21e-03 3113s
09/16/2026 11:44:25 - INFO - __main__ - Training (7500 / 10000 Steps) (loss=1.1951) lr=4.84e-03 3142s
09/16/2026 11:44:54 - INFO - __main__ - Training (7600 / 10000 Steps) (loss=0.6560) lr=4.48e-03 3171s
09/16/2026 11:45:23 - INFO - __main__ - Training (7700 / 10000 Steps) (loss=0.7567) lr=4.13e-03 3200s
09/16/2026 11:45:52 - INFO - __main__ - Training (7800 / 10000 Steps) (loss=0.6414) lr=3.80e-03 3229s
09/16/2026 11:46:21 - INFO - __main__ - Training (7900 / 10000 Steps) (loss=0.6604) lr=3.47e-03 3258s
09/16/2026 11:46:50 - INFO - __main__ - Training (8000 / 10000 Steps) (loss=0.5180) lr=3.16e-03 3287s
09/16/2026 11:49:07 - INFO - __main__ - Validation Results step 8000: Accuracy 0.73036 (best 0.73036)
09/16/2026 11:49:36 - INFO - __main__ - Training (8100 / 10000 Steps) (loss=0.7059) lr=2.86e-03 3453s
09/16/2026 11:50:05 - INFO - __main__ - Training (8200 / 10000 Steps) (loss=1.2429) lr=2.58e-03 3482s
09/16/2026 11:50:34 - INFO - __main__ - Training (8300 / 10000 Steps) (loss=0.7538) lr=2.31e-03 3511s
09/16/2026 11:51:03 - INFO - __main__ - Training (8400 / 10000 Steps) (loss=0.9937) lr=2.05e-03 3540s
09/16/2026 11:51:33 - INFO - __main__ - Training (8500 / 10000 Steps) (loss=0.9630) lr=1.81e-03 3570s
09/16/2026 11:52:02 - INFO - __main__ - Training (8600 / 10000 Steps) (loss=0.9912) lr=1.58e-03 3599s
09/16/2026 11:52:31 - INFO - __main__ - Training (8700 / 10000 Steps) (loss=1.1227) lr=1.36e-03 3628s
09/16/2026 11:53:00 - INFO - __main__ - Training (8800 / 10000 Steps) (loss=0.7825) lr=1.17e-03 3657s
09/16/2026 11:53:29 - INFO - __main__ - Training (8900 / 10000 Steps) (loss=0.7566) lr=9.82e-04 3686s
09/16/2026 11:53:58 - INFO - __main__ - Training (9000 / 10000 Steps) (loss=0.4807) lr=8.13e-04 3715s
09/16/2026 11:56:14 - INFO - __main__ - Validation Results step 9000: Accuracy 0.73111 (best 0.73111)
09/16/2026 11:56:43 - INFO - __main__ - Training (9100 / 10000 Steps) (loss=0.6832) lr=6.59e-04 3881s
09/16/2026 11:57:13 - INFO - __main__ - Training (9200 / 10000 Steps) (loss=0.4546) lr=5.22e-04 3910s
09/16/2026 11:57:42 - INFO - __main__ - Training (9300 / 10000 Steps) (loss=0.4497) lr=4.00e-04 3939s
09/16/2026 11:58:11 - INFO - __main__ - Training (9400 / 10000 Steps) (loss=1.2765) lr=2.94e-04 3968s
09/16/2026 11:58:40 - INFO - __main__ - Training (9500 / 10000 Steps) (loss=0.5089) lr=2.05e-04 3997s
09/16/2026 11:59:09 - INFO - __main__ - Training (9600 / 10000 Steps) (loss=0.6681) lr=1.31e-04 4026s
09/16/2026 11:59:38 - INFO - __main__ - Training (9700 / 10000 Steps) (loss=0.3970) lr=7.38e-05 4055s
09/16/2026 12:00:07 - INFO - __main__ - Training (9800 / 10000 Steps) (loss=0.4829) lr=3.28e-05 4084s
09/16/2026 12:00:36 - INFO - __main__ - Training (9900 / 10000 Steps) (loss=0.8024) lr=8.20e-06 4113s
09/16/2026 12:01:05 - INFO - __main__ - Training (10000 / 10000 Steps) (loss=0.4866) lr=0.00e+00 4142s
09/16/2026 12:03:22 - INFO - __main__ - Validation Results step 10000: Accuracy 0.73376 (best 0.73376)
09/16/2026 12:03:22 - INFO - __main__ - Best Accuracy: 	0.733764
09/16/2026 12:03:22 - INFO - __main__ - End Training!
