/opt/anaconda3/envs/fal-wyh/lib/python3.9/site-packages/torchvision/transforms/transforms.py:329: UserWarning: Argument 'interpolation' of type int is deprecated since 0.13 and will be removed in 0.15. Please use InterpolationMode enum.
  warnings.warn(
09/16/2026 09:38:43 - INFO - models.modeling - load_pretrained: resized variant: torch.Size([1, 197, 768]) to torch.Size([1, 785, 768])
09/16/2026 09:38:45 - INFO - __main__ - Training parameters Namespace(data_root='/home/savo_shen/data_crops/nabirds/gt_sq', name='nabirds_gt_sq', output_dir='output', pretrained='/home/savo_shen/Programs/FAL-ViT-main-wyh/imagenet21k_ViT-B_16.npz', img_size=448, train_batch_size=16, grad_accum=1, eval_batch_size=64, learning_rate=0.03, weight_decay=0.0, num_steps=10000, warmup_steps=500, eval_every=1000, max_grad_norm=1.0, num_workers=8, seed=42)
09/16/2026 09:38:45 - INFO - __main__ - effective batch = 16
09/16/2026 09:38:45 - INFO - __main__ - classes=555 train=23929 test=24633
load_pretrained: grid-size from 14 to 28
09/16/2026 09:39:17 - INFO - __main__ - Training (100 / 10000 Steps) (loss=6.2720) lr=6.00e-03 32s
09/16/2026 09:39:46 - INFO - __main__ - Training (200 / 10000 Steps) (loss=6.0522) lr=1.20e-02 61s
09/16/2026 09:40:15 - INFO - __main__ - Training (300 / 10000 Steps) (loss=5.5266) lr=1.80e-02 90s
09/16/2026 09:40:44 - INFO - __main__ - Training (400 / 10000 Steps) (loss=4.6489) lr=2.40e-02 120s
09/16/2026 09:41:13 - INFO - __main__ - Training (500 / 10000 Steps) (loss=3.1588) lr=3.00e-02 149s
09/16/2026 09:41:42 - INFO - __main__ - Training (600 / 10000 Steps) (loss=2.7348) lr=3.00e-02 178s
09/16/2026 09:42:11 - INFO - __main__ - Training (700 / 10000 Steps) (loss=1.9434) lr=3.00e-02 207s
09/16/2026 09:42:41 - INFO - __main__ - Training (800 / 10000 Steps) (loss=1.6543) lr=2.99e-02 236s
09/16/2026 09:43:09 - INFO - __main__ - Training (900 / 10000 Steps) (loss=1.1935) lr=2.99e-02 265s
09/16/2026 09:43:38 - INFO - __main__ - Training (1000 / 10000 Steps) (loss=0.9410) lr=2.98e-02 294s
09/16/2026 09:46:09 - INFO - __main__ - Validation Results step 1000: Accuracy 0.67897 (best 0.67897)
09/16/2026 09:46:38 - INFO - __main__ - Training (1100 / 10000 Steps) (loss=1.6672) lr=2.97e-02 474s
09/16/2026 09:47:07 - INFO - __main__ - Training (1200 / 10000 Steps) (loss=0.7696) lr=2.96e-02 503s
09/16/2026 09:47:36 - INFO - __main__ - Training (1300 / 10000 Steps) (loss=1.1663) lr=2.95e-02 532s
09/16/2026 09:48:05 - INFO - __main__ - Training (1400 / 10000 Steps) (loss=1.0736) lr=2.93e-02 561s
09/16/2026 09:48:34 - INFO - __main__ - Training (1500 / 10000 Steps) (loss=0.3982) lr=2.92e-02 590s
09/16/2026 09:49:03 - INFO - __main__ - Training (1600 / 10000 Steps) (loss=0.7201) lr=2.90e-02 619s
09/16/2026 09:49:32 - INFO - __main__ - Training (1700 / 10000 Steps) (loss=0.4986) lr=2.88e-02 648s
09/16/2026 09:50:01 - INFO - __main__ - Training (1800 / 10000 Steps) (loss=0.8699) lr=2.86e-02 677s
09/16/2026 09:50:30 - INFO - __main__ - Training (1900 / 10000 Steps) (loss=0.5166) lr=2.84e-02 706s
09/16/2026 09:50:59 - INFO - __main__ - Training (2000 / 10000 Steps) (loss=0.4206) lr=2.82e-02 735s
09/16/2026 09:53:27 - INFO - __main__ - Validation Results step 2000: Accuracy 0.81054 (best 0.81054)
09/16/2026 09:53:56 - INFO - __main__ - Training (2100 / 10000 Steps) (loss=0.3139) lr=2.79e-02 912s
09/16/2026 09:54:25 - INFO - __main__ - Training (2200 / 10000 Steps) (loss=0.3382) lr=2.77e-02 941s
09/16/2026 09:54:54 - INFO - __main__ - Training (2300 / 10000 Steps) (loss=0.5658) lr=2.74e-02 970s
09/16/2026 09:55:23 - INFO - __main__ - Training (2400 / 10000 Steps) (loss=0.6004) lr=2.71e-02 999s
09/16/2026 09:55:52 - INFO - __main__ - Training (2500 / 10000 Steps) (loss=0.3809) lr=2.68e-02 1028s
09/16/2026 09:56:21 - INFO - __main__ - Training (2600 / 10000 Steps) (loss=0.4081) lr=2.65e-02 1056s
09/16/2026 09:56:50 - INFO - __main__ - Training (2700 / 10000 Steps) (loss=0.4255) lr=2.62e-02 1085s
09/16/2026 09:57:19 - INFO - __main__ - Training (2800 / 10000 Steps) (loss=0.1718) lr=2.59e-02 1114s
09/16/2026 09:57:48 - INFO - __main__ - Training (2900 / 10000 Steps) (loss=0.4448) lr=2.55e-02 1143s
09/16/2026 09:58:17 - INFO - __main__ - Training (3000 / 10000 Steps) (loss=0.4322) lr=2.52e-02 1173s
09/16/2026 10:00:46 - INFO - __main__ - Validation Results step 3000: Accuracy 0.85187 (best 0.85187)
09/16/2026 10:01:15 - INFO - __main__ - Training (3100 / 10000 Steps) (loss=0.2478) lr=2.48e-02 1350s
09/16/2026 10:01:44 - INFO - __main__ - Training (3200 / 10000 Steps) (loss=0.2394) lr=2.44e-02 1379s
09/16/2026 10:02:13 - INFO - __main__ - Training (3300 / 10000 Steps) (loss=0.3712) lr=2.40e-02 1408s
09/16/2026 10:02:42 - INFO - __main__ - Training (3400 / 10000 Steps) (loss=0.3661) lr=2.36e-02 1437s
09/16/2026 10:03:11 - INFO - __main__ - Training (3500 / 10000 Steps) (loss=0.3765) lr=2.32e-02 1466s
09/16/2026 10:03:39 - INFO - __main__ - Training (3600 / 10000 Steps) (loss=0.2509) lr=2.28e-02 1495s
09/16/2026 10:04:08 - INFO - __main__ - Training (3700 / 10000 Steps) (loss=0.2945) lr=2.24e-02 1524s
09/16/2026 10:04:37 - INFO - __main__ - Training (3800 / 10000 Steps) (loss=0.3203) lr=2.19e-02 1553s
09/16/2026 10:05:06 - INFO - __main__ - Training (3900 / 10000 Steps) (loss=0.5637) lr=2.15e-02 1582s
09/16/2026 10:05:35 - INFO - __main__ - Training (4000 / 10000 Steps) (loss=0.1087) lr=2.10e-02 1611s
09/16/2026 10:08:04 - INFO - __main__ - Validation Results step 4000: Accuracy 0.87306 (best 0.87306)
09/16/2026 10:08:33 - INFO - __main__ - Training (4100 / 10000 Steps) (loss=0.3414) lr=2.06e-02 1788s
09/16/2026 10:09:02 - INFO - __main__ - Training (4200 / 10000 Steps) (loss=0.2839) lr=2.01e-02 1817s
09/16/2026 10:09:30 - INFO - __main__ - Training (4300 / 10000 Steps) (loss=0.1908) lr=1.96e-02 1846s
09/16/2026 10:09:59 - INFO - __main__ - Training (4400 / 10000 Steps) (loss=0.4278) lr=1.92e-02 1875s
09/16/2026 10:10:29 - INFO - __main__ - Training (4500 / 10000 Steps) (loss=0.0369) lr=1.87e-02 1904s
09/16/2026 10:10:58 - INFO - __main__ - Training (4600 / 10000 Steps) (loss=0.1353) lr=1.82e-02 1933s
09/16/2026 10:11:27 - INFO - __main__ - Training (4700 / 10000 Steps) (loss=0.1433) lr=1.77e-02 1962s
09/16/2026 10:11:56 - INFO - __main__ - Training (4800 / 10000 Steps) (loss=0.6598) lr=1.72e-02 1991s
09/16/2026 10:12:24 - INFO - __main__ - Training (4900 / 10000 Steps) (loss=0.2250) lr=1.67e-02 2020s
09/16/2026 10:12:53 - INFO - __main__ - Training (5000 / 10000 Steps) (loss=0.1579) lr=1.62e-02 2049s
09/16/2026 10:15:22 - INFO - __main__ - Validation Results step 5000: Accuracy 0.88105 (best 0.88105)
09/16/2026 10:15:51 - INFO - __main__ - Training (5100 / 10000 Steps) (loss=0.1553) lr=1.57e-02 2226s
09/16/2026 10:16:20 - INFO - __main__ - Training (5200 / 10000 Steps) (loss=0.1572) lr=1.52e-02 2256s
09/16/2026 10:16:49 - INFO - __main__ - Training (5300 / 10000 Steps) (loss=0.1589) lr=1.48e-02 2285s
09/16/2026 10:17:18 - INFO - __main__ - Training (5400 / 10000 Steps) (loss=0.0835) lr=1.43e-02 2314s
09/16/2026 10:17:48 - INFO - __main__ - Training (5500 / 10000 Steps) (loss=0.0409) lr=1.38e-02 2343s
09/16/2026 10:18:17 - INFO - __main__ - Training (5600 / 10000 Steps) (loss=0.0996) lr=1.33e-02 2372s
09/16/2026 10:18:46 - INFO - __main__ - Training (5700 / 10000 Steps) (loss=0.1583) lr=1.28e-02 2401s
09/16/2026 10:19:15 - INFO - __main__ - Training (5800 / 10000 Steps) (loss=0.1615) lr=1.23e-02 2430s
09/16/2026 10:19:44 - INFO - __main__ - Training (5900 / 10000 Steps) (loss=0.1880) lr=1.18e-02 2459s
09/16/2026 10:20:13 - INFO - __main__ - Training (6000 / 10000 Steps) (loss=0.0631) lr=1.13e-02 2488s
09/16/2026 10:22:41 - INFO - __main__ - Validation Results step 6000: Accuracy 0.89486 (best 0.89486)
09/16/2026 10:23:10 - INFO - __main__ - Training (6100 / 10000 Steps) (loss=0.0254) lr=1.08e-02 2666s
09/16/2026 10:23:39 - INFO - __main__ - Training (6200 / 10000 Steps) (loss=0.0723) lr=1.04e-02 2695s
09/16/2026 10:24:08 - INFO - __main__ - Training (6300 / 10000 Steps) (loss=0.0206) lr=9.90e-03 2724s
09/16/2026 10:24:37 - INFO - __main__ - Training (6400 / 10000 Steps) (loss=0.0734) lr=9.43e-03 2753s
09/16/2026 10:25:06 - INFO - __main__ - Training (6500 / 10000 Steps) (loss=0.1288) lr=8.97e-03 2782s
09/16/2026 10:25:35 - INFO - __main__ - Training (6600 / 10000 Steps) (loss=0.2004) lr=8.52e-03 2811s
09/16/2026 10:26:04 - INFO - __main__ - Training (6700 / 10000 Steps) (loss=0.3563) lr=8.08e-03 2840s
09/16/2026 10:26:33 - INFO - __main__ - Training (6800 / 10000 Steps) (loss=0.1378) lr=7.64e-03 2869s
09/16/2026 10:27:02 - INFO - __main__ - Training (6900 / 10000 Steps) (loss=0.0223) lr=7.22e-03 2898s
09/16/2026 10:27:31 - INFO - __main__ - Training (7000 / 10000 Steps) (loss=0.1188) lr=6.80e-03 2927s
09/16/2026 10:30:00 - INFO - __main__ - Validation Results step 7000: Accuracy 0.90346 (best 0.90346)
09/16/2026 10:30:29 - INFO - __main__ - Training (7100 / 10000 Steps) (loss=0.0885) lr=6.39e-03 3104s
09/16/2026 10:30:58 - INFO - __main__ - Training (7200 / 10000 Steps) (loss=0.0389) lr=5.98e-03 3133s
09/16/2026 10:31:27 - INFO - __main__ - Training (7300 / 10000 Steps) (loss=0.0411) lr=5.59e-03 3163s
09/16/2026 10:31:56 - INFO - __main__ - Training (7400 / 10000 Steps) (loss=0.0934) lr=5.21e-03 3192s
09/16/2026 10:32:26 - INFO - __main__ - Training (7500 / 10000 Steps) (loss=0.0119) lr=4.84e-03 3221s
09/16/2026 10:32:55 - INFO - __main__ - Training (7600 / 10000 Steps) (loss=0.0192) lr=4.48e-03 3250s
09/16/2026 10:33:24 - INFO - __main__ - Training (7700 / 10000 Steps) (loss=0.0114) lr=4.13e-03 3279s
09/16/2026 10:33:53 - INFO - __main__ - Training (7800 / 10000 Steps) (loss=0.0378) lr=3.80e-03 3308s
09/16/2026 10:34:22 - INFO - __main__ - Training (7900 / 10000 Steps) (loss=0.0714) lr=3.47e-03 3338s
09/16/2026 10:34:51 - INFO - __main__ - Training (8000 / 10000 Steps) (loss=0.0289) lr=3.16e-03 3367s
09/16/2026 10:37:20 - INFO - __main__ - Validation Results step 8000: Accuracy 0.90793 (best 0.90793)
09/16/2026 10:37:49 - INFO - __main__ - Training (8100 / 10000 Steps) (loss=0.0333) lr=2.86e-03 3544s
09/16/2026 10:38:18 - INFO - __main__ - Training (8200 / 10000 Steps) (loss=0.0344) lr=2.58e-03 3573s
09/16/2026 10:38:47 - INFO - __main__ - Training (8300 / 10000 Steps) (loss=0.0279) lr=2.31e-03 3602s
09/16/2026 10:39:16 - INFO - __main__ - Training (8400 / 10000 Steps) (loss=0.0283) lr=2.05e-03 3631s
09/16/2026 10:39:45 - INFO - __main__ - Training (8500 / 10000 Steps) (loss=0.1392) lr=1.81e-03 3660s
09/16/2026 10:40:14 - INFO - __main__ - Training (8600 / 10000 Steps) (loss=0.0362) lr=1.58e-03 3689s
09/16/2026 10:40:43 - INFO - __main__ - Training (8700 / 10000 Steps) (loss=0.0325) lr=1.36e-03 3718s
09/16/2026 10:41:12 - INFO - __main__ - Training (8800 / 10000 Steps) (loss=0.1144) lr=1.17e-03 3747s
09/16/2026 10:41:41 - INFO - __main__ - Training (8900 / 10000 Steps) (loss=0.0478) lr=9.82e-04 3776s
09/16/2026 10:42:10 - INFO - __main__ - Training (9000 / 10000 Steps) (loss=0.0472) lr=8.13e-04 3805s
09/16/2026 10:44:38 - INFO - __main__ - Validation Results step 9000: Accuracy 0.91049 (best 0.91049)
09/16/2026 10:45:07 - INFO - __main__ - Training (9100 / 10000 Steps) (loss=0.0340) lr=6.59e-04 3983s
09/16/2026 10:45:37 - INFO - __main__ - Training (9200 / 10000 Steps) (loss=0.0826) lr=5.22e-04 4012s
09/16/2026 10:46:05 - INFO - __main__ - Training (9300 / 10000 Steps) (loss=0.0146) lr=4.00e-04 4041s
09/16/2026 10:46:34 - INFO - __main__ - Training (9400 / 10000 Steps) (loss=0.0454) lr=2.94e-04 4070s
09/16/2026 10:47:03 - INFO - __main__ - Training (9500 / 10000 Steps) (loss=0.0749) lr=2.05e-04 4099s
09/16/2026 10:47:32 - INFO - __main__ - Training (9600 / 10000 Steps) (loss=0.0466) lr=1.31e-04 4128s
09/16/2026 10:48:01 - INFO - __main__ - Training (9700 / 10000 Steps) (loss=0.0168) lr=7.38e-05 4157s
09/16/2026 10:48:30 - INFO - __main__ - Training (9800 / 10000 Steps) (loss=0.0235) lr=3.28e-05 4186s
09/16/2026 10:48:59 - INFO - __main__ - Training (9900 / 10000 Steps) (loss=0.0498) lr=8.20e-06 4214s
09/16/2026 10:49:28 - INFO - __main__ - Training (10000 / 10000 Steps) (loss=0.0478) lr=0.00e+00 4243s
09/16/2026 10:51:56 - INFO - __main__ - Validation Results step 10000: Accuracy 0.91004 (best 0.91049)
09/16/2026 10:51:56 - INFO - __main__ - Best Accuracy: 	0.910486
09/16/2026 10:51:56 - INFO - __main__ - End Training!
