/opt/anaconda3/envs/fal-wyh/lib/python3.9/site-packages/torchvision/transforms/transforms.py:329: UserWarning: Argument 'interpolation' of type int is deprecated since 0.13 and will be removed in 0.15. Please use InterpolationMode enum.
  warnings.warn(
09/16/2026 00:50:10 - INFO - models.modeling - load_pretrained: resized variant: torch.Size([1, 197, 768]) to torch.Size([1, 785, 768])
09/16/2026 00:50:11 - INFO - __main__ - Training parameters Namespace(data_root='/home/savo_shen/data_crops/car/raw', name='car_raw', output_dir='output', pretrained='/home/savo_shen/Programs/FAL-ViT-main-wyh/imagenet21k_ViT-B_16.npz', img_size=448, train_batch_size=16, grad_accum=1, eval_batch_size=64, learning_rate=0.03, weight_decay=0.0, num_steps=10000, warmup_steps=500, eval_every=1000, max_grad_norm=1.0, num_workers=8, seed=42)
09/16/2026 00:50:11 - INFO - __main__ - effective batch = 16
09/16/2026 00:50:11 - INFO - __main__ - classes=196 train=8144 test=8041
load_pretrained: grid-size from 14 to 28
09/16/2026 00:50:43 - INFO - __main__ - Training (100 / 10000 Steps) (loss=5.2495) lr=6.00e-03 32s
09/16/2026 00:51:12 - INFO - __main__ - Training (200 / 10000 Steps) (loss=5.1013) lr=1.20e-02 61s
09/16/2026 00:51:41 - INFO - __main__ - Training (300 / 10000 Steps) (loss=4.5779) lr=1.80e-02 90s
09/16/2026 00:52:10 - INFO - __main__ - Training (400 / 10000 Steps) (loss=4.2433) lr=2.40e-02 119s
09/16/2026 00:52:39 - INFO - __main__ - Training (500 / 10000 Steps) (loss=3.8478) lr=3.00e-02 148s
09/16/2026 00:53:08 - INFO - __main__ - Training (600 / 10000 Steps) (loss=3.5382) lr=3.00e-02 177s
09/16/2026 00:53:37 - INFO - __main__ - Training (700 / 10000 Steps) (loss=3.3613) lr=3.00e-02 206s
09/16/2026 00:54:06 - INFO - __main__ - Training (800 / 10000 Steps) (loss=3.0741) lr=2.99e-02 235s
09/16/2026 00:54:35 - INFO - __main__ - Training (900 / 10000 Steps) (loss=2.3794) lr=2.99e-02 264s
09/16/2026 00:55:04 - INFO - __main__ - Training (1000 / 10000 Steps) (loss=2.2375) lr=2.98e-02 293s
09/16/2026 00:55:56 - INFO - __main__ - Validation Results step 1000: Accuracy 0.37769 (best 0.37769)
09/16/2026 00:56:25 - INFO - __main__ - Training (1100 / 10000 Steps) (loss=1.6303) lr=2.97e-02 374s
09/16/2026 00:56:54 - INFO - __main__ - Training (1200 / 10000 Steps) (loss=2.1277) lr=2.96e-02 403s
09/16/2026 00:57:23 - INFO - __main__ - Training (1300 / 10000 Steps) (loss=2.4353) lr=2.95e-02 432s
09/16/2026 00:57:52 - INFO - __main__ - Training (1400 / 10000 Steps) (loss=1.4168) lr=2.93e-02 461s
09/16/2026 00:58:21 - INFO - __main__ - Training (1500 / 10000 Steps) (loss=1.2908) lr=2.92e-02 490s
09/16/2026 00:58:51 - INFO - __main__ - Training (1600 / 10000 Steps) (loss=1.3132) lr=2.90e-02 519s
09/16/2026 00:59:20 - INFO - __main__ - Training (1700 / 10000 Steps) (loss=1.4559) lr=2.88e-02 548s
09/16/2026 00:59:49 - INFO - __main__ - Training (1800 / 10000 Steps) (loss=1.1891) lr=2.86e-02 577s
09/16/2026 01:00:17 - INFO - __main__ - Training (1900 / 10000 Steps) (loss=1.1485) lr=2.84e-02 606s
09/16/2026 01:00:46 - INFO - __main__ - Training (2000 / 10000 Steps) (loss=1.4218) lr=2.82e-02 635s
09/16/2026 01:01:36 - INFO - __main__ - Validation Results step 2000: Accuracy 0.69195 (best 0.69195)
09/16/2026 01:02:05 - INFO - __main__ - Training (2100 / 10000 Steps) (loss=1.2403) lr=2.79e-02 714s
09/16/2026 01:02:34 - INFO - __main__ - Training (2200 / 10000 Steps) (loss=0.9024) lr=2.77e-02 743s
09/16/2026 01:03:03 - INFO - __main__ - Training (2300 / 10000 Steps) (loss=0.7178) lr=2.74e-02 772s
09/16/2026 01:03:32 - INFO - __main__ - Training (2400 / 10000 Steps) (loss=0.6404) lr=2.71e-02 801s
09/16/2026 01:04:01 - INFO - __main__ - Training (2500 / 10000 Steps) (loss=0.8823) lr=2.68e-02 830s
09/16/2026 01:04:30 - INFO - __main__ - Training (2600 / 10000 Steps) (loss=0.6585) lr=2.65e-02 859s
09/16/2026 01:04:59 - INFO - __main__ - Training (2700 / 10000 Steps) (loss=0.5528) lr=2.62e-02 888s
09/16/2026 01:05:28 - INFO - __main__ - Training (2800 / 10000 Steps) (loss=0.7931) lr=2.59e-02 917s
09/16/2026 01:05:57 - INFO - __main__ - Training (2900 / 10000 Steps) (loss=0.8489) lr=2.55e-02 946s
09/16/2026 01:06:26 - INFO - __main__ - Training (3000 / 10000 Steps) (loss=0.5528) lr=2.52e-02 975s
09/16/2026 01:07:16 - INFO - __main__ - Validation Results step 3000: Accuracy 0.79940 (best 0.79940)
09/16/2026 01:07:45 - INFO - __main__ - Training (3100 / 10000 Steps) (loss=0.2245) lr=2.48e-02 1054s
09/16/2026 01:08:14 - INFO - __main__ - Training (3200 / 10000 Steps) (loss=0.5553) lr=2.44e-02 1083s
09/16/2026 01:08:43 - INFO - __main__ - Training (3300 / 10000 Steps) (loss=0.3548) lr=2.40e-02 1112s
09/16/2026 01:09:12 - INFO - __main__ - Training (3400 / 10000 Steps) (loss=0.3700) lr=2.36e-02 1141s
09/16/2026 01:09:41 - INFO - __main__ - Training (3500 / 10000 Steps) (loss=0.5025) lr=2.32e-02 1170s
09/16/2026 01:10:11 - INFO - __main__ - Training (3600 / 10000 Steps) (loss=0.1642) lr=2.28e-02 1199s
09/16/2026 01:10:40 - INFO - __main__ - Training (3700 / 10000 Steps) (loss=0.1062) lr=2.24e-02 1228s
09/16/2026 01:11:09 - INFO - __main__ - Training (3800 / 10000 Steps) (loss=0.1988) lr=2.19e-02 1257s
09/16/2026 01:11:38 - INFO - __main__ - Training (3900 / 10000 Steps) (loss=0.2943) lr=2.15e-02 1286s
09/16/2026 01:12:07 - INFO - __main__ - Training (4000 / 10000 Steps) (loss=0.3680) lr=2.10e-02 1315s
09/16/2026 01:12:57 - INFO - __main__ - Validation Results step 4000: Accuracy 0.83808 (best 0.83808)
09/16/2026 01:13:26 - INFO - __main__ - Training (4100 / 10000 Steps) (loss=0.1294) lr=2.06e-02 1395s
09/16/2026 01:13:55 - INFO - __main__ - Training (4200 / 10000 Steps) (loss=0.1953) lr=2.01e-02 1424s
09/16/2026 01:14:24 - INFO - __main__ - Training (4300 / 10000 Steps) (loss=0.1750) lr=1.96e-02 1453s
09/16/2026 01:14:53 - INFO - __main__ - Training (4400 / 10000 Steps) (loss=0.4703) lr=1.92e-02 1482s
09/16/2026 01:15:22 - INFO - __main__ - Training (4500 / 10000 Steps) (loss=0.3484) lr=1.87e-02 1511s
09/16/2026 01:15:51 - INFO - __main__ - Training (4600 / 10000 Steps) (loss=0.1684) lr=1.82e-02 1540s
09/16/2026 01:16:20 - INFO - __main__ - Training (4700 / 10000 Steps) (loss=0.0793) lr=1.77e-02 1569s
09/16/2026 01:16:49 - INFO - __main__ - Training (4800 / 10000 Steps) (loss=0.1449) lr=1.72e-02 1598s
09/16/2026 01:17:18 - INFO - __main__ - Training (4900 / 10000 Steps) (loss=0.2410) lr=1.67e-02 1627s
09/16/2026 01:17:47 - INFO - __main__ - Training (5000 / 10000 Steps) (loss=0.2020) lr=1.62e-02 1656s
09/16/2026 01:18:37 - INFO - __main__ - Validation Results step 5000: Accuracy 0.84840 (best 0.84840)
09/16/2026 01:19:06 - INFO - __main__ - Training (5100 / 10000 Steps) (loss=0.0603) lr=1.57e-02 1735s
09/16/2026 01:19:35 - INFO - __main__ - Training (5200 / 10000 Steps) (loss=0.2568) lr=1.52e-02 1764s
09/16/2026 01:20:04 - INFO - __main__ - Training (5300 / 10000 Steps) (loss=0.1806) lr=1.48e-02 1793s
09/16/2026 01:20:33 - INFO - __main__ - Training (5400 / 10000 Steps) (loss=0.0402) lr=1.43e-02 1822s
09/16/2026 01:21:02 - INFO - __main__ - Training (5500 / 10000 Steps) (loss=0.0622) lr=1.38e-02 1851s
09/16/2026 01:21:31 - INFO - __main__ - Training (5600 / 10000 Steps) (loss=0.0233) lr=1.33e-02 1880s
09/16/2026 01:22:00 - INFO - __main__ - Training (5700 / 10000 Steps) (loss=0.0157) lr=1.28e-02 1909s
09/16/2026 01:22:29 - INFO - __main__ - Training (5800 / 10000 Steps) (loss=0.2201) lr=1.23e-02 1938s
09/16/2026 01:22:58 - INFO - __main__ - Training (5900 / 10000 Steps) (loss=0.0414) lr=1.18e-02 1967s
09/16/2026 01:23:27 - INFO - __main__ - Training (6000 / 10000 Steps) (loss=0.1176) lr=1.13e-02 1996s
09/16/2026 01:24:17 - INFO - __main__ - Validation Results step 6000: Accuracy 0.86221 (best 0.86221)
09/16/2026 01:24:46 - INFO - __main__ - Training (6100 / 10000 Steps) (loss=0.0623) lr=1.08e-02 2074s
09/16/2026 01:25:15 - INFO - __main__ - Training (6200 / 10000 Steps) (loss=0.0146) lr=1.04e-02 2104s
09/16/2026 01:25:44 - INFO - __main__ - Training (6300 / 10000 Steps) (loss=0.0220) lr=9.90e-03 2133s
09/16/2026 01:26:13 - INFO - __main__ - Training (6400 / 10000 Steps) (loss=0.0176) lr=9.43e-03 2162s
09/16/2026 01:26:42 - INFO - __main__ - Training (6500 / 10000 Steps) (loss=0.0912) lr=8.97e-03 2191s
09/16/2026 01:27:11 - INFO - __main__ - Training (6600 / 10000 Steps) (loss=0.0092) lr=8.52e-03 2220s
09/16/2026 01:27:40 - INFO - __main__ - Training (6700 / 10000 Steps) (loss=0.1227) lr=8.08e-03 2249s
09/16/2026 01:28:09 - INFO - __main__ - Training (6800 / 10000 Steps) (loss=0.0352) lr=7.64e-03 2278s
09/16/2026 01:28:38 - INFO - __main__ - Training (6900 / 10000 Steps) (loss=0.0608) lr=7.22e-03 2307s
09/16/2026 01:29:07 - INFO - __main__ - Training (7000 / 10000 Steps) (loss=0.0355) lr=6.80e-03 2336s
09/16/2026 01:29:56 - INFO - __main__ - Validation Results step 7000: Accuracy 0.87651 (best 0.87651)
09/16/2026 01:30:25 - INFO - __main__ - Training (7100 / 10000 Steps) (loss=0.0107) lr=6.39e-03 2414s
09/16/2026 01:30:54 - INFO - __main__ - Training (7200 / 10000 Steps) (loss=0.0113) lr=5.98e-03 2443s
09/16/2026 01:31:23 - INFO - __main__ - Training (7300 / 10000 Steps) (loss=0.0049) lr=5.59e-03 2472s
09/16/2026 01:31:52 - INFO - __main__ - Training (7400 / 10000 Steps) (loss=0.0063) lr=5.21e-03 2501s
09/16/2026 01:32:21 - INFO - __main__ - Training (7500 / 10000 Steps) (loss=0.0218) lr=4.84e-03 2530s
09/16/2026 01:32:50 - INFO - __main__ - Training (7600 / 10000 Steps) (loss=0.0150) lr=4.48e-03 2559s
09/16/2026 01:33:20 - INFO - __main__ - Training (7700 / 10000 Steps) (loss=0.0123) lr=4.13e-03 2588s
09/16/2026 01:33:49 - INFO - __main__ - Training (7800 / 10000 Steps) (loss=0.0148) lr=3.80e-03 2617s
09/16/2026 01:34:17 - INFO - __main__ - Training (7900 / 10000 Steps) (loss=0.0040) lr=3.47e-03 2646s
09/16/2026 01:34:46 - INFO - __main__ - Training (8000 / 10000 Steps) (loss=0.0066) lr=3.16e-03 2675s
09/16/2026 01:35:36 - INFO - __main__ - Validation Results step 8000: Accuracy 0.88198 (best 0.88198)
09/16/2026 01:36:05 - INFO - __main__ - Training (8100 / 10000 Steps) (loss=0.0094) lr=2.86e-03 2754s
09/16/2026 01:36:34 - INFO - __main__ - Training (8200 / 10000 Steps) (loss=0.0043) lr=2.58e-03 2783s
09/16/2026 01:37:03 - INFO - __main__ - Training (8300 / 10000 Steps) (loss=0.0164) lr=2.31e-03 2812s
09/16/2026 01:37:32 - INFO - __main__ - Training (8400 / 10000 Steps) (loss=0.0213) lr=2.05e-03 2841s
09/16/2026 01:38:01 - INFO - __main__ - Training (8500 / 10000 Steps) (loss=0.0026) lr=1.81e-03 2870s
09/16/2026 01:38:30 - INFO - __main__ - Training (8600 / 10000 Steps) (loss=0.0207) lr=1.58e-03 2899s
09/16/2026 01:39:00 - INFO - __main__ - Training (8700 / 10000 Steps) (loss=0.0076) lr=1.36e-03 2928s
09/16/2026 01:39:29 - INFO - __main__ - Training (8800 / 10000 Steps) (loss=0.0223) lr=1.17e-03 2957s
09/16/2026 01:39:57 - INFO - __main__ - Training (8900 / 10000 Steps) (loss=0.0050) lr=9.82e-04 2986s
09/16/2026 01:40:26 - INFO - __main__ - Training (9000 / 10000 Steps) (loss=0.0086) lr=8.13e-04 3015s
09/16/2026 01:41:16 - INFO - __main__ - Validation Results step 9000: Accuracy 0.88633 (best 0.88633)
09/16/2026 01:41:45 - INFO - __main__ - Training (9100 / 10000 Steps) (loss=0.0750) lr=6.59e-04 3094s
09/16/2026 01:42:15 - INFO - __main__ - Training (9200 / 10000 Steps) (loss=0.0383) lr=5.22e-04 3123s
09/16/2026 01:42:44 - INFO - __main__ - Training (9300 / 10000 Steps) (loss=0.0059) lr=4.00e-04 3152s
09/16/2026 01:43:13 - INFO - __main__ - Training (9400 / 10000 Steps) (loss=0.0075) lr=2.94e-04 3182s
09/16/2026 01:43:42 - INFO - __main__ - Training (9500 / 10000 Steps) (loss=0.0060) lr=2.05e-04 3211s
09/16/2026 01:44:11 - INFO - __main__ - Training (9600 / 10000 Steps) (loss=0.0238) lr=1.31e-04 3240s
09/16/2026 01:44:41 - INFO - __main__ - Training (9700 / 10000 Steps) (loss=0.0029) lr=7.38e-05 3269s
09/16/2026 01:45:09 - INFO - __main__ - Training (9800 / 10000 Steps) (loss=0.0068) lr=3.28e-05 3298s
09/16/2026 01:45:38 - INFO - __main__ - Training (9900 / 10000 Steps) (loss=0.0120) lr=8.20e-06 3327s
09/16/2026 01:46:07 - INFO - __main__ - Training (10000 / 10000 Steps) (loss=0.0067) lr=0.00e+00 3356s
09/16/2026 01:46:57 - INFO - __main__ - Validation Results step 10000: Accuracy 0.88733 (best 0.88733)
09/16/2026 01:46:57 - INFO - __main__ - Best Accuracy: 	0.887327
09/16/2026 01:46:57 - INFO - __main__ - End Training!
