/opt/anaconda3/envs/fal-wyh/lib/python3.9/site-packages/torchvision/transforms/transforms.py:329: UserWarning: Argument 'interpolation' of type int is deprecated since 0.13 and will be removed in 0.15. Please use InterpolationMode enum.
  warnings.warn(
09/16/2026 21:59:47 - INFO - models.modeling - load_pretrained: resized variant: torch.Size([1, 197, 768]) to torch.Size([1, 785, 768])
09/16/2026 21:59:49 - INFO - __main__ - Training parameters Namespace(data_root='/home/savo_shen/data_crops/dog/dinov3_sq', name='dog_dinov3_sq_s1', output_dir='output', pretrained='/home/savo_shen/Programs/FAL-ViT-main-wyh/imagenet21k_ViT-B_16.npz', img_size=448, train_batch_size=16, grad_accum=1, eval_batch_size=64, learning_rate=0.03, weight_decay=0.0, num_steps=10000, warmup_steps=500, eval_every=1000, max_grad_norm=1.0, num_workers=8, seed=1)
09/16/2026 21:59:49 - INFO - __main__ - effective batch = 16
09/16/2026 21:59:49 - INFO - __main__ - classes=120 train=12000 test=8580
load_pretrained: grid-size from 14 to 28
09/16/2026 22:00:21 - INFO - __main__ - Training (100 / 10000 Steps) (loss=4.6213) lr=6.00e-03 32s
09/16/2026 22:00:50 - INFO - __main__ - Training (200 / 10000 Steps) (loss=3.8326) lr=1.20e-02 61s
09/16/2026 22:01:19 - INFO - __main__ - Training (300 / 10000 Steps) (loss=2.6904) lr=1.80e-02 90s
09/16/2026 22:01:48 - INFO - __main__ - Training (400 / 10000 Steps) (loss=1.1328) lr=2.40e-02 119s
09/16/2026 22:02:17 - INFO - __main__ - Training (500 / 10000 Steps) (loss=0.6571) lr=3.00e-02 149s
09/16/2026 22:02:46 - INFO - __main__ - Training (600 / 10000 Steps) (loss=0.7372) lr=3.00e-02 178s
09/16/2026 22:03:16 - INFO - __main__ - Training (700 / 10000 Steps) (loss=0.6408) lr=3.00e-02 207s
09/16/2026 22:03:45 - INFO - __main__ - Training (800 / 10000 Steps) (loss=0.2017) lr=2.99e-02 236s
09/16/2026 22:04:14 - INFO - __main__ - Training (900 / 10000 Steps) (loss=0.4630) lr=2.99e-02 266s
09/16/2026 22:04:43 - INFO - __main__ - Training (1000 / 10000 Steps) (loss=0.4962) lr=2.98e-02 295s
09/16/2026 22:05:39 - INFO - __main__ - Validation Results step 1000: Accuracy 0.87145 (best 0.87145)
09/16/2026 22:06:08 - INFO - __main__ - Training (1100 / 10000 Steps) (loss=0.8539) lr=2.97e-02 380s
09/16/2026 22:06:38 - INFO - __main__ - Training (1200 / 10000 Steps) (loss=0.6221) lr=2.96e-02 409s
09/16/2026 22:07:07 - INFO - __main__ - Training (1300 / 10000 Steps) (loss=0.3223) lr=2.95e-02 438s
09/16/2026 22:07:36 - INFO - __main__ - Training (1400 / 10000 Steps) (loss=0.6596) lr=2.93e-02 467s
09/16/2026 22:08:05 - INFO - __main__ - Training (1500 / 10000 Steps) (loss=0.2222) lr=2.92e-02 496s
09/16/2026 22:08:34 - INFO - __main__ - Training (1600 / 10000 Steps) (loss=0.3025) lr=2.90e-02 526s
09/16/2026 22:09:04 - INFO - __main__ - Training (1700 / 10000 Steps) (loss=0.5355) lr=2.88e-02 555s
09/16/2026 22:09:33 - INFO - __main__ - Training (1800 / 10000 Steps) (loss=0.3648) lr=2.86e-02 584s
09/16/2026 22:10:02 - INFO - __main__ - Training (1900 / 10000 Steps) (loss=0.1697) lr=2.84e-02 613s
09/16/2026 22:10:31 - INFO - __main__ - Training (2000 / 10000 Steps) (loss=0.2166) lr=2.82e-02 643s
09/16/2026 22:11:26 - INFO - __main__ - Validation Results step 2000: Accuracy 0.86026 (best 0.87145)
09/16/2026 22:11:55 - INFO - __main__ - Training (2100 / 10000 Steps) (loss=0.3078) lr=2.79e-02 726s
09/16/2026 22:12:24 - INFO - __main__ - Training (2200 / 10000 Steps) (loss=0.3835) lr=2.77e-02 755s
09/16/2026 22:12:53 - INFO - __main__ - Training (2300 / 10000 Steps) (loss=0.5135) lr=2.74e-02 785s
09/16/2026 22:13:22 - INFO - __main__ - Training (2400 / 10000 Steps) (loss=0.0436) lr=2.71e-02 814s
09/16/2026 22:13:52 - INFO - __main__ - Training (2500 / 10000 Steps) (loss=0.4036) lr=2.68e-02 843s
09/16/2026 22:14:21 - INFO - __main__ - Training (2600 / 10000 Steps) (loss=0.2187) lr=2.65e-02 872s
09/16/2026 22:14:50 - INFO - __main__ - Training (2700 / 10000 Steps) (loss=0.6194) lr=2.62e-02 901s
09/16/2026 22:15:19 - INFO - __main__ - Training (2800 / 10000 Steps) (loss=0.4143) lr=2.59e-02 931s
09/16/2026 22:15:48 - INFO - __main__ - Training (2900 / 10000 Steps) (loss=0.0353) lr=2.55e-02 960s
09/16/2026 22:16:18 - INFO - __main__ - Training (3000 / 10000 Steps) (loss=0.3248) lr=2.52e-02 989s
09/16/2026 22:17:12 - INFO - __main__ - Validation Results step 3000: Accuracy 0.87145 (best 0.87145)
09/16/2026 22:17:41 - INFO - __main__ - Training (3100 / 10000 Steps) (loss=0.0362) lr=2.48e-02 1072s
09/16/2026 22:18:10 - INFO - __main__ - Training (3200 / 10000 Steps) (loss=0.0395) lr=2.44e-02 1102s
09/16/2026 22:18:40 - INFO - __main__ - Training (3300 / 10000 Steps) (loss=0.2268) lr=2.40e-02 1131s
09/16/2026 22:19:09 - INFO - __main__ - Training (3400 / 10000 Steps) (loss=0.0248) lr=2.36e-02 1160s
09/16/2026 22:19:38 - INFO - __main__ - Training (3500 / 10000 Steps) (loss=0.1821) lr=2.32e-02 1189s
09/16/2026 22:20:07 - INFO - __main__ - Training (3600 / 10000 Steps) (loss=0.1726) lr=2.28e-02 1218s
09/16/2026 22:20:36 - INFO - __main__ - Training (3700 / 10000 Steps) (loss=0.1117) lr=2.24e-02 1248s
09/16/2026 22:21:06 - INFO - __main__ - Training (3800 / 10000 Steps) (loss=0.1414) lr=2.19e-02 1277s
09/16/2026 22:21:35 - INFO - __main__ - Training (3900 / 10000 Steps) (loss=0.3830) lr=2.15e-02 1306s
09/16/2026 22:22:04 - INFO - __main__ - Training (4000 / 10000 Steps) (loss=0.4503) lr=2.10e-02 1335s
09/16/2026 22:22:57 - INFO - __main__ - Validation Results step 4000: Accuracy 0.88462 (best 0.88462)
09/16/2026 22:23:27 - INFO - __main__ - Training (4100 / 10000 Steps) (loss=0.1869) lr=2.06e-02 1418s
09/16/2026 22:23:56 - INFO - __main__ - Training (4200 / 10000 Steps) (loss=0.0627) lr=2.01e-02 1447s
09/16/2026 22:24:25 - INFO - __main__ - Training (4300 / 10000 Steps) (loss=0.0701) lr=1.96e-02 1476s
09/16/2026 22:24:54 - INFO - __main__ - Training (4400 / 10000 Steps) (loss=0.3066) lr=1.92e-02 1505s
09/16/2026 22:25:23 - INFO - __main__ - Training (4500 / 10000 Steps) (loss=0.0383) lr=1.87e-02 1535s
09/16/2026 22:25:53 - INFO - __main__ - Training (4600 / 10000 Steps) (loss=0.2313) lr=1.82e-02 1564s
09/16/2026 22:26:22 - INFO - __main__ - Training (4700 / 10000 Steps) (loss=0.0131) lr=1.77e-02 1593s
09/16/2026 22:26:51 - INFO - __main__ - Training (4800 / 10000 Steps) (loss=0.0196) lr=1.72e-02 1622s
09/16/2026 22:27:20 - INFO - __main__ - Training (4900 / 10000 Steps) (loss=0.0322) lr=1.67e-02 1651s
09/16/2026 22:27:49 - INFO - __main__ - Training (5000 / 10000 Steps) (loss=0.2959) lr=1.62e-02 1681s
09/16/2026 22:28:42 - INFO - __main__ - Validation Results step 5000: Accuracy 0.88625 (best 0.88625)
09/16/2026 22:29:12 - INFO - __main__ - Training (5100 / 10000 Steps) (loss=0.2785) lr=1.57e-02 1763s
09/16/2026 22:29:41 - INFO - __main__ - Training (5200 / 10000 Steps) (loss=0.0301) lr=1.52e-02 1792s
09/16/2026 22:30:10 - INFO - __main__ - Training (5300 / 10000 Steps) (loss=0.0555) lr=1.48e-02 1821s
09/16/2026 22:30:39 - INFO - __main__ - Training (5400 / 10000 Steps) (loss=0.2519) lr=1.43e-02 1851s
09/16/2026 22:31:08 - INFO - __main__ - Training (5500 / 10000 Steps) (loss=0.0164) lr=1.38e-02 1880s
09/16/2026 22:31:38 - INFO - __main__ - Training (5600 / 10000 Steps) (loss=0.0048) lr=1.33e-02 1909s
09/16/2026 22:32:07 - INFO - __main__ - Training (5700 / 10000 Steps) (loss=0.0506) lr=1.28e-02 1938s
09/16/2026 22:32:36 - INFO - __main__ - Training (5800 / 10000 Steps) (loss=0.0136) lr=1.23e-02 1967s
09/16/2026 22:33:05 - INFO - __main__ - Training (5900 / 10000 Steps) (loss=0.1953) lr=1.18e-02 1996s
09/16/2026 22:33:34 - INFO - __main__ - Training (6000 / 10000 Steps) (loss=0.2232) lr=1.13e-02 2025s
09/16/2026 22:34:28 - INFO - __main__ - Validation Results step 6000: Accuracy 0.89126 (best 0.89126)
09/16/2026 22:34:57 - INFO - __main__ - Training (6100 / 10000 Steps) (loss=0.0105) lr=1.08e-02 2109s
09/16/2026 22:35:27 - INFO - __main__ - Training (6200 / 10000 Steps) (loss=0.0097) lr=1.04e-02 2138s
09/16/2026 22:35:56 - INFO - __main__ - Training (6300 / 10000 Steps) (loss=0.0662) lr=9.90e-03 2167s
09/16/2026 22:36:25 - INFO - __main__ - Training (6400 / 10000 Steps) (loss=0.0110) lr=9.43e-03 2196s
09/16/2026 22:36:54 - INFO - __main__ - Training (6500 / 10000 Steps) (loss=0.0513) lr=8.97e-03 2225s
09/16/2026 22:37:23 - INFO - __main__ - Training (6600 / 10000 Steps) (loss=0.0095) lr=8.52e-03 2254s
09/16/2026 22:37:52 - INFO - __main__ - Training (6700 / 10000 Steps) (loss=0.0763) lr=8.08e-03 2283s
09/16/2026 22:38:21 - INFO - __main__ - Training (6800 / 10000 Steps) (loss=0.0021) lr=7.64e-03 2313s
09/16/2026 22:38:50 - INFO - __main__ - Training (6900 / 10000 Steps) (loss=0.0231) lr=7.22e-03 2342s
09/16/2026 22:39:19 - INFO - __main__ - Training (7000 / 10000 Steps) (loss=0.0042) lr=6.80e-03 2371s
09/16/2026 22:40:14 - INFO - __main__ - Validation Results step 7000: Accuracy 0.89615 (best 0.89615)
09/16/2026 22:40:43 - INFO - __main__ - Training (7100 / 10000 Steps) (loss=0.0018) lr=6.39e-03 2454s
09/16/2026 22:41:12 - INFO - __main__ - Training (7200 / 10000 Steps) (loss=0.0076) lr=5.98e-03 2483s
09/16/2026 22:41:41 - INFO - __main__ - Training (7300 / 10000 Steps) (loss=0.0100) lr=5.59e-03 2513s
09/16/2026 22:42:10 - INFO - __main__ - Training (7400 / 10000 Steps) (loss=0.0193) lr=5.21e-03 2542s
09/16/2026 22:42:39 - INFO - __main__ - Training (7500 / 10000 Steps) (loss=0.0052) lr=4.84e-03 2571s
09/16/2026 22:43:09 - INFO - __main__ - Training (7600 / 10000 Steps) (loss=0.0635) lr=4.48e-03 2601s
09/16/2026 22:43:38 - INFO - __main__ - Training (7700 / 10000 Steps) (loss=0.0018) lr=4.13e-03 2630s
09/16/2026 22:44:07 - INFO - __main__ - Training (7800 / 10000 Steps) (loss=0.0324) lr=3.80e-03 2659s
09/16/2026 22:44:36 - INFO - __main__ - Training (7900 / 10000 Steps) (loss=0.0008) lr=3.47e-03 2688s
09/16/2026 22:45:06 - INFO - __main__ - Training (8000 / 10000 Steps) (loss=0.0021) lr=3.16e-03 2717s
09/16/2026 22:46:00 - INFO - __main__ - Validation Results step 8000: Accuracy 0.90152 (best 0.90152)
09/16/2026 22:46:29 - INFO - __main__ - Training (8100 / 10000 Steps) (loss=0.1605) lr=2.86e-03 2800s
09/16/2026 22:46:58 - INFO - __main__ - Training (8200 / 10000 Steps) (loss=0.0012) lr=2.58e-03 2830s
09/16/2026 22:47:28 - INFO - __main__ - Training (8300 / 10000 Steps) (loss=0.1037) lr=2.31e-03 2859s
09/16/2026 22:47:57 - INFO - __main__ - Training (8400 / 10000 Steps) (loss=0.0019) lr=2.05e-03 2888s
09/16/2026 22:48:26 - INFO - __main__ - Training (8500 / 10000 Steps) (loss=0.0012) lr=1.81e-03 2917s
09/16/2026 22:48:55 - INFO - __main__ - Training (8600 / 10000 Steps) (loss=0.0023) lr=1.58e-03 2947s
09/16/2026 22:49:25 - INFO - __main__ - Training (8700 / 10000 Steps) (loss=0.0026) lr=1.36e-03 2976s
09/16/2026 22:49:54 - INFO - __main__ - Training (8800 / 10000 Steps) (loss=0.0014) lr=1.17e-03 3005s
09/16/2026 22:50:23 - INFO - __main__ - Training (8900 / 10000 Steps) (loss=0.0026) lr=9.82e-04 3034s
09/16/2026 22:50:52 - INFO - __main__ - Training (9000 / 10000 Steps) (loss=0.0011) lr=8.13e-04 3063s
09/16/2026 22:51:47 - INFO - __main__ - Validation Results step 9000: Accuracy 0.90408 (best 0.90408)
09/16/2026 22:52:17 - INFO - __main__ - Training (9100 / 10000 Steps) (loss=0.0026) lr=6.59e-04 3148s
09/16/2026 22:52:46 - INFO - __main__ - Training (9200 / 10000 Steps) (loss=0.0016) lr=5.22e-04 3177s
09/16/2026 22:53:15 - INFO - __main__ - Training (9300 / 10000 Steps) (loss=0.0102) lr=4.00e-04 3206s
09/16/2026 22:53:44 - INFO - __main__ - Training (9400 / 10000 Steps) (loss=0.0012) lr=2.94e-04 3235s
09/16/2026 22:54:13 - INFO - __main__ - Training (9500 / 10000 Steps) (loss=0.0060) lr=2.05e-04 3264s
09/16/2026 22:54:42 - INFO - __main__ - Training (9600 / 10000 Steps) (loss=0.0019) lr=1.31e-04 3294s
09/16/2026 22:55:11 - INFO - __main__ - Training (9700 / 10000 Steps) (loss=0.0027) lr=7.38e-05 3323s
09/16/2026 22:55:41 - INFO - __main__ - Training (9800 / 10000 Steps) (loss=0.0010) lr=3.28e-05 3352s
09/16/2026 22:56:10 - INFO - __main__ - Training (9900 / 10000 Steps) (loss=0.0153) lr=8.20e-06 3382s
09/16/2026 22:56:39 - INFO - __main__ - Training (10000 / 10000 Steps) (loss=0.0037) lr=0.00e+00 3411s
09/16/2026 22:57:33 - INFO - __main__ - Validation Results step 10000: Accuracy 0.90501 (best 0.90501)
09/16/2026 22:57:33 - INFO - __main__ - Best Accuracy: 	0.905012
09/16/2026 22:57:33 - INFO - __main__ - End Training!
