/opt/anaconda3/envs/fal-wyh/lib/python3.9/site-packages/torchvision/transforms/transforms.py:329: UserWarning: Argument 'interpolation' of type int is deprecated since 0.13 and will be removed in 0.15. Please use InterpolationMode enum.
  warnings.warn(
09/16/2026 05:17:19 - INFO - models.modeling - load_pretrained: resized variant: torch.Size([1, 197, 768]) to torch.Size([1, 785, 768])
09/16/2026 05:17:20 - INFO - __main__ - Training parameters Namespace(data_root='/home/savo_shen/data_crops/dog/dinov3_sq', name='dog_dinov3_sq', output_dir='output', pretrained='/home/savo_shen/Programs/FAL-ViT-main-wyh/imagenet21k_ViT-B_16.npz', img_size=448, train_batch_size=16, grad_accum=1, eval_batch_size=64, learning_rate=0.03, weight_decay=0.0, num_steps=10000, warmup_steps=500, eval_every=1000, max_grad_norm=1.0, num_workers=8, seed=42)
09/16/2026 05:17:20 - INFO - __main__ - effective batch = 16
09/16/2026 05:17:20 - INFO - __main__ - classes=120 train=12000 test=8580
load_pretrained: grid-size from 14 to 28
09/16/2026 05:17:52 - INFO - __main__ - Training (100 / 10000 Steps) (loss=4.6128) lr=6.00e-03 32s
09/16/2026 05:18:21 - INFO - __main__ - Training (200 / 10000 Steps) (loss=3.9069) lr=1.20e-02 61s
09/16/2026 05:18:50 - INFO - __main__ - Training (300 / 10000 Steps) (loss=2.4459) lr=1.80e-02 89s
09/16/2026 05:19:19 - INFO - __main__ - Training (400 / 10000 Steps) (loss=1.4340) lr=2.40e-02 118s
09/16/2026 05:19:48 - INFO - __main__ - Training (500 / 10000 Steps) (loss=0.9495) lr=3.00e-02 147s
09/16/2026 05:20:17 - INFO - __main__ - Training (600 / 10000 Steps) (loss=0.9698) lr=3.00e-02 176s
09/16/2026 05:20:46 - INFO - __main__ - Training (700 / 10000 Steps) (loss=0.1878) lr=3.00e-02 205s
09/16/2026 05:21:15 - INFO - __main__ - Training (800 / 10000 Steps) (loss=0.8067) lr=2.99e-02 235s
09/16/2026 05:21:44 - INFO - __main__ - Training (900 / 10000 Steps) (loss=0.8470) lr=2.99e-02 264s
09/16/2026 05:22:13 - INFO - __main__ - Training (1000 / 10000 Steps) (loss=0.7481) lr=2.98e-02 293s
09/16/2026 05:23:08 - INFO - __main__ - Validation Results step 1000: Accuracy 0.86713 (best 0.86713)
09/16/2026 05:23:37 - INFO - __main__ - Training (1100 / 10000 Steps) (loss=0.4923) lr=2.97e-02 376s
09/16/2026 05:24:06 - INFO - __main__ - Training (1200 / 10000 Steps) (loss=0.5285) lr=2.96e-02 406s
09/16/2026 05:24:35 - INFO - __main__ - Training (1300 / 10000 Steps) (loss=0.6521) lr=2.95e-02 435s
09/16/2026 05:25:04 - INFO - __main__ - Training (1400 / 10000 Steps) (loss=0.6176) lr=2.93e-02 464s
09/16/2026 05:25:33 - INFO - __main__ - Training (1500 / 10000 Steps) (loss=0.1198) lr=2.92e-02 493s
09/16/2026 05:26:02 - INFO - __main__ - Training (1600 / 10000 Steps) (loss=0.1233) lr=2.90e-02 522s
09/16/2026 05:26:31 - INFO - __main__ - Training (1700 / 10000 Steps) (loss=0.7298) lr=2.88e-02 551s
09/16/2026 05:27:00 - INFO - __main__ - Training (1800 / 10000 Steps) (loss=0.2866) lr=2.86e-02 580s
09/16/2026 05:27:29 - INFO - __main__ - Training (1900 / 10000 Steps) (loss=0.0760) lr=2.84e-02 609s
09/16/2026 05:27:58 - INFO - __main__ - Training (2000 / 10000 Steps) (loss=1.0485) lr=2.82e-02 638s
09/16/2026 05:28:52 - INFO - __main__ - Validation Results step 2000: Accuracy 0.87168 (best 0.87168)
09/16/2026 05:29:21 - INFO - __main__ - Training (2100 / 10000 Steps) (loss=0.3481) lr=2.79e-02 721s
09/16/2026 05:29:50 - INFO - __main__ - Training (2200 / 10000 Steps) (loss=0.5486) lr=2.77e-02 750s
09/16/2026 05:30:20 - INFO - __main__ - Training (2300 / 10000 Steps) (loss=0.2752) lr=2.74e-02 779s
09/16/2026 05:30:49 - INFO - __main__ - Training (2400 / 10000 Steps) (loss=0.4411) lr=2.71e-02 808s
09/16/2026 05:31:18 - INFO - __main__ - Training (2500 / 10000 Steps) (loss=0.4962) lr=2.68e-02 837s
09/16/2026 05:31:47 - INFO - __main__ - Training (2600 / 10000 Steps) (loss=0.4606) lr=2.65e-02 866s
09/16/2026 05:32:16 - INFO - __main__ - Training (2700 / 10000 Steps) (loss=0.2416) lr=2.62e-02 895s
09/16/2026 05:32:45 - INFO - __main__ - Training (2800 / 10000 Steps) (loss=0.8847) lr=2.59e-02 925s
09/16/2026 05:33:14 - INFO - __main__ - Training (2900 / 10000 Steps) (loss=0.2643) lr=2.55e-02 954s
09/16/2026 05:33:43 - INFO - __main__ - Training (3000 / 10000 Steps) (loss=0.2049) lr=2.52e-02 983s
09/16/2026 05:34:37 - INFO - __main__ - Validation Results step 3000: Accuracy 0.87413 (best 0.87413)
09/16/2026 05:35:06 - INFO - __main__ - Training (3100 / 10000 Steps) (loss=0.0181) lr=2.48e-02 1066s
09/16/2026 05:35:35 - INFO - __main__ - Training (3200 / 10000 Steps) (loss=0.0894) lr=2.44e-02 1095s
09/16/2026 05:36:04 - INFO - __main__ - Training (3300 / 10000 Steps) (loss=0.0508) lr=2.40e-02 1124s
09/16/2026 05:36:33 - INFO - __main__ - Training (3400 / 10000 Steps) (loss=0.0984) lr=2.36e-02 1153s
09/16/2026 05:37:02 - INFO - __main__ - Training (3500 / 10000 Steps) (loss=0.2113) lr=2.32e-02 1182s
09/16/2026 05:37:31 - INFO - __main__ - Training (3600 / 10000 Steps) (loss=0.3125) lr=2.28e-02 1211s
09/16/2026 05:38:01 - INFO - __main__ - Training (3700 / 10000 Steps) (loss=0.4817) lr=2.24e-02 1240s
09/16/2026 05:38:30 - INFO - __main__ - Training (3800 / 10000 Steps) (loss=0.0171) lr=2.19e-02 1270s
09/16/2026 05:38:59 - INFO - __main__ - Training (3900 / 10000 Steps) (loss=0.1727) lr=2.15e-02 1299s
09/16/2026 05:39:28 - INFO - __main__ - Training (4000 / 10000 Steps) (loss=0.0529) lr=2.10e-02 1328s
09/16/2026 05:40:22 - INFO - __main__ - Validation Results step 4000: Accuracy 0.88345 (best 0.88345)
09/16/2026 05:40:51 - INFO - __main__ - Training (4100 / 10000 Steps) (loss=0.0715) lr=2.06e-02 1410s
09/16/2026 05:41:20 - INFO - __main__ - Training (4200 / 10000 Steps) (loss=0.0519) lr=2.01e-02 1439s
09/16/2026 05:41:49 - INFO - __main__ - Training (4300 / 10000 Steps) (loss=0.1878) lr=1.96e-02 1468s
09/16/2026 05:42:18 - INFO - __main__ - Training (4400 / 10000 Steps) (loss=0.1331) lr=1.92e-02 1497s
09/16/2026 05:42:47 - INFO - __main__ - Training (4500 / 10000 Steps) (loss=0.0378) lr=1.87e-02 1526s
09/16/2026 05:43:16 - INFO - __main__ - Training (4600 / 10000 Steps) (loss=0.0405) lr=1.82e-02 1556s
09/16/2026 05:43:45 - INFO - __main__ - Training (4700 / 10000 Steps) (loss=0.2418) lr=1.77e-02 1585s
09/16/2026 05:44:14 - INFO - __main__ - Training (4800 / 10000 Steps) (loss=0.2411) lr=1.72e-02 1614s
09/16/2026 05:44:43 - INFO - __main__ - Training (4900 / 10000 Steps) (loss=0.0444) lr=1.67e-02 1643s
09/16/2026 05:45:13 - INFO - __main__ - Training (5000 / 10000 Steps) (loss=0.0038) lr=1.62e-02 1672s
09/16/2026 05:46:06 - INFO - __main__ - Validation Results step 5000: Accuracy 0.88054 (best 0.88345)
09/16/2026 05:46:35 - INFO - __main__ - Training (5100 / 10000 Steps) (loss=0.2658) lr=1.57e-02 1755s
09/16/2026 05:47:04 - INFO - __main__ - Training (5200 / 10000 Steps) (loss=0.0091) lr=1.52e-02 1784s
09/16/2026 05:47:34 - INFO - __main__ - Training (5300 / 10000 Steps) (loss=0.1971) lr=1.48e-02 1813s
09/16/2026 05:48:03 - INFO - __main__ - Training (5400 / 10000 Steps) (loss=0.0185) lr=1.43e-02 1842s
09/16/2026 05:48:32 - INFO - __main__ - Training (5500 / 10000 Steps) (loss=0.0426) lr=1.38e-02 1871s
09/16/2026 05:49:01 - INFO - __main__ - Training (5600 / 10000 Steps) (loss=0.0772) lr=1.33e-02 1900s
09/16/2026 05:49:30 - INFO - __main__ - Training (5700 / 10000 Steps) (loss=0.0654) lr=1.28e-02 1929s
09/16/2026 05:49:59 - INFO - __main__ - Training (5800 / 10000 Steps) (loss=0.1117) lr=1.23e-02 1958s
09/16/2026 05:50:28 - INFO - __main__ - Training (5900 / 10000 Steps) (loss=0.0505) lr=1.18e-02 1987s
09/16/2026 05:50:57 - INFO - __main__ - Training (6000 / 10000 Steps) (loss=0.0065) lr=1.13e-02 2016s
09/16/2026 05:51:50 - INFO - __main__ - Validation Results step 6000: Accuracy 0.89569 (best 0.89569)
09/16/2026 05:52:20 - INFO - __main__ - Training (6100 / 10000 Steps) (loss=0.0234) lr=1.08e-02 2099s
09/16/2026 05:52:49 - INFO - __main__ - Training (6200 / 10000 Steps) (loss=0.0187) lr=1.04e-02 2128s
09/16/2026 05:53:18 - INFO - __main__ - Training (6300 / 10000 Steps) (loss=0.0075) lr=9.90e-03 2157s
09/16/2026 05:53:47 - INFO - __main__ - Training (6400 / 10000 Steps) (loss=0.0036) lr=9.43e-03 2186s
09/16/2026 05:54:16 - INFO - __main__ - Training (6500 / 10000 Steps) (loss=0.0919) lr=8.97e-03 2215s
09/16/2026 05:54:45 - INFO - __main__ - Training (6600 / 10000 Steps) (loss=0.0229) lr=8.52e-03 2244s
09/16/2026 05:55:14 - INFO - __main__ - Training (6700 / 10000 Steps) (loss=0.0768) lr=8.08e-03 2273s
09/16/2026 05:55:43 - INFO - __main__ - Training (6800 / 10000 Steps) (loss=0.0041) lr=7.64e-03 2303s
09/16/2026 05:56:12 - INFO - __main__ - Training (6900 / 10000 Steps) (loss=0.0021) lr=7.22e-03 2332s
09/16/2026 05:56:41 - INFO - __main__ - Training (7000 / 10000 Steps) (loss=0.0098) lr=6.80e-03 2361s
09/16/2026 05:57:35 - INFO - __main__ - Validation Results step 7000: Accuracy 0.89697 (best 0.89697)
09/16/2026 05:58:04 - INFO - __main__ - Training (7100 / 10000 Steps) (loss=0.0060) lr=6.39e-03 2443s
09/16/2026 05:58:33 - INFO - __main__ - Training (7200 / 10000 Steps) (loss=0.1072) lr=5.98e-03 2472s
09/16/2026 05:59:02 - INFO - __main__ - Training (7300 / 10000 Steps) (loss=0.0066) lr=5.59e-03 2501s
09/16/2026 05:59:31 - INFO - __main__ - Training (7400 / 10000 Steps) (loss=0.0106) lr=5.21e-03 2530s
09/16/2026 06:00:00 - INFO - __main__ - Training (7500 / 10000 Steps) (loss=0.0086) lr=4.84e-03 2559s
09/16/2026 06:00:29 - INFO - __main__ - Training (7600 / 10000 Steps) (loss=0.0014) lr=4.48e-03 2589s
09/16/2026 06:00:58 - INFO - __main__ - Training (7700 / 10000 Steps) (loss=0.0061) lr=4.13e-03 2618s
09/16/2026 06:01:27 - INFO - __main__ - Training (7800 / 10000 Steps) (loss=0.0023) lr=3.80e-03 2647s
09/16/2026 06:01:56 - INFO - __main__ - Training (7900 / 10000 Steps) (loss=0.1637) lr=3.47e-03 2676s
09/16/2026 06:02:25 - INFO - __main__ - Training (8000 / 10000 Steps) (loss=0.0015) lr=3.16e-03 2705s
09/16/2026 06:03:19 - INFO - __main__ - Validation Results step 8000: Accuracy 0.90256 (best 0.90256)
09/16/2026 06:03:48 - INFO - __main__ - Training (8100 / 10000 Steps) (loss=0.0022) lr=2.86e-03 2787s
09/16/2026 06:04:17 - INFO - __main__ - Training (8200 / 10000 Steps) (loss=0.0071) lr=2.58e-03 2816s
09/16/2026 06:04:46 - INFO - __main__ - Training (8300 / 10000 Steps) (loss=0.0042) lr=2.31e-03 2846s
09/16/2026 06:05:15 - INFO - __main__ - Training (8400 / 10000 Steps) (loss=0.0023) lr=2.05e-03 2875s
09/16/2026 06:05:44 - INFO - __main__ - Training (8500 / 10000 Steps) (loss=0.0012) lr=1.81e-03 2904s
09/16/2026 06:06:13 - INFO - __main__ - Training (8600 / 10000 Steps) (loss=0.0016) lr=1.58e-03 2933s
09/16/2026 06:06:42 - INFO - __main__ - Training (8700 / 10000 Steps) (loss=0.0019) lr=1.36e-03 2962s
09/16/2026 06:07:11 - INFO - __main__ - Training (8800 / 10000 Steps) (loss=0.1092) lr=1.17e-03 2991s
09/16/2026 06:07:40 - INFO - __main__ - Training (8900 / 10000 Steps) (loss=0.0031) lr=9.82e-04 3020s
09/16/2026 06:08:09 - INFO - __main__ - Training (9000 / 10000 Steps) (loss=0.0181) lr=8.13e-04 3048s
09/16/2026 06:09:03 - INFO - __main__ - Validation Results step 9000: Accuracy 0.90291 (best 0.90291)
09/16/2026 06:09:32 - INFO - __main__ - Training (9100 / 10000 Steps) (loss=0.0582) lr=6.59e-04 3132s
09/16/2026 06:10:01 - INFO - __main__ - Training (9200 / 10000 Steps) (loss=0.0032) lr=5.22e-04 3160s
09/16/2026 06:10:30 - INFO - __main__ - Training (9300 / 10000 Steps) (loss=0.0049) lr=4.00e-04 3189s
09/16/2026 06:10:59 - INFO - __main__ - Training (9400 / 10000 Steps) (loss=0.0021) lr=2.94e-04 3218s
09/16/2026 06:11:28 - INFO - __main__ - Training (9500 / 10000 Steps) (loss=0.0038) lr=2.05e-04 3247s
09/16/2026 06:11:57 - INFO - __main__ - Training (9600 / 10000 Steps) (loss=0.0049) lr=1.31e-04 3276s
09/16/2026 06:12:26 - INFO - __main__ - Training (9700 / 10000 Steps) (loss=0.0015) lr=7.38e-05 3305s
09/16/2026 06:12:55 - INFO - __main__ - Training (9800 / 10000 Steps) (loss=0.0013) lr=3.28e-05 3335s
09/16/2026 06:13:24 - INFO - __main__ - Training (9900 / 10000 Steps) (loss=0.0015) lr=8.20e-06 3363s
09/16/2026 06:13:53 - INFO - __main__ - Training (10000 / 10000 Steps) (loss=0.0021) lr=0.00e+00 3392s
09/16/2026 06:14:46 - INFO - __main__ - Validation Results step 10000: Accuracy 0.90152 (best 0.90291)
09/16/2026 06:14:46 - INFO - __main__ - Best Accuracy: 	0.902914
09/16/2026 06:14:46 - INFO - __main__ - End Training!
