/opt/anaconda3/envs/fal-wyh/lib/python3.9/site-packages/torchvision/transforms/transforms.py:329: UserWarning: Argument 'interpolation' of type int is deprecated since 0.13 and will be removed in 0.15. Please use InterpolationMode enum.
  warnings.warn(
09/15/2026 23:52:51 - INFO - models.modeling - load_pretrained: resized variant: torch.Size([1, 197, 768]) to torch.Size([1, 785, 768])
09/15/2026 23:52:52 - INFO - __main__ - Training parameters Namespace(data_root='/home/savo_shen/data_crops/dog/gt', name='dog_gt', output_dir='output', pretrained='/home/savo_shen/Programs/FAL-ViT-main-wyh/imagenet21k_ViT-B_16.npz', img_size=448, train_batch_size=16, grad_accum=1, eval_batch_size=64, learning_rate=0.03, weight_decay=0.0, num_steps=10000, warmup_steps=500, eval_every=1000, max_grad_norm=1.0, num_workers=8, seed=42)
09/15/2026 23:52:52 - INFO - __main__ - effective batch = 16
09/15/2026 23:52:52 - INFO - __main__ - classes=120 train=12000 test=8580
load_pretrained: grid-size from 14 to 28
09/15/2026 23:53:24 - INFO - __main__ - Training (100 / 10000 Steps) (loss=4.6279) lr=6.00e-03 32s
09/15/2026 23:53:53 - INFO - __main__ - Training (200 / 10000 Steps) (loss=3.9679) lr=1.20e-02 61s
09/15/2026 23:54:22 - INFO - __main__ - Training (300 / 10000 Steps) (loss=2.5807) lr=1.80e-02 89s
09/15/2026 23:54:51 - INFO - __main__ - Training (400 / 10000 Steps) (loss=1.4138) lr=2.40e-02 118s
09/15/2026 23:55:20 - INFO - __main__ - Training (500 / 10000 Steps) (loss=0.9359) lr=3.00e-02 147s
09/15/2026 23:55:49 - INFO - __main__ - Training (600 / 10000 Steps) (loss=1.3443) lr=3.00e-02 176s
09/15/2026 23:56:18 - INFO - __main__ - Training (700 / 10000 Steps) (loss=0.5464) lr=3.00e-02 205s
09/15/2026 23:56:47 - INFO - __main__ - Training (800 / 10000 Steps) (loss=0.6367) lr=2.99e-02 235s
09/15/2026 23:57:16 - INFO - __main__ - Training (900 / 10000 Steps) (loss=0.5855) lr=2.99e-02 263s
09/15/2026 23:57:45 - INFO - __main__ - Training (1000 / 10000 Steps) (loss=0.9563) lr=2.98e-02 292s
09/15/2026 23:58:40 - INFO - __main__ - Validation Results step 1000: Accuracy 0.82226 (best 0.82226)
09/15/2026 23:59:09 - INFO - __main__ - Training (1100 / 10000 Steps) (loss=1.2665) lr=2.97e-02 377s
09/15/2026 23:59:38 - INFO - __main__ - Training (1200 / 10000 Steps) (loss=0.6140) lr=2.96e-02 406s
09/16/2026 00:00:08 - INFO - __main__ - Training (1300 / 10000 Steps) (loss=0.8571) lr=2.95e-02 435s
09/16/2026 00:00:37 - INFO - __main__ - Training (1400 / 10000 Steps) (loss=0.5451) lr=2.93e-02 464s
09/16/2026 00:01:06 - INFO - __main__ - Training (1500 / 10000 Steps) (loss=0.0861) lr=2.92e-02 493s
09/16/2026 00:01:35 - INFO - __main__ - Training (1600 / 10000 Steps) (loss=0.1019) lr=2.90e-02 523s
09/16/2026 00:02:04 - INFO - __main__ - Training (1700 / 10000 Steps) (loss=0.4423) lr=2.88e-02 552s
09/16/2026 00:02:33 - INFO - __main__ - Training (1800 / 10000 Steps) (loss=0.3932) lr=2.86e-02 581s
09/16/2026 00:03:02 - INFO - __main__ - Training (1900 / 10000 Steps) (loss=0.4529) lr=2.84e-02 610s
09/16/2026 00:03:31 - INFO - __main__ - Training (2000 / 10000 Steps) (loss=0.6102) lr=2.82e-02 639s
09/16/2026 00:04:24 - INFO - __main__ - Validation Results step 2000: Accuracy 0.85023 (best 0.85023)
09/16/2026 00:04:53 - INFO - __main__ - Training (2100 / 10000 Steps) (loss=0.3823) lr=2.79e-02 720s
09/16/2026 00:05:22 - INFO - __main__ - Training (2200 / 10000 Steps) (loss=0.2657) lr=2.77e-02 749s
09/16/2026 00:05:51 - INFO - __main__ - Training (2300 / 10000 Steps) (loss=0.2864) lr=2.74e-02 779s
09/16/2026 00:06:20 - INFO - __main__ - Training (2400 / 10000 Steps) (loss=0.5857) lr=2.71e-02 808s
09/16/2026 00:06:49 - INFO - __main__ - Training (2500 / 10000 Steps) (loss=0.5579) lr=2.68e-02 837s
09/16/2026 00:07:18 - INFO - __main__ - Training (2600 / 10000 Steps) (loss=0.6056) lr=2.65e-02 866s
09/16/2026 00:07:47 - INFO - __main__ - Training (2700 / 10000 Steps) (loss=0.1916) lr=2.62e-02 895s
09/16/2026 00:08:16 - INFO - __main__ - Training (2800 / 10000 Steps) (loss=1.0111) lr=2.59e-02 923s
09/16/2026 00:08:45 - INFO - __main__ - Training (2900 / 10000 Steps) (loss=0.5097) lr=2.55e-02 952s
09/16/2026 00:09:14 - INFO - __main__ - Training (3000 / 10000 Steps) (loss=0.2454) lr=2.52e-02 981s
09/16/2026 00:10:07 - INFO - __main__ - Validation Results step 3000: Accuracy 0.86690 (best 0.86690)
09/16/2026 00:10:37 - INFO - __main__ - Training (3100 / 10000 Steps) (loss=0.0254) lr=2.48e-02 1064s
09/16/2026 00:11:06 - INFO - __main__ - Training (3200 / 10000 Steps) (loss=0.1481) lr=2.44e-02 1093s
09/16/2026 00:11:35 - INFO - __main__ - Training (3300 / 10000 Steps) (loss=0.0947) lr=2.40e-02 1122s
09/16/2026 00:12:04 - INFO - __main__ - Training (3400 / 10000 Steps) (loss=0.2761) lr=2.36e-02 1151s
09/16/2026 00:12:32 - INFO - __main__ - Training (3500 / 10000 Steps) (loss=0.3926) lr=2.32e-02 1180s
09/16/2026 00:13:01 - INFO - __main__ - Training (3600 / 10000 Steps) (loss=0.1014) lr=2.28e-02 1209s
09/16/2026 00:13:30 - INFO - __main__ - Training (3700 / 10000 Steps) (loss=0.2554) lr=2.24e-02 1238s
09/16/2026 00:14:00 - INFO - __main__ - Training (3800 / 10000 Steps) (loss=0.0210) lr=2.19e-02 1267s
09/16/2026 00:14:29 - INFO - __main__ - Training (3900 / 10000 Steps) (loss=0.2385) lr=2.15e-02 1296s
09/16/2026 00:14:58 - INFO - __main__ - Training (4000 / 10000 Steps) (loss=0.0471) lr=2.10e-02 1325s
09/16/2026 00:15:50 - INFO - __main__ - Validation Results step 4000: Accuracy 0.85140 (best 0.86690)
09/16/2026 00:16:19 - INFO - __main__ - Training (4100 / 10000 Steps) (loss=0.3792) lr=2.06e-02 1407s
09/16/2026 00:16:48 - INFO - __main__ - Training (4200 / 10000 Steps) (loss=0.0690) lr=2.01e-02 1436s
09/16/2026 00:17:17 - INFO - __main__ - Training (4300 / 10000 Steps) (loss=0.0685) lr=1.96e-02 1465s
09/16/2026 00:17:46 - INFO - __main__ - Training (4400 / 10000 Steps) (loss=0.0984) lr=1.92e-02 1494s
09/16/2026 00:18:15 - INFO - __main__ - Training (4500 / 10000 Steps) (loss=0.0795) lr=1.87e-02 1523s
09/16/2026 00:18:44 - INFO - __main__ - Training (4600 / 10000 Steps) (loss=0.3958) lr=1.82e-02 1552s
09/16/2026 00:19:13 - INFO - __main__ - Training (4700 / 10000 Steps) (loss=0.1698) lr=1.77e-02 1581s
09/16/2026 00:19:42 - INFO - __main__ - Training (4800 / 10000 Steps) (loss=0.0798) lr=1.72e-02 1610s
09/16/2026 00:20:11 - INFO - __main__ - Training (4900 / 10000 Steps) (loss=0.0830) lr=1.67e-02 1639s
09/16/2026 00:20:40 - INFO - __main__ - Training (5000 / 10000 Steps) (loss=0.0307) lr=1.62e-02 1668s
09/16/2026 00:21:33 - INFO - __main__ - Validation Results step 5000: Accuracy 0.86434 (best 0.86690)
09/16/2026 00:22:02 - INFO - __main__ - Training (5100 / 10000 Steps) (loss=0.3546) lr=1.57e-02 1750s
09/16/2026 00:22:31 - INFO - __main__ - Training (5200 / 10000 Steps) (loss=0.1592) lr=1.52e-02 1779s
09/16/2026 00:23:00 - INFO - __main__ - Training (5300 / 10000 Steps) (loss=0.0660) lr=1.48e-02 1808s
09/16/2026 00:23:29 - INFO - __main__ - Training (5400 / 10000 Steps) (loss=0.0696) lr=1.43e-02 1837s
09/16/2026 00:23:58 - INFO - __main__ - Training (5500 / 10000 Steps) (loss=0.6590) lr=1.38e-02 1866s
09/16/2026 00:24:27 - INFO - __main__ - Training (5600 / 10000 Steps) (loss=0.0083) lr=1.33e-02 1895s
09/16/2026 00:24:56 - INFO - __main__ - Training (5700 / 10000 Steps) (loss=0.0357) lr=1.28e-02 1924s
09/16/2026 00:25:25 - INFO - __main__ - Training (5800 / 10000 Steps) (loss=0.0353) lr=1.23e-02 1953s
09/16/2026 00:25:54 - INFO - __main__ - Training (5900 / 10000 Steps) (loss=0.2231) lr=1.18e-02 1982s
09/16/2026 00:26:23 - INFO - __main__ - Training (6000 / 10000 Steps) (loss=0.1345) lr=1.13e-02 2011s
09/16/2026 00:27:15 - INFO - __main__ - Validation Results step 6000: Accuracy 0.87366 (best 0.87366)
09/16/2026 00:27:45 - INFO - __main__ - Training (6100 / 10000 Steps) (loss=0.0067) lr=1.08e-02 2092s
09/16/2026 00:28:14 - INFO - __main__ - Training (6200 / 10000 Steps) (loss=0.0584) lr=1.04e-02 2121s
09/16/2026 00:28:42 - INFO - __main__ - Training (6300 / 10000 Steps) (loss=0.0817) lr=9.90e-03 2150s
09/16/2026 00:29:11 - INFO - __main__ - Training (6400 / 10000 Steps) (loss=0.0109) lr=9.43e-03 2179s
09/16/2026 00:29:40 - INFO - __main__ - Training (6500 / 10000 Steps) (loss=0.0145) lr=8.97e-03 2208s
09/16/2026 00:30:09 - INFO - __main__ - Training (6600 / 10000 Steps) (loss=0.0076) lr=8.52e-03 2237s
09/16/2026 00:30:38 - INFO - __main__ - Training (6700 / 10000 Steps) (loss=0.0587) lr=8.08e-03 2266s
09/16/2026 00:31:08 - INFO - __main__ - Training (6800 / 10000 Steps) (loss=0.1016) lr=7.64e-03 2295s
09/16/2026 00:31:36 - INFO - __main__ - Training (6900 / 10000 Steps) (loss=0.0031) lr=7.22e-03 2324s
09/16/2026 00:32:05 - INFO - __main__ - Training (7000 / 10000 Steps) (loss=0.0265) lr=6.80e-03 2353s
09/16/2026 00:32:58 - INFO - __main__ - Validation Results step 7000: Accuracy 0.88147 (best 0.88147)
09/16/2026 00:33:27 - INFO - __main__ - Training (7100 / 10000 Steps) (loss=0.0715) lr=6.39e-03 2435s
09/16/2026 00:33:56 - INFO - __main__ - Training (7200 / 10000 Steps) (loss=0.1309) lr=5.98e-03 2463s
09/16/2026 00:34:25 - INFO - __main__ - Training (7300 / 10000 Steps) (loss=0.0247) lr=5.59e-03 2492s
09/16/2026 00:34:54 - INFO - __main__ - Training (7400 / 10000 Steps) (loss=0.0786) lr=5.21e-03 2521s
09/16/2026 00:35:23 - INFO - __main__ - Training (7500 / 10000 Steps) (loss=0.0111) lr=4.84e-03 2550s
09/16/2026 00:35:52 - INFO - __main__ - Training (7600 / 10000 Steps) (loss=0.1195) lr=4.48e-03 2580s
09/16/2026 00:36:21 - INFO - __main__ - Training (7700 / 10000 Steps) (loss=0.0065) lr=4.13e-03 2608s
09/16/2026 00:36:50 - INFO - __main__ - Training (7800 / 10000 Steps) (loss=0.0201) lr=3.80e-03 2637s
09/16/2026 00:37:19 - INFO - __main__ - Training (7900 / 10000 Steps) (loss=0.0023) lr=3.47e-03 2666s
09/16/2026 00:37:48 - INFO - __main__ - Training (8000 / 10000 Steps) (loss=0.0032) lr=3.16e-03 2695s
09/16/2026 00:38:40 - INFO - __main__ - Validation Results step 8000: Accuracy 0.88625 (best 0.88625)
09/16/2026 00:39:09 - INFO - __main__ - Training (8100 / 10000 Steps) (loss=0.0114) lr=2.86e-03 2777s
09/16/2026 00:39:38 - INFO - __main__ - Training (8200 / 10000 Steps) (loss=0.0113) lr=2.58e-03 2806s
09/16/2026 00:40:07 - INFO - __main__ - Training (8300 / 10000 Steps) (loss=0.0063) lr=2.31e-03 2835s
09/16/2026 00:40:36 - INFO - __main__ - Training (8400 / 10000 Steps) (loss=0.0013) lr=2.05e-03 2864s
09/16/2026 00:41:05 - INFO - __main__ - Training (8500 / 10000 Steps) (loss=0.0018) lr=1.81e-03 2893s
09/16/2026 00:41:34 - INFO - __main__ - Training (8600 / 10000 Steps) (loss=0.0175) lr=1.58e-03 2922s
09/16/2026 00:42:03 - INFO - __main__ - Training (8700 / 10000 Steps) (loss=0.0038) lr=1.36e-03 2951s
09/16/2026 00:42:32 - INFO - __main__ - Training (8800 / 10000 Steps) (loss=0.0894) lr=1.17e-03 2980s
09/16/2026 00:43:01 - INFO - __main__ - Training (8900 / 10000 Steps) (loss=0.0087) lr=9.82e-04 3009s
09/16/2026 00:43:30 - INFO - __main__ - Training (9000 / 10000 Steps) (loss=0.0278) lr=8.13e-04 3037s
09/16/2026 00:44:23 - INFO - __main__ - Validation Results step 9000: Accuracy 0.88811 (best 0.88811)
09/16/2026 00:44:52 - INFO - __main__ - Training (9100 / 10000 Steps) (loss=0.0775) lr=6.59e-04 3120s
09/16/2026 00:45:21 - INFO - __main__ - Training (9200 / 10000 Steps) (loss=0.0076) lr=5.22e-04 3149s
09/16/2026 00:45:50 - INFO - __main__ - Training (9300 / 10000 Steps) (loss=0.0022) lr=4.00e-04 3178s
09/16/2026 00:46:19 - INFO - __main__ - Training (9400 / 10000 Steps) (loss=0.0080) lr=2.94e-04 3207s
09/16/2026 00:46:48 - INFO - __main__ - Training (9500 / 10000 Steps) (loss=0.0043) lr=2.05e-04 3235s
09/16/2026 00:47:17 - INFO - __main__ - Training (9600 / 10000 Steps) (loss=0.0096) lr=1.31e-04 3264s
09/16/2026 00:47:46 - INFO - __main__ - Training (9700 / 10000 Steps) (loss=0.0058) lr=7.38e-05 3293s
09/16/2026 00:48:15 - INFO - __main__ - Training (9800 / 10000 Steps) (loss=0.0089) lr=3.28e-05 3322s
09/16/2026 00:48:44 - INFO - __main__ - Training (9900 / 10000 Steps) (loss=0.0023) lr=8.20e-06 3351s
09/16/2026 00:49:13 - INFO - __main__ - Training (10000 / 10000 Steps) (loss=0.0032) lr=0.00e+00 3380s
09/16/2026 00:50:05 - INFO - __main__ - Validation Results step 10000: Accuracy 0.88823 (best 0.88823)
09/16/2026 00:50:05 - INFO - __main__ - Best Accuracy: 	0.888228
09/16/2026 00:50:05 - INFO - __main__ - End Training!
