/opt/anaconda3/envs/fal-wyh/lib/python3.9/site-packages/torchvision/transforms/transforms.py:329: UserWarning: Argument 'interpolation' of type int is deprecated since 0.13 and will be removed in 0.15. Please use InterpolationMode enum.
  warnings.warn(
09/16/2026 04:20:22 - INFO - models.modeling - load_pretrained: resized variant: torch.Size([1, 197, 768]) to torch.Size([1, 785, 768])
09/16/2026 04:20:24 - INFO - __main__ - Training parameters Namespace(data_root='/home/savo_shen/data_crops/car/gt_sq', name='car_gt_sq', output_dir='output', pretrained='/home/savo_shen/Programs/FAL-ViT-main-wyh/imagenet21k_ViT-B_16.npz', img_size=448, train_batch_size=16, grad_accum=1, eval_batch_size=64, learning_rate=0.03, weight_decay=0.0, num_steps=10000, warmup_steps=500, eval_every=1000, max_grad_norm=1.0, num_workers=8, seed=42)
09/16/2026 04:20:24 - INFO - __main__ - effective batch = 16
09/16/2026 04:20:24 - INFO - __main__ - classes=196 train=8144 test=8041
load_pretrained: grid-size from 14 to 28
09/16/2026 04:20:56 - INFO - __main__ - Training (100 / 10000 Steps) (loss=5.2493) lr=6.00e-03 32s
09/16/2026 04:21:25 - INFO - __main__ - Training (200 / 10000 Steps) (loss=5.0986) lr=1.20e-02 61s
09/16/2026 04:21:54 - INFO - __main__ - Training (300 / 10000 Steps) (loss=4.5803) lr=1.80e-02 90s
09/16/2026 04:22:23 - INFO - __main__ - Training (400 / 10000 Steps) (loss=4.2173) lr=2.40e-02 119s
09/16/2026 04:22:52 - INFO - __main__ - Training (500 / 10000 Steps) (loss=3.8260) lr=3.00e-02 148s
09/16/2026 04:23:21 - INFO - __main__ - Training (600 / 10000 Steps) (loss=3.6445) lr=3.00e-02 177s
09/16/2026 04:23:50 - INFO - __main__ - Training (700 / 10000 Steps) (loss=3.4200) lr=3.00e-02 206s
09/16/2026 04:24:19 - INFO - __main__ - Training (800 / 10000 Steps) (loss=3.0045) lr=2.99e-02 235s
09/16/2026 04:24:48 - INFO - __main__ - Training (900 / 10000 Steps) (loss=2.3112) lr=2.99e-02 264s
09/16/2026 04:25:17 - INFO - __main__ - Training (1000 / 10000 Steps) (loss=2.2306) lr=2.98e-02 293s
09/16/2026 04:26:09 - INFO - __main__ - Validation Results step 1000: Accuracy 0.40468 (best 0.40468)
09/16/2026 04:26:39 - INFO - __main__ - Training (1100 / 10000 Steps) (loss=1.7353) lr=2.97e-02 375s
09/16/2026 04:27:08 - INFO - __main__ - Training (1200 / 10000 Steps) (loss=2.1537) lr=2.96e-02 404s
09/16/2026 04:27:37 - INFO - __main__ - Training (1300 / 10000 Steps) (loss=2.2421) lr=2.95e-02 433s
09/16/2026 04:28:06 - INFO - __main__ - Training (1400 / 10000 Steps) (loss=1.5073) lr=2.93e-02 462s
09/16/2026 04:28:35 - INFO - __main__ - Training (1500 / 10000 Steps) (loss=1.3183) lr=2.92e-02 491s
09/16/2026 04:29:04 - INFO - __main__ - Training (1600 / 10000 Steps) (loss=1.2565) lr=2.90e-02 520s
09/16/2026 04:29:33 - INFO - __main__ - Training (1700 / 10000 Steps) (loss=1.2073) lr=2.88e-02 549s
09/16/2026 04:30:02 - INFO - __main__ - Training (1800 / 10000 Steps) (loss=1.1820) lr=2.86e-02 578s
09/16/2026 04:30:31 - INFO - __main__ - Training (1900 / 10000 Steps) (loss=1.1518) lr=2.84e-02 607s
09/16/2026 04:31:00 - INFO - __main__ - Training (2000 / 10000 Steps) (loss=1.1081) lr=2.82e-02 636s
09/16/2026 04:31:50 - INFO - __main__ - Validation Results step 2000: Accuracy 0.71496 (best 0.71496)
09/16/2026 04:32:20 - INFO - __main__ - Training (2100 / 10000 Steps) (loss=0.8748) lr=2.79e-02 716s
09/16/2026 04:32:49 - INFO - __main__ - Training (2200 / 10000 Steps) (loss=0.8225) lr=2.77e-02 745s
09/16/2026 04:33:18 - INFO - __main__ - Training (2300 / 10000 Steps) (loss=0.6264) lr=2.74e-02 774s
09/16/2026 04:33:47 - INFO - __main__ - Training (2400 / 10000 Steps) (loss=0.6693) lr=2.71e-02 803s
09/16/2026 04:34:16 - INFO - __main__ - Training (2500 / 10000 Steps) (loss=0.6775) lr=2.68e-02 832s
09/16/2026 04:34:45 - INFO - __main__ - Training (2600 / 10000 Steps) (loss=0.7916) lr=2.65e-02 861s
09/16/2026 04:35:14 - INFO - __main__ - Training (2700 / 10000 Steps) (loss=0.6888) lr=2.62e-02 890s
09/16/2026 04:35:43 - INFO - __main__ - Training (2800 / 10000 Steps) (loss=0.8189) lr=2.59e-02 919s
09/16/2026 04:36:12 - INFO - __main__ - Training (2900 / 10000 Steps) (loss=0.7364) lr=2.55e-02 948s
09/16/2026 04:36:41 - INFO - __main__ - Training (3000 / 10000 Steps) (loss=0.7541) lr=2.52e-02 977s
09/16/2026 04:37:31 - INFO - __main__ - Validation Results step 3000: Accuracy 0.80313 (best 0.80313)
09/16/2026 04:38:01 - INFO - __main__ - Training (3100 / 10000 Steps) (loss=0.1605) lr=2.48e-02 1057s
09/16/2026 04:38:30 - INFO - __main__ - Training (3200 / 10000 Steps) (loss=0.5110) lr=2.44e-02 1086s
09/16/2026 04:38:59 - INFO - __main__ - Training (3300 / 10000 Steps) (loss=0.4493) lr=2.40e-02 1115s
09/16/2026 04:39:28 - INFO - __main__ - Training (3400 / 10000 Steps) (loss=0.3387) lr=2.36e-02 1144s
09/16/2026 04:39:57 - INFO - __main__ - Training (3500 / 10000 Steps) (loss=0.3744) lr=2.32e-02 1173s
09/16/2026 04:40:26 - INFO - __main__ - Training (3600 / 10000 Steps) (loss=0.1389) lr=2.28e-02 1202s
09/16/2026 04:40:55 - INFO - __main__ - Training (3700 / 10000 Steps) (loss=0.1193) lr=2.24e-02 1231s
09/16/2026 04:41:24 - INFO - __main__ - Training (3800 / 10000 Steps) (loss=0.2788) lr=2.19e-02 1260s
09/16/2026 04:41:53 - INFO - __main__ - Training (3900 / 10000 Steps) (loss=0.1169) lr=2.15e-02 1289s
09/16/2026 04:42:22 - INFO - __main__ - Training (4000 / 10000 Steps) (loss=0.3390) lr=2.10e-02 1318s
09/16/2026 04:43:12 - INFO - __main__ - Validation Results step 4000: Accuracy 0.84492 (best 0.84492)
09/16/2026 04:43:41 - INFO - __main__ - Training (4100 / 10000 Steps) (loss=0.2369) lr=2.06e-02 1397s
09/16/2026 04:44:10 - INFO - __main__ - Training (4200 / 10000 Steps) (loss=0.1095) lr=2.01e-02 1426s
09/16/2026 04:44:39 - INFO - __main__ - Training (4300 / 10000 Steps) (loss=0.1501) lr=1.96e-02 1455s
09/16/2026 04:45:08 - INFO - __main__ - Training (4400 / 10000 Steps) (loss=0.4825) lr=1.92e-02 1484s
09/16/2026 04:45:37 - INFO - __main__ - Training (4500 / 10000 Steps) (loss=0.1931) lr=1.87e-02 1513s
09/16/2026 04:46:06 - INFO - __main__ - Training (4600 / 10000 Steps) (loss=0.1232) lr=1.82e-02 1542s
09/16/2026 04:46:35 - INFO - __main__ - Training (4700 / 10000 Steps) (loss=0.1364) lr=1.77e-02 1572s
09/16/2026 04:47:04 - INFO - __main__ - Training (4800 / 10000 Steps) (loss=0.1070) lr=1.72e-02 1601s
09/16/2026 04:47:33 - INFO - __main__ - Training (4900 / 10000 Steps) (loss=0.2431) lr=1.67e-02 1630s
09/16/2026 04:48:02 - INFO - __main__ - Training (5000 / 10000 Steps) (loss=0.3133) lr=1.62e-02 1659s
09/16/2026 04:48:52 - INFO - __main__ - Validation Results step 5000: Accuracy 0.84803 (best 0.84803)
09/16/2026 04:49:21 - INFO - __main__ - Training (5100 / 10000 Steps) (loss=0.0608) lr=1.57e-02 1737s
09/16/2026 04:49:50 - INFO - __main__ - Training (5200 / 10000 Steps) (loss=0.1700) lr=1.52e-02 1766s
09/16/2026 04:50:19 - INFO - __main__ - Training (5300 / 10000 Steps) (loss=0.0412) lr=1.48e-02 1795s
09/16/2026 04:50:48 - INFO - __main__ - Training (5400 / 10000 Steps) (loss=0.0458) lr=1.43e-02 1824s
09/16/2026 04:51:17 - INFO - __main__ - Training (5500 / 10000 Steps) (loss=0.0656) lr=1.38e-02 1853s
09/16/2026 04:51:47 - INFO - __main__ - Training (5600 / 10000 Steps) (loss=0.0248) lr=1.33e-02 1883s
09/16/2026 04:52:16 - INFO - __main__ - Training (5700 / 10000 Steps) (loss=0.0193) lr=1.28e-02 1912s
09/16/2026 04:52:45 - INFO - __main__ - Training (5800 / 10000 Steps) (loss=0.2560) lr=1.23e-02 1941s
09/16/2026 04:53:14 - INFO - __main__ - Training (5900 / 10000 Steps) (loss=0.0381) lr=1.18e-02 1970s
09/16/2026 04:53:43 - INFO - __main__ - Training (6000 / 10000 Steps) (loss=0.0409) lr=1.13e-02 1999s
09/16/2026 04:54:32 - INFO - __main__ - Validation Results step 6000: Accuracy 0.87402 (best 0.87402)
09/16/2026 04:55:01 - INFO - __main__ - Training (6100 / 10000 Steps) (loss=0.0158) lr=1.08e-02 2077s
09/16/2026 04:55:31 - INFO - __main__ - Training (6200 / 10000 Steps) (loss=0.0213) lr=1.04e-02 2107s
09/16/2026 04:56:00 - INFO - __main__ - Training (6300 / 10000 Steps) (loss=0.0202) lr=9.90e-03 2136s
09/16/2026 04:56:29 - INFO - __main__ - Training (6400 / 10000 Steps) (loss=0.0136) lr=9.43e-03 2165s
09/16/2026 04:56:58 - INFO - __main__ - Training (6500 / 10000 Steps) (loss=0.0438) lr=8.97e-03 2194s
09/16/2026 04:57:27 - INFO - __main__ - Training (6600 / 10000 Steps) (loss=0.0127) lr=8.52e-03 2223s
09/16/2026 04:57:56 - INFO - __main__ - Training (6700 / 10000 Steps) (loss=0.1202) lr=8.08e-03 2252s
09/16/2026 04:58:25 - INFO - __main__ - Training (6800 / 10000 Steps) (loss=0.0209) lr=7.64e-03 2281s
09/16/2026 04:58:54 - INFO - __main__ - Training (6900 / 10000 Steps) (loss=0.0454) lr=7.22e-03 2310s
09/16/2026 04:59:23 - INFO - __main__ - Training (7000 / 10000 Steps) (loss=0.0562) lr=6.80e-03 2339s
09/16/2026 05:00:13 - INFO - __main__ - Validation Results step 7000: Accuracy 0.88335 (best 0.88335)
09/16/2026 05:00:42 - INFO - __main__ - Training (7100 / 10000 Steps) (loss=0.0141) lr=6.39e-03 2418s
09/16/2026 05:01:11 - INFO - __main__ - Training (7200 / 10000 Steps) (loss=0.0252) lr=5.98e-03 2447s
09/16/2026 05:01:40 - INFO - __main__ - Training (7300 / 10000 Steps) (loss=0.0051) lr=5.59e-03 2476s
09/16/2026 05:02:09 - INFO - __main__ - Training (7400 / 10000 Steps) (loss=0.0133) lr=5.21e-03 2505s
09/16/2026 05:02:38 - INFO - __main__ - Training (7500 / 10000 Steps) (loss=0.0172) lr=4.84e-03 2534s
09/16/2026 05:03:07 - INFO - __main__ - Training (7600 / 10000 Steps) (loss=0.0119) lr=4.48e-03 2563s
09/16/2026 05:03:37 - INFO - __main__ - Training (7700 / 10000 Steps) (loss=0.0165) lr=4.13e-03 2593s
09/16/2026 05:04:06 - INFO - __main__ - Training (7800 / 10000 Steps) (loss=0.0254) lr=3.80e-03 2622s
09/16/2026 05:04:35 - INFO - __main__ - Training (7900 / 10000 Steps) (loss=0.0079) lr=3.47e-03 2651s
09/16/2026 05:05:04 - INFO - __main__ - Training (8000 / 10000 Steps) (loss=0.0087) lr=3.16e-03 2680s
09/16/2026 05:05:53 - INFO - __main__ - Validation Results step 8000: Accuracy 0.88994 (best 0.88994)
09/16/2026 05:06:22 - INFO - __main__ - Training (8100 / 10000 Steps) (loss=0.0070) lr=2.86e-03 2759s
09/16/2026 05:06:52 - INFO - __main__ - Training (8200 / 10000 Steps) (loss=0.0063) lr=2.58e-03 2788s
09/16/2026 05:07:21 - INFO - __main__ - Training (8300 / 10000 Steps) (loss=0.0054) lr=2.31e-03 2817s
09/16/2026 05:07:50 - INFO - __main__ - Training (8400 / 10000 Steps) (loss=0.0608) lr=2.05e-03 2846s
09/16/2026 05:08:19 - INFO - __main__ - Training (8500 / 10000 Steps) (loss=0.0034) lr=1.81e-03 2875s
09/16/2026 05:08:48 - INFO - __main__ - Training (8600 / 10000 Steps) (loss=0.0182) lr=1.58e-03 2904s
09/16/2026 05:09:17 - INFO - __main__ - Training (8700 / 10000 Steps) (loss=0.0053) lr=1.36e-03 2933s
09/16/2026 05:09:46 - INFO - __main__ - Training (8800 / 10000 Steps) (loss=0.0189) lr=1.17e-03 2962s
09/16/2026 05:10:15 - INFO - __main__ - Training (8900 / 10000 Steps) (loss=0.0086) lr=9.82e-04 2991s
09/16/2026 05:10:44 - INFO - __main__ - Training (9000 / 10000 Steps) (loss=0.0090) lr=8.13e-04 3020s
09/16/2026 05:11:34 - INFO - __main__ - Validation Results step 9000: Accuracy 0.89019 (best 0.89019)
09/16/2026 05:12:03 - INFO - __main__ - Training (9100 / 10000 Steps) (loss=0.0888) lr=6.59e-04 3099s
09/16/2026 05:12:32 - INFO - __main__ - Training (9200 / 10000 Steps) (loss=0.0214) lr=5.22e-04 3128s
09/16/2026 05:13:01 - INFO - __main__ - Training (9300 / 10000 Steps) (loss=0.0102) lr=4.00e-04 3157s
09/16/2026 05:13:30 - INFO - __main__ - Training (9400 / 10000 Steps) (loss=0.0277) lr=2.94e-04 3186s
09/16/2026 05:13:59 - INFO - __main__ - Training (9500 / 10000 Steps) (loss=0.0079) lr=2.05e-04 3215s
09/16/2026 05:14:28 - INFO - __main__ - Training (9600 / 10000 Steps) (loss=0.0307) lr=1.31e-04 3244s
09/16/2026 05:14:58 - INFO - __main__ - Training (9700 / 10000 Steps) (loss=0.0073) lr=7.38e-05 3274s
09/16/2026 05:15:27 - INFO - __main__ - Training (9800 / 10000 Steps) (loss=0.0042) lr=3.28e-05 3303s
09/16/2026 05:15:55 - INFO - __main__ - Training (9900 / 10000 Steps) (loss=0.1248) lr=8.20e-06 3332s
09/16/2026 05:16:24 - INFO - __main__ - Training (10000 / 10000 Steps) (loss=0.0067) lr=0.00e+00 3361s
09/16/2026 05:17:15 - INFO - __main__ - Validation Results step 10000: Accuracy 0.89069 (best 0.89069)
09/16/2026 05:17:15 - INFO - __main__ - Best Accuracy: 	0.890685
09/16/2026 05:17:15 - INFO - __main__ - End Training!
