/opt/anaconda3/envs/fal-wyh/lib/python3.9/site-packages/torchvision/transforms/transforms.py:329: UserWarning: Argument 'interpolation' of type int is deprecated since 0.13 and will be removed in 0.15. Please use InterpolationMode enum.
  warnings.warn(
09/16/2026 17:38:31 - INFO - models.modeling - load_pretrained: resized variant: torch.Size([1, 197, 768]) to torch.Size([1, 785, 768])
09/16/2026 17:38:33 - INFO - __main__ - Training parameters Namespace(data_root='/home/savo_shen/data_crops/dog/raw', name='dog_raw_s1', output_dir='output', pretrained='/home/savo_shen/Programs/FAL-ViT-main-wyh/imagenet21k_ViT-B_16.npz', img_size=448, train_batch_size=16, grad_accum=1, eval_batch_size=64, learning_rate=0.03, weight_decay=0.0, num_steps=10000, warmup_steps=500, eval_every=1000, max_grad_norm=1.0, num_workers=8, seed=1)
09/16/2026 17:38:33 - INFO - __main__ - effective batch = 16
09/16/2026 17:38:33 - INFO - __main__ - classes=120 train=12000 test=8580
load_pretrained: grid-size from 14 to 28
09/16/2026 17:39:04 - INFO - __main__ - Training (100 / 10000 Steps) (loss=4.6265) lr=6.00e-03 31s
09/16/2026 17:39:33 - INFO - __main__ - Training (200 / 10000 Steps) (loss=3.8588) lr=1.20e-02 60s
09/16/2026 17:40:01 - INFO - __main__ - Training (300 / 10000 Steps) (loss=2.7648) lr=1.80e-02 88s
09/16/2026 17:40:30 - INFO - __main__ - Training (400 / 10000 Steps) (loss=1.2502) lr=2.40e-02 117s
09/16/2026 17:40:59 - INFO - __main__ - Training (500 / 10000 Steps) (loss=0.7693) lr=3.00e-02 146s
09/16/2026 17:41:27 - INFO - __main__ - Training (600 / 10000 Steps) (loss=0.6798) lr=3.00e-02 174s
09/16/2026 17:41:56 - INFO - __main__ - Training (700 / 10000 Steps) (loss=0.6722) lr=3.00e-02 203s
09/16/2026 17:42:26 - INFO - __main__ - Training (800 / 10000 Steps) (loss=0.2353) lr=2.99e-02 233s
09/16/2026 17:42:55 - INFO - __main__ - Training (900 / 10000 Steps) (loss=0.6550) lr=2.99e-02 262s
09/16/2026 17:43:24 - INFO - __main__ - Training (1000 / 10000 Steps) (loss=0.5326) lr=2.98e-02 291s
09/16/2026 17:44:19 - INFO - __main__ - Validation Results step 1000: Accuracy 0.87564 (best 0.87564)
09/16/2026 17:44:48 - INFO - __main__ - Training (1100 / 10000 Steps) (loss=0.8292) lr=2.97e-02 375s
09/16/2026 17:45:17 - INFO - __main__ - Training (1200 / 10000 Steps) (loss=0.3021) lr=2.96e-02 404s
09/16/2026 17:45:45 - INFO - __main__ - Training (1300 / 10000 Steps) (loss=0.5674) lr=2.95e-02 432s
09/16/2026 17:46:14 - INFO - __main__ - Training (1400 / 10000 Steps) (loss=0.3461) lr=2.93e-02 461s
09/16/2026 17:46:43 - INFO - __main__ - Training (1500 / 10000 Steps) (loss=0.5895) lr=2.92e-02 490s
09/16/2026 17:47:13 - INFO - __main__ - Training (1600 / 10000 Steps) (loss=0.7047) lr=2.90e-02 520s
09/16/2026 17:47:41 - INFO - __main__ - Training (1700 / 10000 Steps) (loss=0.2511) lr=2.88e-02 548s
09/16/2026 17:48:10 - INFO - __main__ - Training (1800 / 10000 Steps) (loss=0.4017) lr=2.86e-02 577s
09/16/2026 17:48:39 - INFO - __main__ - Training (1900 / 10000 Steps) (loss=0.1796) lr=2.84e-02 606s
09/16/2026 17:49:08 - INFO - __main__ - Training (2000 / 10000 Steps) (loss=0.4193) lr=2.82e-02 635s
09/16/2026 17:50:01 - INFO - __main__ - Validation Results step 2000: Accuracy 0.86387 (best 0.87564)
09/16/2026 17:50:30 - INFO - __main__ - Training (2100 / 10000 Steps) (loss=0.3891) lr=2.79e-02 717s
09/16/2026 17:50:58 - INFO - __main__ - Training (2200 / 10000 Steps) (loss=0.3634) lr=2.77e-02 745s
09/16/2026 17:51:28 - INFO - __main__ - Training (2300 / 10000 Steps) (loss=0.6449) lr=2.74e-02 775s
09/16/2026 17:51:57 - INFO - __main__ - Training (2400 / 10000 Steps) (loss=0.0971) lr=2.71e-02 804s
09/16/2026 17:52:26 - INFO - __main__ - Training (2500 / 10000 Steps) (loss=0.5862) lr=2.68e-02 833s
09/16/2026 17:52:55 - INFO - __main__ - Training (2600 / 10000 Steps) (loss=0.2129) lr=2.65e-02 862s
09/16/2026 17:53:24 - INFO - __main__ - Training (2700 / 10000 Steps) (loss=0.3482) lr=2.62e-02 891s
09/16/2026 17:53:52 - INFO - __main__ - Training (2800 / 10000 Steps) (loss=0.4475) lr=2.59e-02 919s
09/16/2026 17:54:21 - INFO - __main__ - Training (2900 / 10000 Steps) (loss=0.0134) lr=2.55e-02 948s
09/16/2026 17:54:50 - INFO - __main__ - Training (3000 / 10000 Steps) (loss=0.2316) lr=2.52e-02 977s
09/16/2026 17:55:44 - INFO - __main__ - Validation Results step 3000: Accuracy 0.87739 (best 0.87739)
09/16/2026 17:56:13 - INFO - __main__ - Training (3100 / 10000 Steps) (loss=0.0387) lr=2.48e-02 1060s
09/16/2026 17:56:42 - INFO - __main__ - Training (3200 / 10000 Steps) (loss=0.0679) lr=2.44e-02 1089s
09/16/2026 17:57:11 - INFO - __main__ - Training (3300 / 10000 Steps) (loss=0.0414) lr=2.40e-02 1118s
09/16/2026 17:57:40 - INFO - __main__ - Training (3400 / 10000 Steps) (loss=0.3560) lr=2.36e-02 1147s
09/16/2026 17:58:09 - INFO - __main__ - Training (3500 / 10000 Steps) (loss=0.0335) lr=2.32e-02 1176s
09/16/2026 17:58:38 - INFO - __main__ - Training (3600 / 10000 Steps) (loss=0.3785) lr=2.28e-02 1205s
09/16/2026 17:59:07 - INFO - __main__ - Training (3700 / 10000 Steps) (loss=0.0181) lr=2.24e-02 1234s
09/16/2026 17:59:36 - INFO - __main__ - Training (3800 / 10000 Steps) (loss=0.1381) lr=2.19e-02 1263s
09/16/2026 18:00:05 - INFO - __main__ - Training (3900 / 10000 Steps) (loss=0.0438) lr=2.15e-02 1292s
09/16/2026 18:00:34 - INFO - __main__ - Training (4000 / 10000 Steps) (loss=0.0502) lr=2.10e-02 1321s
09/16/2026 18:01:27 - INFO - __main__ - Validation Results step 4000: Accuracy 0.88601 (best 0.88601)
09/16/2026 18:01:56 - INFO - __main__ - Training (4100 / 10000 Steps) (loss=0.6004) lr=2.06e-02 1403s
09/16/2026 18:02:25 - INFO - __main__ - Training (4200 / 10000 Steps) (loss=0.4020) lr=2.01e-02 1432s
09/16/2026 18:02:54 - INFO - __main__ - Training (4300 / 10000 Steps) (loss=0.0831) lr=1.96e-02 1461s
09/16/2026 18:03:23 - INFO - __main__ - Training (4400 / 10000 Steps) (loss=0.1927) lr=1.92e-02 1490s
09/16/2026 18:03:52 - INFO - __main__ - Training (4500 / 10000 Steps) (loss=0.0475) lr=1.87e-02 1519s
09/16/2026 18:04:21 - INFO - __main__ - Training (4600 / 10000 Steps) (loss=0.0464) lr=1.82e-02 1548s
09/16/2026 18:04:50 - INFO - __main__ - Training (4700 / 10000 Steps) (loss=0.0193) lr=1.77e-02 1577s
09/16/2026 18:05:19 - INFO - __main__ - Training (4800 / 10000 Steps) (loss=0.0202) lr=1.72e-02 1606s
09/16/2026 18:05:48 - INFO - __main__ - Training (4900 / 10000 Steps) (loss=0.0706) lr=1.67e-02 1635s
09/16/2026 18:06:17 - INFO - __main__ - Training (5000 / 10000 Steps) (loss=0.1618) lr=1.62e-02 1664s
09/16/2026 18:07:10 - INFO - __main__ - Validation Results step 5000: Accuracy 0.88497 (best 0.88601)
09/16/2026 18:07:39 - INFO - __main__ - Training (5100 / 10000 Steps) (loss=0.0124) lr=1.57e-02 1746s
09/16/2026 18:08:08 - INFO - __main__ - Training (5200 / 10000 Steps) (loss=0.0039) lr=1.52e-02 1775s
09/16/2026 18:08:38 - INFO - __main__ - Training (5300 / 10000 Steps) (loss=0.2869) lr=1.48e-02 1805s
09/16/2026 18:09:06 - INFO - __main__ - Training (5400 / 10000 Steps) (loss=0.0571) lr=1.43e-02 1833s
09/16/2026 18:09:35 - INFO - __main__ - Training (5500 / 10000 Steps) (loss=0.0109) lr=1.38e-02 1862s
09/16/2026 18:10:04 - INFO - __main__ - Training (5600 / 10000 Steps) (loss=0.0077) lr=1.33e-02 1891s
09/16/2026 18:10:33 - INFO - __main__ - Training (5700 / 10000 Steps) (loss=0.0614) lr=1.28e-02 1920s
09/16/2026 18:11:02 - INFO - __main__ - Training (5800 / 10000 Steps) (loss=0.0084) lr=1.23e-02 1949s
09/16/2026 18:11:31 - INFO - __main__ - Training (5900 / 10000 Steps) (loss=0.1828) lr=1.18e-02 1978s
09/16/2026 18:12:00 - INFO - __main__ - Training (6000 / 10000 Steps) (loss=0.0445) lr=1.13e-02 2007s
09/16/2026 18:12:53 - INFO - __main__ - Validation Results step 6000: Accuracy 0.89674 (best 0.89674)
09/16/2026 18:13:23 - INFO - __main__ - Training (6100 / 10000 Steps) (loss=0.2725) lr=1.08e-02 2090s
09/16/2026 18:13:52 - INFO - __main__ - Training (6200 / 10000 Steps) (loss=0.0069) lr=1.04e-02 2119s
09/16/2026 18:14:21 - INFO - __main__ - Training (6300 / 10000 Steps) (loss=0.0142) lr=9.90e-03 2148s
09/16/2026 18:14:50 - INFO - __main__ - Training (6400 / 10000 Steps) (loss=0.0263) lr=9.43e-03 2177s
09/16/2026 18:15:19 - INFO - __main__ - Training (6500 / 10000 Steps) (loss=0.0060) lr=8.97e-03 2206s
09/16/2026 18:15:47 - INFO - __main__ - Training (6600 / 10000 Steps) (loss=0.0582) lr=8.52e-03 2234s
09/16/2026 18:16:16 - INFO - __main__ - Training (6700 / 10000 Steps) (loss=0.0720) lr=8.08e-03 2263s
09/16/2026 18:16:46 - INFO - __main__ - Training (6800 / 10000 Steps) (loss=0.0016) lr=7.64e-03 2293s
09/16/2026 18:17:15 - INFO - __main__ - Training (6900 / 10000 Steps) (loss=0.0036) lr=7.22e-03 2322s
09/16/2026 18:17:44 - INFO - __main__ - Training (7000 / 10000 Steps) (loss=0.0041) lr=6.80e-03 2351s
09/16/2026 18:18:37 - INFO - __main__ - Validation Results step 7000: Accuracy 0.90315 (best 0.90315)
09/16/2026 18:19:06 - INFO - __main__ - Training (7100 / 10000 Steps) (loss=0.0023) lr=6.39e-03 2433s
09/16/2026 18:19:35 - INFO - __main__ - Training (7200 / 10000 Steps) (loss=0.0111) lr=5.98e-03 2462s
09/16/2026 18:20:04 - INFO - __main__ - Training (7300 / 10000 Steps) (loss=0.0074) lr=5.59e-03 2491s
09/16/2026 18:20:33 - INFO - __main__ - Training (7400 / 10000 Steps) (loss=0.0037) lr=5.21e-03 2520s
09/16/2026 18:21:02 - INFO - __main__ - Training (7500 / 10000 Steps) (loss=0.0063) lr=4.84e-03 2549s
09/16/2026 18:21:31 - INFO - __main__ - Training (7600 / 10000 Steps) (loss=0.0057) lr=4.48e-03 2578s
09/16/2026 18:22:00 - INFO - __main__ - Training (7700 / 10000 Steps) (loss=0.0021) lr=4.13e-03 2607s
09/16/2026 18:22:29 - INFO - __main__ - Training (7800 / 10000 Steps) (loss=0.0053) lr=3.80e-03 2636s
09/16/2026 18:22:58 - INFO - __main__ - Training (7900 / 10000 Steps) (loss=0.0010) lr=3.47e-03 2665s
09/16/2026 18:23:27 - INFO - __main__ - Training (8000 / 10000 Steps) (loss=0.0040) lr=3.16e-03 2694s
09/16/2026 18:24:20 - INFO - __main__ - Validation Results step 8000: Accuracy 0.90769 (best 0.90769)
09/16/2026 18:24:49 - INFO - __main__ - Training (8100 / 10000 Steps) (loss=0.0363) lr=2.86e-03 2776s
09/16/2026 18:25:18 - INFO - __main__ - Training (8200 / 10000 Steps) (loss=0.0051) lr=2.58e-03 2805s
09/16/2026 18:25:47 - INFO - __main__ - Training (8300 / 10000 Steps) (loss=0.0070) lr=2.31e-03 2834s
09/16/2026 18:26:16 - INFO - __main__ - Training (8400 / 10000 Steps) (loss=0.0026) lr=2.05e-03 2863s
09/16/2026 18:26:45 - INFO - __main__ - Training (8500 / 10000 Steps) (loss=0.0019) lr=1.81e-03 2892s
09/16/2026 18:27:14 - INFO - __main__ - Training (8600 / 10000 Steps) (loss=0.0014) lr=1.58e-03 2921s
09/16/2026 18:27:43 - INFO - __main__ - Training (8700 / 10000 Steps) (loss=0.0063) lr=1.36e-03 2950s
09/16/2026 18:28:12 - INFO - __main__ - Training (8800 / 10000 Steps) (loss=0.0024) lr=1.17e-03 2978s
09/16/2026 18:28:40 - INFO - __main__ - Training (8900 / 10000 Steps) (loss=0.0046) lr=9.82e-04 3007s
09/16/2026 18:29:09 - INFO - __main__ - Training (9000 / 10000 Steps) (loss=0.0010) lr=8.13e-04 3036s
09/16/2026 18:30:03 - INFO - __main__ - Validation Results step 9000: Accuracy 0.90874 (best 0.90874)
09/16/2026 18:30:32 - INFO - __main__ - Training (9100 / 10000 Steps) (loss=0.0016) lr=6.59e-04 3119s
09/16/2026 18:31:01 - INFO - __main__ - Training (9200 / 10000 Steps) (loss=0.0014) lr=5.22e-04 3148s
09/16/2026 18:31:30 - INFO - __main__ - Training (9300 / 10000 Steps) (loss=0.0069) lr=4.00e-04 3177s
09/16/2026 18:31:59 - INFO - __main__ - Training (9400 / 10000 Steps) (loss=0.0016) lr=2.94e-04 3206s
09/16/2026 18:32:28 - INFO - __main__ - Training (9500 / 10000 Steps) (loss=0.0292) lr=2.05e-04 3235s
09/16/2026 18:32:57 - INFO - __main__ - Training (9600 / 10000 Steps) (loss=0.0028) lr=1.31e-04 3264s
09/16/2026 18:33:26 - INFO - __main__ - Training (9700 / 10000 Steps) (loss=0.0018) lr=7.38e-05 3293s
09/16/2026 18:33:55 - INFO - __main__ - Training (9800 / 10000 Steps) (loss=0.0016) lr=3.28e-05 3322s
09/16/2026 18:34:24 - INFO - __main__ - Training (9900 / 10000 Steps) (loss=0.0065) lr=8.20e-06 3351s
09/16/2026 18:34:53 - INFO - __main__ - Training (10000 / 10000 Steps) (loss=0.0023) lr=0.00e+00 3380s
09/16/2026 18:35:46 - INFO - __main__ - Validation Results step 10000: Accuracy 0.90944 (best 0.90944)
09/16/2026 18:35:46 - INFO - __main__ - Best Accuracy: 	0.909441
09/16/2026 18:35:46 - INFO - __main__ - End Training!
