/opt/anaconda3/envs/fal-wyh/lib/python3.9/site-packages/torchvision/transforms/transforms.py:329: UserWarning: Argument 'interpolation' of type int is deprecated since 0.13 and will be removed in 0.15. Please use InterpolationMode enum.
  warnings.warn(
09/17/2026 06:49:30 - INFO - models.modeling - load_pretrained: resized variant: torch.Size([1, 197, 768]) to torch.Size([1, 785, 768])
09/17/2026 06:49:33 - INFO - timm.models._builder - Loading pretrained weights from Hugging Face hub (timm/vit_base_patch16_dinov3.lvd1689m)
09/17/2026 06:49:33 - INFO - httpx - HTTP Request: HEAD https://hf-mirror.com/timm/vit_base_patch16_dinov3.lvd1689m/resolve/main/model.safetensors "HTTP/1.1 302 Found"
09/17/2026 06:49:33 - INFO - timm.models._hub - [timm/vit_base_patch16_dinov3.lvd1689m] Safe alternative available for 'pytorch_model.bin' (as 'model.safetensors'). Loading weights using safetensors.
09/17/2026 06:49:35 - INFO - __main__ - Training parameters Namespace(data_root='/home/savo_shen/data_crops/nabirds/raw', name='nabirds_tok10', output_dir='output', pretrained='/home/savo_shen/Programs/FAL-ViT-main-wyh/imagenet21k_ViT-B_16.npz', img_size=448, select='dinov3', keep=0.1, sel_img=448, train_batch_size=16, grad_accum=1, eval_batch_size=64, learning_rate=0.03, weight_decay=0.0, num_steps=10000, warmup_steps=500, eval_every=1000, max_grad_norm=1.0, num_workers=8, seed=42)
09/17/2026 06:49:35 - INFO - __main__ - classes=555 train=23929 test=24633  tokens kept 78 / 784
load_pretrained: grid-size from 14 to 28
09/17/2026 06:50:03 - INFO - __main__ - Training (100 / 10000 Steps) (loss=6.2759) lr=6.00e-03 28s
09/17/2026 06:50:27 - INFO - __main__ - Training (200 / 10000 Steps) (loss=6.1694) lr=1.20e-02 52s
09/17/2026 06:50:52 - INFO - __main__ - Training (300 / 10000 Steps) (loss=5.8757) lr=1.80e-02 77s
09/17/2026 06:51:17 - INFO - __main__ - Training (400 / 10000 Steps) (loss=5.1509) lr=2.40e-02 102s
09/17/2026 06:51:41 - INFO - __main__ - Training (500 / 10000 Steps) (loss=4.1788) lr=3.00e-02 127s
09/17/2026 06:52:06 - INFO - __main__ - Training (600 / 10000 Steps) (loss=3.8008) lr=3.00e-02 152s
09/17/2026 06:52:31 - INFO - __main__ - Training (700 / 10000 Steps) (loss=3.3624) lr=3.00e-02 176s
09/17/2026 06:52:56 - INFO - __main__ - Training (800 / 10000 Steps) (loss=2.0790) lr=2.99e-02 201s
09/17/2026 06:53:21 - INFO - __main__ - Training (900 / 10000 Steps) (loss=2.6176) lr=2.99e-02 226s
09/17/2026 06:53:46 - INFO - __main__ - Training (1000 / 10000 Steps) (loss=1.9695) lr=2.98e-02 251s
09/17/2026 06:59:21 - INFO - __main__ - Validation Results step 1000: Accuracy 0.56579 (best 0.56579)
09/17/2026 06:59:46 - INFO - __main__ - Training (1100 / 10000 Steps) (loss=1.6207) lr=2.97e-02 611s
09/17/2026 07:00:11 - INFO - __main__ - Training (1200 / 10000 Steps) (loss=1.7658) lr=2.96e-02 636s
09/17/2026 07:00:36 - INFO - __main__ - Training (1300 / 10000 Steps) (loss=1.5843) lr=2.95e-02 661s
09/17/2026 07:01:01 - INFO - __main__ - Training (1400 / 10000 Steps) (loss=1.0506) lr=2.93e-02 686s
09/17/2026 07:01:26 - INFO - __main__ - Training (1500 / 10000 Steps) (loss=0.9665) lr=2.92e-02 711s
09/17/2026 07:01:51 - INFO - __main__ - Training (1600 / 10000 Steps) (loss=0.6695) lr=2.90e-02 736s
09/17/2026 07:02:16 - INFO - __main__ - Training (1700 / 10000 Steps) (loss=1.0616) lr=2.88e-02 761s
09/17/2026 07:02:40 - INFO - __main__ - Training (1800 / 10000 Steps) (loss=1.4423) lr=2.86e-02 786s
09/17/2026 07:03:05 - INFO - __main__ - Training (1900 / 10000 Steps) (loss=0.9498) lr=2.84e-02 811s
09/17/2026 07:03:30 - INFO - __main__ - Training (2000 / 10000 Steps) (loss=0.9947) lr=2.82e-02 835s
09/17/2026 07:09:04 - INFO - __main__ - Validation Results step 2000: Accuracy 0.71498 (best 0.71498)
09/17/2026 07:09:29 - INFO - __main__ - Training (2100 / 10000 Steps) (loss=0.5285) lr=2.79e-02 1194s
09/17/2026 07:09:54 - INFO - __main__ - Training (2200 / 10000 Steps) (loss=0.4903) lr=2.77e-02 1219s
09/17/2026 07:10:19 - INFO - __main__ - Training (2300 / 10000 Steps) (loss=0.5867) lr=2.74e-02 1245s
09/17/2026 07:10:44 - INFO - __main__ - Training (2400 / 10000 Steps) (loss=1.0063) lr=2.71e-02 1269s
09/17/2026 07:11:09 - INFO - __main__ - Training (2500 / 10000 Steps) (loss=1.1082) lr=2.68e-02 1295s
09/17/2026 07:11:34 - INFO - __main__ - Training (2600 / 10000 Steps) (loss=0.4498) lr=2.65e-02 1319s
09/17/2026 07:11:59 - INFO - __main__ - Training (2700 / 10000 Steps) (loss=1.0256) lr=2.62e-02 1344s
09/17/2026 07:12:24 - INFO - __main__ - Training (2800 / 10000 Steps) (loss=1.0940) lr=2.59e-02 1369s
09/17/2026 07:12:49 - INFO - __main__ - Training (2900 / 10000 Steps) (loss=0.9930) lr=2.55e-02 1394s
09/17/2026 07:13:14 - INFO - __main__ - Training (3000 / 10000 Steps) (loss=0.4358) lr=2.52e-02 1419s
09/17/2026 07:18:50 - INFO - __main__ - Validation Results step 3000: Accuracy 0.77315 (best 0.77315)
09/17/2026 07:19:15 - INFO - __main__ - Training (3100 / 10000 Steps) (loss=0.7316) lr=2.48e-02 1780s
09/17/2026 07:19:40 - INFO - __main__ - Training (3200 / 10000 Steps) (loss=0.8931) lr=2.44e-02 1805s
09/17/2026 07:20:04 - INFO - __main__ - Training (3300 / 10000 Steps) (loss=0.4395) lr=2.40e-02 1830s
09/17/2026 07:20:29 - INFO - __main__ - Training (3400 / 10000 Steps) (loss=0.8472) lr=2.36e-02 1855s
09/17/2026 07:20:54 - INFO - __main__ - Training (3500 / 10000 Steps) (loss=0.9161) lr=2.32e-02 1880s
09/17/2026 07:21:19 - INFO - __main__ - Training (3600 / 10000 Steps) (loss=0.6063) lr=2.28e-02 1904s
09/17/2026 07:21:44 - INFO - __main__ - Training (3700 / 10000 Steps) (loss=0.3323) lr=2.24e-02 1929s
09/17/2026 07:22:09 - INFO - __main__ - Training (3800 / 10000 Steps) (loss=0.2815) lr=2.19e-02 1954s
09/17/2026 07:22:34 - INFO - __main__ - Training (3900 / 10000 Steps) (loss=0.7133) lr=2.15e-02 1979s
09/17/2026 07:22:59 - INFO - __main__ - Training (4000 / 10000 Steps) (loss=0.5242) lr=2.10e-02 2004s
09/17/2026 07:28:33 - INFO - __main__ - Validation Results step 4000: Accuracy 0.81813 (best 0.81813)
09/17/2026 07:28:58 - INFO - __main__ - Training (4100 / 10000 Steps) (loss=0.6862) lr=2.06e-02 2364s
09/17/2026 07:29:23 - INFO - __main__ - Training (4200 / 10000 Steps) (loss=0.2156) lr=2.01e-02 2389s
09/17/2026 07:29:48 - INFO - __main__ - Training (4300 / 10000 Steps) (loss=0.5404) lr=1.96e-02 2413s
09/17/2026 07:30:13 - INFO - __main__ - Training (4400 / 10000 Steps) (loss=0.7368) lr=1.92e-02 2438s
09/17/2026 07:30:39 - INFO - __main__ - Training (4500 / 10000 Steps) (loss=0.1571) lr=1.87e-02 2464s
09/17/2026 07:31:03 - INFO - __main__ - Training (4600 / 10000 Steps) (loss=0.7249) lr=1.82e-02 2489s
09/17/2026 07:31:28 - INFO - __main__ - Training (4700 / 10000 Steps) (loss=0.5144) lr=1.77e-02 2514s
09/17/2026 07:31:53 - INFO - __main__ - Training (4800 / 10000 Steps) (loss=0.2991) lr=1.72e-02 2538s
09/17/2026 07:32:18 - INFO - __main__ - Training (4900 / 10000 Steps) (loss=0.4237) lr=1.67e-02 2563s
09/17/2026 07:32:43 - INFO - __main__ - Training (5000 / 10000 Steps) (loss=0.2194) lr=1.62e-02 2588s
09/17/2026 07:38:17 - INFO - __main__ - Validation Results step 5000: Accuracy 0.83214 (best 0.83214)
09/17/2026 07:38:43 - INFO - __main__ - Training (5100 / 10000 Steps) (loss=0.6001) lr=1.57e-02 2948s
09/17/2026 07:39:07 - INFO - __main__ - Training (5200 / 10000 Steps) (loss=0.4812) lr=1.52e-02 2973s
09/17/2026 07:39:33 - INFO - __main__ - Training (5300 / 10000 Steps) (loss=0.4463) lr=1.48e-02 2998s
09/17/2026 07:39:57 - INFO - __main__ - Training (5400 / 10000 Steps) (loss=0.3659) lr=1.43e-02 3023s
09/17/2026 07:40:22 - INFO - __main__ - Training (5500 / 10000 Steps) (loss=0.4504) lr=1.38e-02 3048s
09/17/2026 07:40:47 - INFO - __main__ - Training (5600 / 10000 Steps) (loss=0.5046) lr=1.33e-02 3072s
09/17/2026 07:41:12 - INFO - __main__ - Training (5700 / 10000 Steps) (loss=0.3167) lr=1.28e-02 3097s
09/17/2026 07:41:37 - INFO - __main__ - Training (5800 / 10000 Steps) (loss=0.5503) lr=1.23e-02 3122s
09/17/2026 07:42:02 - INFO - __main__ - Training (5900 / 10000 Steps) (loss=0.2330) lr=1.18e-02 3147s
09/17/2026 07:42:27 - INFO - __main__ - Training (6000 / 10000 Steps) (loss=0.1015) lr=1.13e-02 3173s
09/17/2026 07:48:02 - INFO - __main__ - Validation Results step 6000: Accuracy 0.84708 (best 0.84708)
09/17/2026 07:48:27 - INFO - __main__ - Training (6100 / 10000 Steps) (loss=0.1772) lr=1.08e-02 3532s
09/17/2026 07:48:52 - INFO - __main__ - Training (6200 / 10000 Steps) (loss=0.3455) lr=1.04e-02 3557s
09/17/2026 07:49:16 - INFO - __main__ - Training (6300 / 10000 Steps) (loss=0.1152) lr=9.90e-03 3582s
09/17/2026 07:49:41 - INFO - __main__ - Training (6400 / 10000 Steps) (loss=0.2631) lr=9.43e-03 3607s
09/17/2026 07:50:06 - INFO - __main__ - Training (6500 / 10000 Steps) (loss=0.1627) lr=8.97e-03 3631s
09/17/2026 07:50:31 - INFO - __main__ - Training (6600 / 10000 Steps) (loss=0.3181) lr=8.52e-03 3656s
09/17/2026 07:50:56 - INFO - __main__ - Training (6700 / 10000 Steps) (loss=0.2217) lr=8.08e-03 3681s
09/17/2026 07:51:21 - INFO - __main__ - Training (6800 / 10000 Steps) (loss=0.2280) lr=7.64e-03 3706s
09/17/2026 07:51:46 - INFO - __main__ - Training (6900 / 10000 Steps) (loss=0.2013) lr=7.22e-03 3731s
09/17/2026 07:52:10 - INFO - __main__ - Training (7000 / 10000 Steps) (loss=0.1325) lr=6.80e-03 3756s
09/17/2026 07:57:45 - INFO - __main__ - Validation Results step 7000: Accuracy 0.85856 (best 0.85856)
09/17/2026 07:58:10 - INFO - __main__ - Training (7100 / 10000 Steps) (loss=0.2760) lr=6.39e-03 4115s
09/17/2026 07:58:35 - INFO - __main__ - Training (7200 / 10000 Steps) (loss=0.1810) lr=5.98e-03 4140s
09/17/2026 07:59:00 - INFO - __main__ - Training (7300 / 10000 Steps) (loss=0.5273) lr=5.59e-03 4165s
09/17/2026 07:59:24 - INFO - __main__ - Training (7400 / 10000 Steps) (loss=0.4402) lr=5.21e-03 4190s
09/17/2026 07:59:50 - INFO - __main__ - Training (7500 / 10000 Steps) (loss=0.1495) lr=4.84e-03 4215s
09/17/2026 08:00:14 - INFO - __main__ - Training (7600 / 10000 Steps) (loss=0.1331) lr=4.48e-03 4240s
09/17/2026 08:00:39 - INFO - __main__ - Training (7700 / 10000 Steps) (loss=0.1242) lr=4.13e-03 4265s
09/17/2026 08:01:04 - INFO - __main__ - Training (7800 / 10000 Steps) (loss=0.1188) lr=3.80e-03 4289s
09/17/2026 08:01:29 - INFO - __main__ - Training (7900 / 10000 Steps) (loss=0.3834) lr=3.47e-03 4314s
09/17/2026 08:01:54 - INFO - __main__ - Training (8000 / 10000 Steps) (loss=0.4781) lr=3.16e-03 4339s
09/17/2026 08:07:28 - INFO - __main__ - Validation Results step 8000: Accuracy 0.87143 (best 0.87143)
09/17/2026 08:07:53 - INFO - __main__ - Training (8100 / 10000 Steps) (loss=0.2096) lr=2.86e-03 4699s
09/17/2026 08:08:18 - INFO - __main__ - Training (8200 / 10000 Steps) (loss=0.4478) lr=2.58e-03 4723s
09/17/2026 08:08:43 - INFO - __main__ - Training (8300 / 10000 Steps) (loss=0.0994) lr=2.31e-03 4748s
09/17/2026 08:09:08 - INFO - __main__ - Training (8400 / 10000 Steps) (loss=0.2292) lr=2.05e-03 4773s
09/17/2026 08:09:33 - INFO - __main__ - Training (8500 / 10000 Steps) (loss=0.2356) lr=1.81e-03 4798s
09/17/2026 08:09:58 - INFO - __main__ - Training (8600 / 10000 Steps) (loss=0.1370) lr=1.58e-03 4823s
09/17/2026 08:10:23 - INFO - __main__ - Training (8700 / 10000 Steps) (loss=0.2835) lr=1.36e-03 4848s
09/17/2026 08:10:48 - INFO - __main__ - Training (8800 / 10000 Steps) (loss=0.2206) lr=1.17e-03 4873s
09/17/2026 08:11:12 - INFO - __main__ - Training (8900 / 10000 Steps) (loss=0.0734) lr=9.82e-04 4898s
09/17/2026 08:11:38 - INFO - __main__ - Training (9000 / 10000 Steps) (loss=0.0432) lr=8.13e-04 4923s
09/17/2026 08:17:12 - INFO - __main__ - Validation Results step 9000: Accuracy 0.87509 (best 0.87509)
09/17/2026 08:17:37 - INFO - __main__ - Training (9100 / 10000 Steps) (loss=0.2342) lr=6.59e-04 5282s
09/17/2026 08:18:02 - INFO - __main__ - Training (9200 / 10000 Steps) (loss=0.0949) lr=5.22e-04 5307s
09/17/2026 08:18:27 - INFO - __main__ - Training (9300 / 10000 Steps) (loss=0.1756) lr=4.00e-04 5332s
09/17/2026 08:18:52 - INFO - __main__ - Training (9400 / 10000 Steps) (loss=0.1755) lr=2.94e-04 5357s
09/17/2026 08:19:17 - INFO - __main__ - Training (9500 / 10000 Steps) (loss=0.2425) lr=2.05e-04 5382s
09/17/2026 08:19:41 - INFO - __main__ - Training (9600 / 10000 Steps) (loss=0.4532) lr=1.31e-04 5407s
09/17/2026 08:20:06 - INFO - __main__ - Training (9700 / 10000 Steps) (loss=0.1504) lr=7.38e-05 5432s
09/17/2026 08:20:31 - INFO - __main__ - Training (9800 / 10000 Steps) (loss=0.0552) lr=3.28e-05 5456s
09/17/2026 08:20:56 - INFO - __main__ - Training (9900 / 10000 Steps) (loss=0.0815) lr=8.20e-06 5481s
09/17/2026 08:21:21 - INFO - __main__ - Training (10000 / 10000 Steps) (loss=0.1658) lr=0.00e+00 5506s
09/17/2026 08:26:55 - INFO - __main__ - Validation Results step 10000: Accuracy 0.87634 (best 0.87634)
09/17/2026 08:26:55 - INFO - __main__ - Best Accuracy: 	0.876345
09/17/2026 08:26:55 - INFO - __main__ - End Training!
