/opt/anaconda3/envs/fal-wyh/lib/python3.9/site-packages/torchvision/transforms/transforms.py:329: UserWarning: Argument 'interpolation' of type int is deprecated since 0.13 and will be removed in 0.15. Please use InterpolationMode enum.
  warnings.warn(
09/16/2026 14:20:50 - INFO - __main__ - Training parameters Namespace(data_root='/home/savo_shen/data_crops/cub/dinov3_sq224', name='cub_dinov3_sq224_224', output_dir='output', pretrained='/home/savo_shen/Programs/FAL-ViT-main-wyh/imagenet21k_ViT-B_16.npz', img_size=224, train_batch_size=16, grad_accum=1, eval_batch_size=128, learning_rate=0.03, weight_decay=0.0, num_steps=10000, warmup_steps=500, eval_every=1000, max_grad_norm=1.0, num_workers=8, seed=42)
09/16/2026 14:20:50 - INFO - __main__ - effective batch = 16
09/16/2026 14:20:50 - INFO - __main__ - classes=200 train=5994 test=5794
09/16/2026 14:20:59 - INFO - __main__ - Training (100 / 10000 Steps) (loss=5.1826) lr=6.00e-03 8s
09/16/2026 14:21:05 - INFO - __main__ - Training (200 / 10000 Steps) (loss=4.7026) lr=1.20e-02 15s
09/16/2026 14:21:11 - INFO - __main__ - Training (300 / 10000 Steps) (loss=3.5615) lr=1.80e-02 21s
09/16/2026 14:21:18 - INFO - __main__ - Training (400 / 10000 Steps) (loss=2.2698) lr=2.40e-02 28s
09/16/2026 14:21:24 - INFO - __main__ - Training (500 / 10000 Steps) (loss=1.6482) lr=3.00e-02 34s
09/16/2026 14:21:30 - INFO - __main__ - Training (600 / 10000 Steps) (loss=0.7795) lr=3.00e-02 40s
09/16/2026 14:21:37 - INFO - __main__ - Training (700 / 10000 Steps) (loss=1.1321) lr=3.00e-02 47s
09/16/2026 14:21:43 - INFO - __main__ - Training (800 / 10000 Steps) (loss=0.8543) lr=2.99e-02 53s
09/16/2026 14:21:49 - INFO - __main__ - Training (900 / 10000 Steps) (loss=0.6330) lr=2.99e-02 59s
09/16/2026 14:21:56 - INFO - __main__ - Training (1000 / 10000 Steps) (loss=0.8355) lr=2.98e-02 66s
09/16/2026 14:22:04 - INFO - __main__ - Validation Results step 1000: Accuracy 0.82603 (best 0.82603)
09/16/2026 14:22:11 - INFO - __main__ - Training (1100 / 10000 Steps) (loss=0.5783) lr=2.97e-02 81s
09/16/2026 14:22:17 - INFO - __main__ - Training (1200 / 10000 Steps) (loss=0.5398) lr=2.96e-02 87s
09/16/2026 14:22:24 - INFO - __main__ - Training (1300 / 10000 Steps) (loss=0.3258) lr=2.95e-02 94s
09/16/2026 14:22:31 - INFO - __main__ - Training (1400 / 10000 Steps) (loss=0.6526) lr=2.93e-02 100s
09/16/2026 14:22:37 - INFO - __main__ - Training (1500 / 10000 Steps) (loss=0.4756) lr=2.92e-02 107s
09/16/2026 14:22:43 - INFO - __main__ - Training (1600 / 10000 Steps) (loss=0.2997) lr=2.90e-02 113s
09/16/2026 14:22:50 - INFO - __main__ - Training (1700 / 10000 Steps) (loss=0.4330) lr=2.88e-02 119s
09/16/2026 14:22:56 - INFO - __main__ - Training (1800 / 10000 Steps) (loss=0.2088) lr=2.86e-02 126s
09/16/2026 14:23:02 - INFO - __main__ - Training (1900 / 10000 Steps) (loss=0.2645) lr=2.84e-02 132s
09/16/2026 14:23:09 - INFO - __main__ - Training (2000 / 10000 Steps) (loss=0.1819) lr=2.82e-02 139s
09/16/2026 14:23:16 - INFO - __main__ - Validation Results step 2000: Accuracy 0.86072 (best 0.86072)
09/16/2026 14:23:22 - INFO - __main__ - Training (2100 / 10000 Steps) (loss=0.1596) lr=2.79e-02 152s
09/16/2026 14:23:29 - INFO - __main__ - Training (2200 / 10000 Steps) (loss=0.6764) lr=2.77e-02 159s
09/16/2026 14:23:35 - INFO - __main__ - Training (2300 / 10000 Steps) (loss=0.3466) lr=2.74e-02 165s
09/16/2026 14:23:41 - INFO - __main__ - Training (2400 / 10000 Steps) (loss=0.1442) lr=2.71e-02 171s
09/16/2026 14:23:48 - INFO - __main__ - Training (2500 / 10000 Steps) (loss=0.3018) lr=2.68e-02 178s
09/16/2026 14:23:54 - INFO - __main__ - Training (2600 / 10000 Steps) (loss=0.0734) lr=2.65e-02 184s
09/16/2026 14:24:00 - INFO - __main__ - Training (2700 / 10000 Steps) (loss=0.2544) lr=2.62e-02 190s
09/16/2026 14:24:07 - INFO - __main__ - Training (2800 / 10000 Steps) (loss=0.2054) lr=2.59e-02 197s
09/16/2026 14:24:13 - INFO - __main__ - Training (2900 / 10000 Steps) (loss=0.1863) lr=2.55e-02 203s
09/16/2026 14:24:20 - INFO - __main__ - Training (3000 / 10000 Steps) (loss=0.0270) lr=2.52e-02 210s
09/16/2026 14:24:27 - INFO - __main__ - Validation Results step 3000: Accuracy 0.87263 (best 0.87263)
09/16/2026 14:24:34 - INFO - __main__ - Training (3100 / 10000 Steps) (loss=0.0408) lr=2.48e-02 224s
09/16/2026 14:24:40 - INFO - __main__ - Training (3200 / 10000 Steps) (loss=0.3734) lr=2.44e-02 230s
09/16/2026 14:24:46 - INFO - __main__ - Training (3300 / 10000 Steps) (loss=0.1135) lr=2.40e-02 236s
09/16/2026 14:24:53 - INFO - __main__ - Training (3400 / 10000 Steps) (loss=0.1086) lr=2.36e-02 243s
09/16/2026 14:24:59 - INFO - __main__ - Training (3500 / 10000 Steps) (loss=0.0165) lr=2.32e-02 249s
09/16/2026 14:25:05 - INFO - __main__ - Training (3600 / 10000 Steps) (loss=0.0408) lr=2.28e-02 255s
09/16/2026 14:25:12 - INFO - __main__ - Training (3700 / 10000 Steps) (loss=0.0799) lr=2.24e-02 261s
09/16/2026 14:25:18 - INFO - __main__ - Training (3800 / 10000 Steps) (loss=0.1671) lr=2.19e-02 268s
09/16/2026 14:25:24 - INFO - __main__ - Training (3900 / 10000 Steps) (loss=0.0783) lr=2.15e-02 274s
09/16/2026 14:25:31 - INFO - __main__ - Training (4000 / 10000 Steps) (loss=0.0202) lr=2.10e-02 280s
09/16/2026 14:25:38 - INFO - __main__ - Validation Results step 4000: Accuracy 0.87919 (best 0.87919)
09/16/2026 14:25:44 - INFO - __main__ - Training (4100 / 10000 Steps) (loss=0.1047) lr=2.06e-02 294s
09/16/2026 14:25:51 - INFO - __main__ - Training (4200 / 10000 Steps) (loss=0.0400) lr=2.01e-02 301s
09/16/2026 14:25:57 - INFO - __main__ - Training (4300 / 10000 Steps) (loss=0.2684) lr=1.96e-02 307s
09/16/2026 14:26:04 - INFO - __main__ - Training (4400 / 10000 Steps) (loss=0.0035) lr=1.92e-02 313s
09/16/2026 14:26:10 - INFO - __main__ - Training (4500 / 10000 Steps) (loss=0.0046) lr=1.87e-02 320s
09/16/2026 14:26:16 - INFO - __main__ - Training (4600 / 10000 Steps) (loss=0.0075) lr=1.82e-02 326s
09/16/2026 14:26:23 - INFO - __main__ - Training (4700 / 10000 Steps) (loss=0.0061) lr=1.77e-02 333s
09/16/2026 14:26:29 - INFO - __main__ - Training (4800 / 10000 Steps) (loss=0.0181) lr=1.72e-02 339s
09/16/2026 14:26:36 - INFO - __main__ - Training (4900 / 10000 Steps) (loss=0.0411) lr=1.67e-02 346s
09/16/2026 14:26:43 - INFO - __main__ - Training (5000 / 10000 Steps) (loss=0.0367) lr=1.62e-02 353s
09/16/2026 14:26:50 - INFO - __main__ - Validation Results step 5000: Accuracy 0.88419 (best 0.88419)
09/16/2026 14:26:57 - INFO - __main__ - Training (5100 / 10000 Steps) (loss=0.0052) lr=1.57e-02 367s
09/16/2026 14:27:03 - INFO - __main__ - Training (5200 / 10000 Steps) (loss=0.0058) lr=1.52e-02 373s
09/16/2026 14:27:09 - INFO - __main__ - Training (5300 / 10000 Steps) (loss=0.0017) lr=1.48e-02 379s
09/16/2026 14:27:16 - INFO - __main__ - Training (5400 / 10000 Steps) (loss=0.0047) lr=1.43e-02 386s
09/16/2026 14:27:22 - INFO - __main__ - Training (5500 / 10000 Steps) (loss=0.0029) lr=1.38e-02 392s
09/16/2026 14:27:28 - INFO - __main__ - Training (5600 / 10000 Steps) (loss=0.0066) lr=1.33e-02 398s
09/16/2026 14:27:35 - INFO - __main__ - Training (5700 / 10000 Steps) (loss=0.0094) lr=1.28e-02 405s
09/16/2026 14:27:41 - INFO - __main__ - Training (5800 / 10000 Steps) (loss=0.0018) lr=1.23e-02 411s
09/16/2026 14:27:47 - INFO - __main__ - Training (5900 / 10000 Steps) (loss=0.0024) lr=1.18e-02 417s
09/16/2026 14:27:54 - INFO - __main__ - Training (6000 / 10000 Steps) (loss=0.0021) lr=1.13e-02 424s
09/16/2026 14:28:01 - INFO - __main__ - Validation Results step 6000: Accuracy 0.88764 (best 0.88764)
09/16/2026 14:28:08 - INFO - __main__ - Training (6100 / 10000 Steps) (loss=0.0029) lr=1.08e-02 437s
09/16/2026 14:28:14 - INFO - __main__ - Training (6200 / 10000 Steps) (loss=0.0009) lr=1.04e-02 444s
09/16/2026 14:28:21 - INFO - __main__ - Training (6300 / 10000 Steps) (loss=0.0018) lr=9.90e-03 451s
09/16/2026 14:28:27 - INFO - __main__ - Training (6400 / 10000 Steps) (loss=0.0073) lr=9.43e-03 457s
09/16/2026 14:28:34 - INFO - __main__ - Training (6500 / 10000 Steps) (loss=0.0043) lr=8.97e-03 463s
09/16/2026 14:28:40 - INFO - __main__ - Training (6600 / 10000 Steps) (loss=0.0015) lr=8.52e-03 470s
09/16/2026 14:28:46 - INFO - __main__ - Training (6700 / 10000 Steps) (loss=0.0012) lr=8.08e-03 476s
09/16/2026 14:28:53 - INFO - __main__ - Training (6800 / 10000 Steps) (loss=0.0009) lr=7.64e-03 482s
09/16/2026 14:28:59 - INFO - __main__ - Training (6900 / 10000 Steps) (loss=0.0013) lr=7.22e-03 489s
09/16/2026 14:29:05 - INFO - __main__ - Training (7000 / 10000 Steps) (loss=0.0071) lr=6.80e-03 495s
09/16/2026 14:29:13 - INFO - __main__ - Validation Results step 7000: Accuracy 0.89299 (best 0.89299)
09/16/2026 14:29:19 - INFO - __main__ - Training (7100 / 10000 Steps) (loss=0.0017) lr=6.39e-03 509s
09/16/2026 14:29:25 - INFO - __main__ - Training (7200 / 10000 Steps) (loss=0.0009) lr=5.98e-03 515s
09/16/2026 14:29:32 - INFO - __main__ - Training (7300 / 10000 Steps) (loss=0.0034) lr=5.59e-03 522s
09/16/2026 14:29:38 - INFO - __main__ - Training (7400 / 10000 Steps) (loss=0.0011) lr=5.21e-03 528s
09/16/2026 14:29:45 - INFO - __main__ - Training (7500 / 10000 Steps) (loss=0.0012) lr=4.84e-03 535s
09/16/2026 14:29:51 - INFO - __main__ - Training (7600 / 10000 Steps) (loss=0.0013) lr=4.48e-03 541s
09/16/2026 14:29:57 - INFO - __main__ - Training (7700 / 10000 Steps) (loss=0.0020) lr=4.13e-03 547s
09/16/2026 14:30:04 - INFO - __main__ - Training (7800 / 10000 Steps) (loss=0.0018) lr=3.80e-03 554s
09/16/2026 14:30:10 - INFO - __main__ - Training (7900 / 10000 Steps) (loss=0.0013) lr=3.47e-03 560s
09/16/2026 14:30:17 - INFO - __main__ - Training (8000 / 10000 Steps) (loss=0.0009) lr=3.16e-03 567s
09/16/2026 14:30:24 - INFO - __main__ - Validation Results step 8000: Accuracy 0.89075 (best 0.89299)
09/16/2026 14:30:30 - INFO - __main__ - Training (8100 / 10000 Steps) (loss=0.0015) lr=2.86e-03 580s
09/16/2026 14:30:37 - INFO - __main__ - Training (8200 / 10000 Steps) (loss=0.0013) lr=2.58e-03 587s
09/16/2026 14:30:43 - INFO - __main__ - Training (8300 / 10000 Steps) (loss=0.0031) lr=2.31e-03 593s
09/16/2026 14:30:50 - INFO - __main__ - Training (8400 / 10000 Steps) (loss=0.0015) lr=2.05e-03 599s
09/16/2026 14:30:56 - INFO - __main__ - Training (8500 / 10000 Steps) (loss=0.0037) lr=1.81e-03 606s
09/16/2026 14:31:02 - INFO - __main__ - Training (8600 / 10000 Steps) (loss=0.0016) lr=1.58e-03 612s
09/16/2026 14:31:09 - INFO - __main__ - Training (8700 / 10000 Steps) (loss=0.0037) lr=1.36e-03 619s
09/16/2026 14:31:15 - INFO - __main__ - Training (8800 / 10000 Steps) (loss=0.0015) lr=1.17e-03 625s
09/16/2026 14:31:22 - INFO - __main__ - Training (8900 / 10000 Steps) (loss=0.0012) lr=9.82e-04 632s
09/16/2026 14:31:28 - INFO - __main__ - Training (9000 / 10000 Steps) (loss=0.0010) lr=8.13e-04 638s
09/16/2026 14:31:36 - INFO - __main__ - Validation Results step 9000: Accuracy 0.89265 (best 0.89299)
09/16/2026 14:31:42 - INFO - __main__ - Training (9100 / 10000 Steps) (loss=0.0007) lr=6.59e-04 652s
09/16/2026 14:31:48 - INFO - __main__ - Training (9200 / 10000 Steps) (loss=0.0007) lr=5.22e-04 658s
09/16/2026 14:31:54 - INFO - __main__ - Training (9300 / 10000 Steps) (loss=0.0059) lr=4.00e-04 664s
09/16/2026 14:32:01 - INFO - __main__ - Training (9400 / 10000 Steps) (loss=0.0025) lr=2.94e-04 671s
09/16/2026 14:32:07 - INFO - __main__ - Training (9500 / 10000 Steps) (loss=0.0033) lr=2.05e-04 677s
09/16/2026 14:32:14 - INFO - __main__ - Training (9600 / 10000 Steps) (loss=0.0014) lr=1.31e-04 684s
09/16/2026 14:32:20 - INFO - __main__ - Training (9700 / 10000 Steps) (loss=0.0034) lr=7.38e-05 690s
09/16/2026 14:32:27 - INFO - __main__ - Training (9800 / 10000 Steps) (loss=0.0008) lr=3.28e-05 697s
09/16/2026 14:32:33 - INFO - __main__ - Training (9900 / 10000 Steps) (loss=0.0008) lr=8.20e-06 703s
09/16/2026 14:32:39 - INFO - __main__ - Training (10000 / 10000 Steps) (loss=0.0027) lr=0.00e+00 709s
09/16/2026 14:32:47 - INFO - __main__ - Validation Results step 10000: Accuracy 0.89247 (best 0.89299)
09/16/2026 14:32:47 - INFO - __main__ - Best Accuracy: 	0.892993
09/16/2026 14:32:47 - INFO - __main__ - End Training!
