/opt/anaconda3/envs/fal-wyh/lib/python3.9/site-packages/torchvision/transforms/transforms.py:329: UserWarning: Argument 'interpolation' of type int is deprecated since 0.13 and will be removed in 0.15. Please use InterpolationMode enum.
  warnings.warn(
09/16/2026 23:56:24 - INFO - models.modeling - load_pretrained: resized variant: torch.Size([1, 197, 768]) to torch.Size([1, 3137, 768])
09/16/2026 23:56:27 - INFO - timm.models._builder - Loading pretrained weights from Hugging Face hub (timm/vit_base_patch16_dinov3.lvd1689m)
09/16/2026 23:56:28 - INFO - httpx - HTTP Request: HEAD https://hf-mirror.com/timm/vit_base_patch16_dinov3.lvd1689m/resolve/main/model.safetensors "HTTP/1.1 302 Found"
09/16/2026 23:56:28 - INFO - timm.models._hub - [timm/vit_base_patch16_dinov3.lvd1689m] Safe alternative available for 'pytorch_model.bin' (as 'model.safetensors'). Loading weights using safetensors.
09/16/2026 23:56:29 - INFO - __main__ - Training parameters Namespace(data_root='/home/savo_shen/data_crops/cub/raw', name='cub_tok25_896', output_dir='output', pretrained='/home/savo_shen/Programs/FAL-ViT-main-wyh/imagenet21k_ViT-B_16.npz', img_size=896, select='dinov3', keep=0.25, sel_img=448, train_batch_size=8, grad_accum=2, eval_batch_size=32, learning_rate=0.03, weight_decay=0.0, num_steps=10000, warmup_steps=500, eval_every=1000, max_grad_norm=1.0, num_workers=8, seed=42)
09/16/2026 23:56:29 - INFO - __main__ - classes=200 train=5994 test=5794  tokens kept 784 / 3136
load_pretrained: grid-size from 14 to 56
09/16/2026 23:57:26 - INFO - __main__ - Training (100 / 10000 Steps) (loss=5.2109) lr=6.00e-03 57s
09/16/2026 23:58:20 - INFO - __main__ - Training (200 / 10000 Steps) (loss=4.7461) lr=1.20e-02 111s
09/16/2026 23:59:14 - INFO - __main__ - Training (300 / 10000 Steps) (loss=3.6343) lr=1.80e-02 165s
09/17/2026 00:00:09 - INFO - __main__ - Training (400 / 10000 Steps) (loss=2.0368) lr=2.40e-02 220s
09/17/2026 00:01:03 - INFO - __main__ - Training (500 / 10000 Steps) (loss=1.1573) lr=3.00e-02 274s
09/17/2026 00:01:57 - INFO - __main__ - Training (600 / 10000 Steps) (loss=1.1118) lr=3.00e-02 328s
09/17/2026 00:02:52 - INFO - __main__ - Training (700 / 10000 Steps) (loss=0.5326) lr=3.00e-02 382s
09/17/2026 00:03:47 - INFO - __main__ - Training (800 / 10000 Steps) (loss=0.7063) lr=2.99e-02 438s
09/17/2026 00:04:41 - INFO - __main__ - Training (900 / 10000 Steps) (loss=1.7752) lr=2.99e-02 492s
09/17/2026 00:05:35 - INFO - __main__ - Training (1000 / 10000 Steps) (loss=0.3206) lr=2.98e-02 546s
09/17/2026 00:07:41 - INFO - __main__ - Validation Results step 1000: Accuracy 0.83224 (best 0.83224)
09/17/2026 00:08:35 - INFO - __main__ - Training (1100 / 10000 Steps) (loss=0.4477) lr=2.97e-02 726s
09/17/2026 00:09:31 - INFO - __main__ - Training (1200 / 10000 Steps) (loss=0.3704) lr=2.96e-02 781s
09/17/2026 00:10:25 - INFO - __main__ - Training (1300 / 10000 Steps) (loss=0.0450) lr=2.95e-02 836s
09/17/2026 00:11:19 - INFO - __main__ - Training (1400 / 10000 Steps) (loss=0.2583) lr=2.93e-02 890s
09/17/2026 00:12:15 - INFO - __main__ - Training (1500 / 10000 Steps) (loss=0.0485) lr=2.92e-02 946s
09/17/2026 00:13:09 - INFO - __main__ - Training (1600 / 10000 Steps) (loss=0.2579) lr=2.90e-02 1000s
09/17/2026 00:14:03 - INFO - __main__ - Training (1700 / 10000 Steps) (loss=0.2517) lr=2.88e-02 1054s
09/17/2026 00:14:58 - INFO - __main__ - Training (1800 / 10000 Steps) (loss=1.1011) lr=2.86e-02 1108s
09/17/2026 00:15:53 - INFO - __main__ - Training (1900 / 10000 Steps) (loss=0.1503) lr=2.84e-02 1164s
09/17/2026 00:16:47 - INFO - __main__ - Training (2000 / 10000 Steps) (loss=0.0193) lr=2.82e-02 1218s
09/17/2026 00:18:47 - INFO - __main__ - Validation Results step 2000: Accuracy 0.87142 (best 0.87142)
09/17/2026 00:19:42 - INFO - __main__ - Training (2100 / 10000 Steps) (loss=0.5747) lr=2.79e-02 1392s
09/17/2026 00:20:36 - INFO - __main__ - Training (2200 / 10000 Steps) (loss=0.8693) lr=2.77e-02 1447s
09/17/2026 00:21:32 - INFO - __main__ - Training (2300 / 10000 Steps) (loss=0.2740) lr=2.74e-02 1502s
09/17/2026 00:22:26 - INFO - __main__ - Training (2400 / 10000 Steps) (loss=0.1257) lr=2.71e-02 1557s
09/17/2026 00:23:20 - INFO - __main__ - Training (2500 / 10000 Steps) (loss=0.0205) lr=2.68e-02 1611s
09/17/2026 00:24:14 - INFO - __main__ - Training (2600 / 10000 Steps) (loss=0.1343) lr=2.65e-02 1665s
09/17/2026 00:25:10 - INFO - __main__ - Training (2700 / 10000 Steps) (loss=0.0347) lr=2.62e-02 1721s
09/17/2026 00:26:04 - INFO - __main__ - Training (2800 / 10000 Steps) (loss=0.0964) lr=2.59e-02 1775s
09/17/2026 00:26:58 - INFO - __main__ - Training (2900 / 10000 Steps) (loss=0.0222) lr=2.55e-02 1829s
09/17/2026 00:27:54 - INFO - __main__ - Training (3000 / 10000 Steps) (loss=0.0221) lr=2.52e-02 1885s
09/17/2026 00:29:54 - INFO - __main__ - Validation Results step 3000: Accuracy 0.88264 (best 0.88264)
09/17/2026 00:30:48 - INFO - __main__ - Training (3100 / 10000 Steps) (loss=0.0945) lr=2.48e-02 2059s
09/17/2026 00:31:42 - INFO - __main__ - Training (3200 / 10000 Steps) (loss=0.1272) lr=2.44e-02 2113s
09/17/2026 00:32:37 - INFO - __main__ - Training (3300 / 10000 Steps) (loss=0.0159) lr=2.40e-02 2167s
09/17/2026 00:33:32 - INFO - __main__ - Training (3400 / 10000 Steps) (loss=0.0066) lr=2.36e-02 2223s
09/17/2026 00:34:27 - INFO - __main__ - Training (3500 / 10000 Steps) (loss=0.0480) lr=2.32e-02 2277s
09/17/2026 00:35:21 - INFO - __main__ - Training (3600 / 10000 Steps) (loss=0.5734) lr=2.28e-02 2331s
09/17/2026 00:36:15 - INFO - __main__ - Training (3700 / 10000 Steps) (loss=0.0555) lr=2.24e-02 2386s
09/17/2026 00:37:11 - INFO - __main__ - Training (3800 / 10000 Steps) (loss=0.0350) lr=2.19e-02 2441s
09/17/2026 00:38:05 - INFO - __main__ - Training (3900 / 10000 Steps) (loss=0.0346) lr=2.15e-02 2496s
09/17/2026 00:38:59 - INFO - __main__ - Training (4000 / 10000 Steps) (loss=0.0013) lr=2.10e-02 2550s
09/17/2026 00:41:01 - INFO - __main__ - Validation Results step 4000: Accuracy 0.88747 (best 0.88747)
09/17/2026 00:41:55 - INFO - __main__ - Training (4100 / 10000 Steps) (loss=0.0029) lr=2.06e-02 2726s
09/17/2026 00:42:50 - INFO - __main__ - Training (4200 / 10000 Steps) (loss=0.0575) lr=2.01e-02 2781s
09/17/2026 00:43:45 - INFO - __main__ - Training (4300 / 10000 Steps) (loss=0.0069) lr=1.96e-02 2835s
09/17/2026 00:44:39 - INFO - __main__ - Training (4400 / 10000 Steps) (loss=0.0029) lr=1.92e-02 2890s
09/17/2026 00:45:35 - INFO - __main__ - Training (4500 / 10000 Steps) (loss=0.0150) lr=1.87e-02 2945s
09/17/2026 00:46:29 - INFO - __main__ - Training (4600 / 10000 Steps) (loss=0.0009) lr=1.82e-02 3000s
09/17/2026 00:47:23 - INFO - __main__ - Training (4700 / 10000 Steps) (loss=0.0033) lr=1.77e-02 3054s
09/17/2026 00:48:17 - INFO - __main__ - Training (4800 / 10000 Steps) (loss=0.0039) lr=1.72e-02 3108s
09/17/2026 00:49:12 - INFO - __main__ - Training (4900 / 10000 Steps) (loss=0.0034) lr=1.67e-02 3163s
09/17/2026 00:50:07 - INFO - __main__ - Training (5000 / 10000 Steps) (loss=0.0066) lr=1.62e-02 3217s
09/17/2026 00:52:07 - INFO - __main__ - Validation Results step 5000: Accuracy 0.89800 (best 0.89800)
09/17/2026 00:53:01 - INFO - __main__ - Training (5100 / 10000 Steps) (loss=0.0039) lr=1.57e-02 3392s
09/17/2026 00:53:55 - INFO - __main__ - Training (5200 / 10000 Steps) (loss=0.0034) lr=1.52e-02 3446s
09/17/2026 00:54:51 - INFO - __main__ - Training (5300 / 10000 Steps) (loss=0.0111) lr=1.48e-02 3501s
09/17/2026 00:55:45 - INFO - __main__ - Training (5400 / 10000 Steps) (loss=0.0025) lr=1.43e-02 3556s
09/17/2026 00:56:39 - INFO - __main__ - Training (5500 / 10000 Steps) (loss=0.0015) lr=1.38e-02 3610s
09/17/2026 00:57:33 - INFO - __main__ - Training (5600 / 10000 Steps) (loss=0.0015) lr=1.33e-02 3664s
09/17/2026 00:58:29 - INFO - __main__ - Training (5700 / 10000 Steps) (loss=0.0007) lr=1.28e-02 3719s
09/17/2026 00:59:23 - INFO - __main__ - Training (5800 / 10000 Steps) (loss=0.0011) lr=1.23e-02 3774s
09/17/2026 01:00:17 - INFO - __main__ - Training (5900 / 10000 Steps) (loss=0.0008) lr=1.18e-02 3828s
09/17/2026 01:01:13 - INFO - __main__ - Training (6000 / 10000 Steps) (loss=0.0009) lr=1.13e-02 3884s
09/17/2026 01:03:14 - INFO - __main__ - Validation Results step 6000: Accuracy 0.90266 (best 0.90266)
09/17/2026 01:04:08 - INFO - __main__ - Training (6100 / 10000 Steps) (loss=0.0031) lr=1.08e-02 4059s
09/17/2026 01:05:02 - INFO - __main__ - Training (6200 / 10000 Steps) (loss=0.0023) lr=1.04e-02 4113s
09/17/2026 01:05:56 - INFO - __main__ - Training (6300 / 10000 Steps) (loss=0.0007) lr=9.90e-03 4167s
09/17/2026 01:06:52 - INFO - __main__ - Training (6400 / 10000 Steps) (loss=0.0009) lr=9.43e-03 4223s
09/17/2026 01:07:46 - INFO - __main__ - Training (6500 / 10000 Steps) (loss=0.0008) lr=8.97e-03 4277s
09/17/2026 01:08:40 - INFO - __main__ - Training (6600 / 10000 Steps) (loss=0.0008) lr=8.52e-03 4331s
09/17/2026 01:09:35 - INFO - __main__ - Training (6700 / 10000 Steps) (loss=0.0008) lr=8.08e-03 4385s
09/17/2026 01:10:30 - INFO - __main__ - Training (6800 / 10000 Steps) (loss=0.0062) lr=7.64e-03 4441s
09/17/2026 01:11:24 - INFO - __main__ - Training (6900 / 10000 Steps) (loss=0.0018) lr=7.22e-03 4495s
09/17/2026 01:12:19 - INFO - __main__ - Training (7000 / 10000 Steps) (loss=0.0008) lr=6.80e-03 4549s
09/17/2026 01:14:18 - INFO - __main__ - Validation Results step 7000: Accuracy 0.90076 (best 0.90266)
09/17/2026 01:15:12 - INFO - __main__ - Training (7100 / 10000 Steps) (loss=0.0011) lr=6.39e-03 4722s
09/17/2026 01:16:08 - INFO - __main__ - Training (7200 / 10000 Steps) (loss=0.0004) lr=5.98e-03 4778s
09/17/2026 01:17:02 - INFO - __main__ - Training (7300 / 10000 Steps) (loss=0.0007) lr=5.59e-03 4832s
09/17/2026 01:17:56 - INFO - __main__ - Training (7400 / 10000 Steps) (loss=0.0008) lr=5.21e-03 4887s
09/17/2026 01:18:51 - INFO - __main__ - Training (7500 / 10000 Steps) (loss=0.0003) lr=4.84e-03 4942s
09/17/2026 01:19:46 - INFO - __main__ - Training (7600 / 10000 Steps) (loss=0.0006) lr=4.48e-03 4996s
09/17/2026 01:20:40 - INFO - __main__ - Training (7700 / 10000 Steps) (loss=0.0022) lr=4.13e-03 5050s
09/17/2026 01:21:34 - INFO - __main__ - Training (7800 / 10000 Steps) (loss=0.0018) lr=3.80e-03 5105s
09/17/2026 01:22:30 - INFO - __main__ - Training (7900 / 10000 Steps) (loss=0.0011) lr=3.47e-03 5160s
09/17/2026 01:23:24 - INFO - __main__ - Training (8000 / 10000 Steps) (loss=0.0009) lr=3.16e-03 5215s
09/17/2026 01:25:24 - INFO - __main__ - Validation Results step 8000: Accuracy 0.89886 (best 0.90266)
09/17/2026 01:26:19 - INFO - __main__ - Training (8100 / 10000 Steps) (loss=0.0009) lr=2.86e-03 5389s
09/17/2026 01:27:13 - INFO - __main__ - Training (8200 / 10000 Steps) (loss=0.0007) lr=2.58e-03 5444s
09/17/2026 01:28:09 - INFO - __main__ - Training (8300 / 10000 Steps) (loss=0.0421) lr=2.31e-03 5499s
09/17/2026 01:29:03 - INFO - __main__ - Training (8400 / 10000 Steps) (loss=0.0010) lr=2.05e-03 5554s
09/17/2026 01:29:57 - INFO - __main__ - Training (8500 / 10000 Steps) (loss=0.0007) lr=1.81e-03 5608s
09/17/2026 01:30:52 - INFO - __main__ - Training (8600 / 10000 Steps) (loss=0.0010) lr=1.58e-03 5662s
09/17/2026 01:31:47 - INFO - __main__ - Training (8700 / 10000 Steps) (loss=0.0009) lr=1.36e-03 5718s
09/17/2026 01:32:41 - INFO - __main__ - Training (8800 / 10000 Steps) (loss=0.0015) lr=1.17e-03 5772s
09/17/2026 01:33:36 - INFO - __main__ - Training (8900 / 10000 Steps) (loss=0.0006) lr=9.82e-04 5826s
09/17/2026 01:34:31 - INFO - __main__ - Training (9000 / 10000 Steps) (loss=0.0008) lr=8.13e-04 5882s
09/17/2026 01:36:31 - INFO - __main__ - Validation Results step 9000: Accuracy 0.89972 (best 0.90266)
09/17/2026 01:37:25 - INFO - __main__ - Training (9100 / 10000 Steps) (loss=0.0013) lr=6.59e-04 6056s
09/17/2026 01:38:20 - INFO - __main__ - Training (9200 / 10000 Steps) (loss=0.0007) lr=5.22e-04 6110s
09/17/2026 01:39:14 - INFO - __main__ - Training (9300 / 10000 Steps) (loss=0.0006) lr=4.00e-04 6165s
09/17/2026 01:40:10 - INFO - __main__ - Training (9400 / 10000 Steps) (loss=0.0016) lr=2.94e-04 6220s
09/17/2026 01:41:04 - INFO - __main__ - Training (9500 / 10000 Steps) (loss=0.0006) lr=2.05e-04 6274s
09/17/2026 01:41:58 - INFO - __main__ - Training (9600 / 10000 Steps) (loss=0.0005) lr=1.31e-04 6329s
09/17/2026 01:42:52 - INFO - __main__ - Training (9700 / 10000 Steps) (loss=0.0009) lr=7.38e-05 6383s
09/17/2026 01:43:48 - INFO - __main__ - Training (9800 / 10000 Steps) (loss=0.0080) lr=3.28e-05 6439s
09/17/2026 01:44:42 - INFO - __main__ - Training (9900 / 10000 Steps) (loss=0.0007) lr=8.20e-06 6493s
09/17/2026 01:45:37 - INFO - __main__ - Training (10000 / 10000 Steps) (loss=0.0013) lr=0.00e+00 6547s
09/17/2026 01:47:36 - INFO - __main__ - Validation Results step 10000: Accuracy 0.89921 (best 0.90266)
09/17/2026 01:47:36 - INFO - __main__ - Best Accuracy: 	0.902658
09/17/2026 01:47:36 - INFO - __main__ - End Training!
