/opt/anaconda3/envs/fal-wyh/lib/python3.9/site-packages/torchvision/transforms/transforms.py:329: UserWarning: Argument 'interpolation' of type int is deprecated since 0.13 and will be removed in 0.15. Please use InterpolationMode enum.
  warnings.warn(
09/16/2026 20:46:09 - INFO - models.modeling - load_pretrained: resized variant: torch.Size([1, 197, 768]) to torch.Size([1, 785, 768])
09/16/2026 20:46:11 - INFO - __main__ - Training parameters Namespace(data_root='/home/savo_shen/data_crops/nabirds/dinov3_sq', name='nabirds_dinov3_sq_s1', output_dir='output', pretrained='/home/savo_shen/Programs/FAL-ViT-main-wyh/imagenet21k_ViT-B_16.npz', img_size=448, train_batch_size=16, grad_accum=1, eval_batch_size=64, learning_rate=0.03, weight_decay=0.0, num_steps=10000, warmup_steps=500, eval_every=1000, max_grad_norm=1.0, num_workers=8, seed=1)
09/16/2026 20:46:11 - INFO - __main__ - effective batch = 16
09/16/2026 20:46:11 - INFO - __main__ - classes=555 train=23929 test=24633
load_pretrained: grid-size from 14 to 28
09/16/2026 20:46:43 - INFO - __main__ - Training (100 / 10000 Steps) (loss=6.2769) lr=6.00e-03 32s
09/16/2026 20:47:11 - INFO - __main__ - Training (200 / 10000 Steps) (loss=6.0676) lr=1.20e-02 61s
09/16/2026 20:47:40 - INFO - __main__ - Training (300 / 10000 Steps) (loss=5.3936) lr=1.80e-02 90s
09/16/2026 20:48:09 - INFO - __main__ - Training (400 / 10000 Steps) (loss=4.4392) lr=2.40e-02 119s
09/16/2026 20:48:38 - INFO - __main__ - Training (500 / 10000 Steps) (loss=3.9651) lr=3.00e-02 148s
09/16/2026 20:49:07 - INFO - __main__ - Training (600 / 10000 Steps) (loss=2.2758) lr=3.00e-02 177s
09/16/2026 20:49:36 - INFO - __main__ - Training (700 / 10000 Steps) (loss=2.0108) lr=3.00e-02 206s
09/16/2026 20:50:05 - INFO - __main__ - Training (800 / 10000 Steps) (loss=2.2287) lr=2.99e-02 235s
09/16/2026 20:50:34 - INFO - __main__ - Training (900 / 10000 Steps) (loss=1.3158) lr=2.99e-02 264s
09/16/2026 20:51:03 - INFO - __main__ - Training (1000 / 10000 Steps) (loss=1.2113) lr=2.98e-02 293s
09/16/2026 20:53:34 - INFO - __main__ - Validation Results step 1000: Accuracy 0.67974 (best 0.67974)
09/16/2026 20:54:03 - INFO - __main__ - Training (1100 / 10000 Steps) (loss=1.3874) lr=2.97e-02 472s
09/16/2026 20:54:32 - INFO - __main__ - Training (1200 / 10000 Steps) (loss=0.9211) lr=2.96e-02 501s
09/16/2026 20:55:01 - INFO - __main__ - Training (1300 / 10000 Steps) (loss=1.1257) lr=2.95e-02 530s
09/16/2026 20:55:30 - INFO - __main__ - Training (1400 / 10000 Steps) (loss=1.3532) lr=2.93e-02 559s
09/16/2026 20:55:59 - INFO - __main__ - Training (1500 / 10000 Steps) (loss=0.7174) lr=2.92e-02 589s
09/16/2026 20:56:28 - INFO - __main__ - Training (1600 / 10000 Steps) (loss=1.1314) lr=2.90e-02 618s
09/16/2026 20:56:57 - INFO - __main__ - Training (1700 / 10000 Steps) (loss=0.7804) lr=2.88e-02 647s
09/16/2026 20:57:26 - INFO - __main__ - Training (1800 / 10000 Steps) (loss=0.6757) lr=2.86e-02 676s
09/16/2026 20:57:55 - INFO - __main__ - Training (1900 / 10000 Steps) (loss=0.6110) lr=2.84e-02 705s
09/16/2026 20:58:24 - INFO - __main__ - Training (2000 / 10000 Steps) (loss=0.4836) lr=2.82e-02 734s
09/16/2026 21:00:53 - INFO - __main__ - Validation Results step 2000: Accuracy 0.81557 (best 0.81557)
09/16/2026 21:01:22 - INFO - __main__ - Training (2100 / 10000 Steps) (loss=0.3841) lr=2.79e-02 911s
09/16/2026 21:01:51 - INFO - __main__ - Training (2200 / 10000 Steps) (loss=0.4345) lr=2.77e-02 940s
09/16/2026 21:02:20 - INFO - __main__ - Training (2300 / 10000 Steps) (loss=0.4942) lr=2.74e-02 969s
09/16/2026 21:02:49 - INFO - __main__ - Training (2400 / 10000 Steps) (loss=0.3312) lr=2.71e-02 998s
09/16/2026 21:03:18 - INFO - __main__ - Training (2500 / 10000 Steps) (loss=0.5163) lr=2.68e-02 1027s
09/16/2026 21:03:47 - INFO - __main__ - Training (2600 / 10000 Steps) (loss=0.2424) lr=2.65e-02 1057s
09/16/2026 21:04:16 - INFO - __main__ - Training (2700 / 10000 Steps) (loss=0.5479) lr=2.62e-02 1086s
09/16/2026 21:04:45 - INFO - __main__ - Training (2800 / 10000 Steps) (loss=0.2295) lr=2.59e-02 1115s
09/16/2026 21:05:14 - INFO - __main__ - Training (2900 / 10000 Steps) (loss=0.4752) lr=2.55e-02 1144s
09/16/2026 21:05:44 - INFO - __main__ - Training (3000 / 10000 Steps) (loss=0.4465) lr=2.52e-02 1173s
09/16/2026 21:08:13 - INFO - __main__ - Validation Results step 3000: Accuracy 0.84768 (best 0.84768)
09/16/2026 21:08:42 - INFO - __main__ - Training (3100 / 10000 Steps) (loss=0.6390) lr=2.48e-02 1351s
09/16/2026 21:09:11 - INFO - __main__ - Training (3200 / 10000 Steps) (loss=0.4665) lr=2.44e-02 1380s
09/16/2026 21:09:40 - INFO - __main__ - Training (3300 / 10000 Steps) (loss=0.1582) lr=2.40e-02 1409s
09/16/2026 21:10:09 - INFO - __main__ - Training (3400 / 10000 Steps) (loss=0.2851) lr=2.36e-02 1439s
09/16/2026 21:10:38 - INFO - __main__ - Training (3500 / 10000 Steps) (loss=0.1475) lr=2.32e-02 1468s
09/16/2026 21:11:07 - INFO - __main__ - Training (3600 / 10000 Steps) (loss=0.3183) lr=2.28e-02 1497s
09/16/2026 21:11:36 - INFO - __main__ - Training (3700 / 10000 Steps) (loss=0.2274) lr=2.24e-02 1526s
09/16/2026 21:12:06 - INFO - __main__ - Training (3800 / 10000 Steps) (loss=0.1930) lr=2.19e-02 1555s
09/16/2026 21:12:35 - INFO - __main__ - Training (3900 / 10000 Steps) (loss=0.4917) lr=2.15e-02 1584s
09/16/2026 21:13:04 - INFO - __main__ - Training (4000 / 10000 Steps) (loss=0.3574) lr=2.10e-02 1613s
09/16/2026 21:15:33 - INFO - __main__ - Validation Results step 4000: Accuracy 0.86936 (best 0.86936)
09/16/2026 21:16:02 - INFO - __main__ - Training (4100 / 10000 Steps) (loss=0.1745) lr=2.06e-02 1791s
09/16/2026 21:16:31 - INFO - __main__ - Training (4200 / 10000 Steps) (loss=0.4590) lr=2.01e-02 1820s
09/16/2026 21:17:00 - INFO - __main__ - Training (4300 / 10000 Steps) (loss=0.3313) lr=1.96e-02 1849s
09/16/2026 21:17:29 - INFO - __main__ - Training (4400 / 10000 Steps) (loss=0.1066) lr=1.92e-02 1879s
09/16/2026 21:17:59 - INFO - __main__ - Training (4500 / 10000 Steps) (loss=0.1689) lr=1.87e-02 1908s
09/16/2026 21:18:28 - INFO - __main__ - Training (4600 / 10000 Steps) (loss=0.2074) lr=1.82e-02 1937s
09/16/2026 21:18:57 - INFO - __main__ - Training (4700 / 10000 Steps) (loss=0.1637) lr=1.77e-02 1966s
09/16/2026 21:19:26 - INFO - __main__ - Training (4800 / 10000 Steps) (loss=0.0755) lr=1.72e-02 1995s
09/16/2026 21:19:55 - INFO - __main__ - Training (4900 / 10000 Steps) (loss=0.1318) lr=1.67e-02 2025s
09/16/2026 21:20:24 - INFO - __main__ - Training (5000 / 10000 Steps) (loss=0.2018) lr=1.62e-02 2054s
09/16/2026 21:22:54 - INFO - __main__ - Validation Results step 5000: Accuracy 0.89003 (best 0.89003)
09/16/2026 21:23:23 - INFO - __main__ - Training (5100 / 10000 Steps) (loss=0.1038) lr=1.57e-02 2233s
09/16/2026 21:23:52 - INFO - __main__ - Training (5200 / 10000 Steps) (loss=0.4249) lr=1.52e-02 2262s
09/16/2026 21:24:21 - INFO - __main__ - Training (5300 / 10000 Steps) (loss=0.3670) lr=1.48e-02 2291s
09/16/2026 21:24:51 - INFO - __main__ - Training (5400 / 10000 Steps) (loss=0.0473) lr=1.43e-02 2320s
09/16/2026 21:25:20 - INFO - __main__ - Training (5500 / 10000 Steps) (loss=0.0154) lr=1.38e-02 2349s
09/16/2026 21:25:49 - INFO - __main__ - Training (5600 / 10000 Steps) (loss=0.1975) lr=1.33e-02 2378s
09/16/2026 21:26:18 - INFO - __main__ - Training (5700 / 10000 Steps) (loss=0.0603) lr=1.28e-02 2407s
09/16/2026 21:26:47 - INFO - __main__ - Training (5800 / 10000 Steps) (loss=0.3518) lr=1.23e-02 2436s
09/16/2026 21:27:16 - INFO - __main__ - Training (5900 / 10000 Steps) (loss=0.0627) lr=1.18e-02 2465s
09/16/2026 21:27:46 - INFO - __main__ - Training (6000 / 10000 Steps) (loss=0.2202) lr=1.13e-02 2495s
09/16/2026 21:30:15 - INFO - __main__ - Validation Results step 6000: Accuracy 0.89409 (best 0.89409)
09/16/2026 21:30:45 - INFO - __main__ - Training (6100 / 10000 Steps) (loss=0.2170) lr=1.08e-02 2674s
09/16/2026 21:31:14 - INFO - __main__ - Training (6200 / 10000 Steps) (loss=0.0976) lr=1.04e-02 2703s
09/16/2026 21:31:43 - INFO - __main__ - Training (6300 / 10000 Steps) (loss=0.0148) lr=9.90e-03 2732s
09/16/2026 21:32:12 - INFO - __main__ - Training (6400 / 10000 Steps) (loss=0.0274) lr=9.43e-03 2761s
09/16/2026 21:32:41 - INFO - __main__ - Training (6500 / 10000 Steps) (loss=0.1681) lr=8.97e-03 2790s
09/16/2026 21:33:10 - INFO - __main__ - Training (6600 / 10000 Steps) (loss=0.0248) lr=8.52e-03 2819s
09/16/2026 21:33:39 - INFO - __main__ - Training (6700 / 10000 Steps) (loss=0.0563) lr=8.08e-03 2849s
09/16/2026 21:34:08 - INFO - __main__ - Training (6800 / 10000 Steps) (loss=0.0575) lr=7.64e-03 2878s
09/16/2026 21:34:38 - INFO - __main__ - Training (6900 / 10000 Steps) (loss=0.0214) lr=7.22e-03 2907s
09/16/2026 21:35:07 - INFO - __main__ - Training (7000 / 10000 Steps) (loss=0.0468) lr=6.80e-03 2936s
09/16/2026 21:37:36 - INFO - __main__ - Validation Results step 7000: Accuracy 0.90622 (best 0.90622)
09/16/2026 21:38:06 - INFO - __main__ - Training (7100 / 10000 Steps) (loss=0.0278) lr=6.39e-03 3115s
09/16/2026 21:38:35 - INFO - __main__ - Training (7200 / 10000 Steps) (loss=0.2503) lr=5.98e-03 3144s
09/16/2026 21:39:04 - INFO - __main__ - Training (7300 / 10000 Steps) (loss=0.0589) lr=5.59e-03 3174s
09/16/2026 21:39:34 - INFO - __main__ - Training (7400 / 10000 Steps) (loss=0.1429) lr=5.21e-03 3203s
09/16/2026 21:40:03 - INFO - __main__ - Training (7500 / 10000 Steps) (loss=0.0744) lr=4.84e-03 3233s
09/16/2026 21:40:32 - INFO - __main__ - Training (7600 / 10000 Steps) (loss=0.0476) lr=4.48e-03 3262s
09/16/2026 21:41:02 - INFO - __main__ - Training (7700 / 10000 Steps) (loss=0.0113) lr=4.13e-03 3291s
09/16/2026 21:41:31 - INFO - __main__ - Training (7800 / 10000 Steps) (loss=0.0538) lr=3.80e-03 3320s
09/16/2026 21:42:00 - INFO - __main__ - Training (7900 / 10000 Steps) (loss=0.0903) lr=3.47e-03 3349s
09/16/2026 21:42:29 - INFO - __main__ - Training (8000 / 10000 Steps) (loss=0.1586) lr=3.16e-03 3378s
09/16/2026 21:44:59 - INFO - __main__ - Validation Results step 8000: Accuracy 0.90980 (best 0.90980)
09/16/2026 21:45:28 - INFO - __main__ - Training (8100 / 10000 Steps) (loss=0.0260) lr=2.86e-03 3557s
09/16/2026 21:45:57 - INFO - __main__ - Training (8200 / 10000 Steps) (loss=0.1471) lr=2.58e-03 3586s
09/16/2026 21:46:26 - INFO - __main__ - Training (8300 / 10000 Steps) (loss=0.1822) lr=2.31e-03 3616s
09/16/2026 21:46:55 - INFO - __main__ - Training (8400 / 10000 Steps) (loss=0.0238) lr=2.05e-03 3645s
09/16/2026 21:47:24 - INFO - __main__ - Training (8500 / 10000 Steps) (loss=0.0499) lr=1.81e-03 3674s
09/16/2026 21:47:54 - INFO - __main__ - Training (8600 / 10000 Steps) (loss=0.0470) lr=1.58e-03 3703s
09/16/2026 21:48:23 - INFO - __main__ - Training (8700 / 10000 Steps) (loss=0.0193) lr=1.36e-03 3732s
09/16/2026 21:48:52 - INFO - __main__ - Training (8800 / 10000 Steps) (loss=0.1762) lr=1.17e-03 3761s
09/16/2026 21:49:21 - INFO - __main__ - Training (8900 / 10000 Steps) (loss=0.0686) lr=9.82e-04 3790s
09/16/2026 21:49:51 - INFO - __main__ - Training (9000 / 10000 Steps) (loss=0.0578) lr=8.13e-04 3820s
09/16/2026 21:52:21 - INFO - __main__ - Validation Results step 9000: Accuracy 0.91097 (best 0.91097)
09/16/2026 21:52:50 - INFO - __main__ - Training (9100 / 10000 Steps) (loss=0.0060) lr=6.59e-04 3999s
09/16/2026 21:53:19 - INFO - __main__ - Training (9200 / 10000 Steps) (loss=0.0255) lr=5.22e-04 4029s
09/16/2026 21:53:48 - INFO - __main__ - Training (9300 / 10000 Steps) (loss=0.0250) lr=4.00e-04 4058s
09/16/2026 21:54:18 - INFO - __main__ - Training (9400 / 10000 Steps) (loss=0.0419) lr=2.94e-04 4087s
09/16/2026 21:54:47 - INFO - __main__ - Training (9500 / 10000 Steps) (loss=0.0355) lr=2.05e-04 4116s
09/16/2026 21:55:16 - INFO - __main__ - Training (9600 / 10000 Steps) (loss=0.0109) lr=1.31e-04 4145s
09/16/2026 21:55:45 - INFO - __main__ - Training (9700 / 10000 Steps) (loss=0.0096) lr=7.38e-05 4174s
09/16/2026 21:56:14 - INFO - __main__ - Training (9800 / 10000 Steps) (loss=0.0145) lr=3.28e-05 4204s
09/16/2026 21:56:43 - INFO - __main__ - Training (9900 / 10000 Steps) (loss=0.0544) lr=8.20e-06 4233s
09/16/2026 21:57:13 - INFO - __main__ - Training (10000 / 10000 Steps) (loss=0.0262) lr=0.00e+00 4262s
09/16/2026 21:59:43 - INFO - __main__ - Validation Results step 10000: Accuracy 0.91142 (best 0.91142)
09/16/2026 21:59:43 - INFO - __main__ - Best Accuracy: 	0.911420
09/16/2026 21:59:43 - INFO - __main__ - End Training!
