/opt/anaconda3/envs/fal-wyh/lib/python3.9/site-packages/torchvision/transforms/transforms.py:329: UserWarning: Argument 'interpolation' of type int is deprecated since 0.13 and will be removed in 0.15. Please use InterpolationMode enum.
  warnings.warn(
09/16/2026 08:25:27 - INFO - models.modeling - load_pretrained: resized variant: torch.Size([1, 197, 768]) to torch.Size([1, 785, 768])
09/16/2026 08:25:28 - INFO - __main__ - Training parameters Namespace(data_root='/home/savo_shen/data_crops/nabirds/dinov3_sq', name='nabirds_dinov3_sq', output_dir='output', pretrained='/home/savo_shen/Programs/FAL-ViT-main-wyh/imagenet21k_ViT-B_16.npz', img_size=448, train_batch_size=16, grad_accum=1, eval_batch_size=64, learning_rate=0.03, weight_decay=0.0, num_steps=10000, warmup_steps=500, eval_every=1000, max_grad_norm=1.0, num_workers=8, seed=42)
09/16/2026 08:25:28 - INFO - __main__ - effective batch = 16
09/16/2026 08:25:28 - INFO - __main__ - classes=555 train=23929 test=24633
load_pretrained: grid-size from 14 to 28
09/16/2026 08:26:01 - INFO - __main__ - Training (100 / 10000 Steps) (loss=6.2720) lr=6.00e-03 32s
09/16/2026 08:26:29 - INFO - __main__ - Training (200 / 10000 Steps) (loss=6.0471) lr=1.20e-02 61s
09/16/2026 08:26:58 - INFO - __main__ - Training (300 / 10000 Steps) (loss=5.5168) lr=1.80e-02 90s
09/16/2026 08:27:27 - INFO - __main__ - Training (400 / 10000 Steps) (loss=4.6222) lr=2.40e-02 119s
09/16/2026 08:27:56 - INFO - __main__ - Training (500 / 10000 Steps) (loss=3.0758) lr=3.00e-02 148s
09/16/2026 08:28:25 - INFO - __main__ - Training (600 / 10000 Steps) (loss=2.6346) lr=3.00e-02 177s
09/16/2026 08:28:54 - INFO - __main__ - Training (700 / 10000 Steps) (loss=1.8124) lr=3.00e-02 206s
09/16/2026 08:29:23 - INFO - __main__ - Training (800 / 10000 Steps) (loss=1.6205) lr=2.99e-02 234s
09/16/2026 08:29:52 - INFO - __main__ - Training (900 / 10000 Steps) (loss=1.2329) lr=2.99e-02 263s
09/16/2026 08:30:21 - INFO - __main__ - Training (1000 / 10000 Steps) (loss=0.9529) lr=2.98e-02 292s
09/16/2026 08:32:51 - INFO - __main__ - Validation Results step 1000: Accuracy 0.68327 (best 0.68327)
09/16/2026 08:33:20 - INFO - __main__ - Training (1100 / 10000 Steps) (loss=1.7488) lr=2.97e-02 471s
09/16/2026 08:33:49 - INFO - __main__ - Training (1200 / 10000 Steps) (loss=0.7025) lr=2.96e-02 500s
09/16/2026 08:34:18 - INFO - __main__ - Training (1300 / 10000 Steps) (loss=1.1127) lr=2.95e-02 529s
09/16/2026 08:34:47 - INFO - __main__ - Training (1400 / 10000 Steps) (loss=1.0285) lr=2.93e-02 558s
09/16/2026 08:35:16 - INFO - __main__ - Training (1500 / 10000 Steps) (loss=0.4788) lr=2.92e-02 588s
09/16/2026 08:35:45 - INFO - __main__ - Training (1600 / 10000 Steps) (loss=0.6134) lr=2.90e-02 617s
09/16/2026 08:36:14 - INFO - __main__ - Training (1700 / 10000 Steps) (loss=0.4881) lr=2.88e-02 646s
09/16/2026 08:36:43 - INFO - __main__ - Training (1800 / 10000 Steps) (loss=0.6571) lr=2.86e-02 675s
09/16/2026 08:37:12 - INFO - __main__ - Training (1900 / 10000 Steps) (loss=0.5833) lr=2.84e-02 704s
09/16/2026 08:37:41 - INFO - __main__ - Training (2000 / 10000 Steps) (loss=0.4141) lr=2.82e-02 733s
09/16/2026 08:40:10 - INFO - __main__ - Validation Results step 2000: Accuracy 0.81801 (best 0.81801)
09/16/2026 08:40:39 - INFO - __main__ - Training (2100 / 10000 Steps) (loss=0.3700) lr=2.79e-02 910s
09/16/2026 08:41:08 - INFO - __main__ - Training (2200 / 10000 Steps) (loss=0.3019) lr=2.77e-02 939s
09/16/2026 08:41:37 - INFO - __main__ - Training (2300 / 10000 Steps) (loss=0.5477) lr=2.74e-02 968s
09/16/2026 08:42:06 - INFO - __main__ - Training (2400 / 10000 Steps) (loss=0.5476) lr=2.71e-02 997s
09/16/2026 08:42:35 - INFO - __main__ - Training (2500 / 10000 Steps) (loss=0.3849) lr=2.68e-02 1026s
09/16/2026 08:43:04 - INFO - __main__ - Training (2600 / 10000 Steps) (loss=0.2886) lr=2.65e-02 1055s
09/16/2026 08:43:33 - INFO - __main__ - Training (2700 / 10000 Steps) (loss=0.3455) lr=2.62e-02 1084s
09/16/2026 08:44:02 - INFO - __main__ - Training (2800 / 10000 Steps) (loss=0.3101) lr=2.59e-02 1113s
09/16/2026 08:44:31 - INFO - __main__ - Training (2900 / 10000 Steps) (loss=0.4088) lr=2.55e-02 1142s
09/16/2026 08:45:00 - INFO - __main__ - Training (3000 / 10000 Steps) (loss=0.3098) lr=2.52e-02 1171s
09/16/2026 08:47:28 - INFO - __main__ - Validation Results step 3000: Accuracy 0.84935 (best 0.84935)
09/16/2026 08:47:57 - INFO - __main__ - Training (3100 / 10000 Steps) (loss=0.2081) lr=2.48e-02 1349s
09/16/2026 08:48:26 - INFO - __main__ - Training (3200 / 10000 Steps) (loss=0.2154) lr=2.44e-02 1378s
09/16/2026 08:48:55 - INFO - __main__ - Training (3300 / 10000 Steps) (loss=0.2281) lr=2.40e-02 1407s
09/16/2026 08:49:25 - INFO - __main__ - Training (3400 / 10000 Steps) (loss=0.1595) lr=2.36e-02 1436s
09/16/2026 08:49:54 - INFO - __main__ - Training (3500 / 10000 Steps) (loss=0.2116) lr=2.32e-02 1465s
09/16/2026 08:50:23 - INFO - __main__ - Training (3600 / 10000 Steps) (loss=0.3343) lr=2.28e-02 1494s
09/16/2026 08:50:52 - INFO - __main__ - Training (3700 / 10000 Steps) (loss=0.2503) lr=2.24e-02 1524s
09/16/2026 08:51:21 - INFO - __main__ - Training (3800 / 10000 Steps) (loss=0.3533) lr=2.19e-02 1553s
09/16/2026 08:51:50 - INFO - __main__ - Training (3900 / 10000 Steps) (loss=0.6278) lr=2.15e-02 1582s
09/16/2026 08:52:20 - INFO - __main__ - Training (4000 / 10000 Steps) (loss=0.0764) lr=2.10e-02 1611s
09/16/2026 08:54:47 - INFO - __main__ - Validation Results step 4000: Accuracy 0.87082 (best 0.87082)
09/16/2026 08:55:16 - INFO - __main__ - Training (4100 / 10000 Steps) (loss=0.7400) lr=2.06e-02 1788s
09/16/2026 08:55:45 - INFO - __main__ - Training (4200 / 10000 Steps) (loss=0.1682) lr=2.01e-02 1817s
09/16/2026 08:56:14 - INFO - __main__ - Training (4300 / 10000 Steps) (loss=0.2313) lr=1.96e-02 1846s
09/16/2026 08:56:43 - INFO - __main__ - Training (4400 / 10000 Steps) (loss=0.3969) lr=1.92e-02 1875s
09/16/2026 08:57:13 - INFO - __main__ - Training (4500 / 10000 Steps) (loss=0.0825) lr=1.87e-02 1904s
09/16/2026 08:57:42 - INFO - __main__ - Training (4600 / 10000 Steps) (loss=0.1546) lr=1.82e-02 1933s
09/16/2026 08:58:11 - INFO - __main__ - Training (4700 / 10000 Steps) (loss=0.1987) lr=1.77e-02 1962s
09/16/2026 08:58:39 - INFO - __main__ - Training (4800 / 10000 Steps) (loss=0.7115) lr=1.72e-02 1991s
09/16/2026 08:59:08 - INFO - __main__ - Training (4900 / 10000 Steps) (loss=0.1396) lr=1.67e-02 2020s
09/16/2026 08:59:37 - INFO - __main__ - Training (5000 / 10000 Steps) (loss=0.1814) lr=1.62e-02 2049s
09/16/2026 09:02:06 - INFO - __main__ - Validation Results step 5000: Accuracy 0.88345 (best 0.88345)
09/16/2026 09:02:35 - INFO - __main__ - Training (5100 / 10000 Steps) (loss=0.1763) lr=1.57e-02 2227s
09/16/2026 09:03:04 - INFO - __main__ - Training (5200 / 10000 Steps) (loss=0.1079) lr=1.52e-02 2255s
09/16/2026 09:03:33 - INFO - __main__ - Training (5300 / 10000 Steps) (loss=0.1556) lr=1.48e-02 2284s
09/16/2026 09:04:02 - INFO - __main__ - Training (5400 / 10000 Steps) (loss=0.0300) lr=1.43e-02 2313s
09/16/2026 09:04:31 - INFO - __main__ - Training (5500 / 10000 Steps) (loss=0.0502) lr=1.38e-02 2342s
09/16/2026 09:05:00 - INFO - __main__ - Training (5600 / 10000 Steps) (loss=0.0768) lr=1.33e-02 2371s
09/16/2026 09:05:29 - INFO - __main__ - Training (5700 / 10000 Steps) (loss=0.0941) lr=1.28e-02 2400s
09/16/2026 09:05:58 - INFO - __main__ - Training (5800 / 10000 Steps) (loss=0.1492) lr=1.23e-02 2429s
09/16/2026 09:06:26 - INFO - __main__ - Training (5900 / 10000 Steps) (loss=0.1314) lr=1.18e-02 2458s
09/16/2026 09:06:56 - INFO - __main__ - Training (6000 / 10000 Steps) (loss=0.0547) lr=1.13e-02 2487s
09/16/2026 09:09:24 - INFO - __main__ - Validation Results step 6000: Accuracy 0.89461 (best 0.89461)
09/16/2026 09:09:53 - INFO - __main__ - Training (6100 / 10000 Steps) (loss=0.0256) lr=1.08e-02 2665s
09/16/2026 09:10:22 - INFO - __main__ - Training (6200 / 10000 Steps) (loss=0.0341) lr=1.04e-02 2694s
09/16/2026 09:10:51 - INFO - __main__ - Training (6300 / 10000 Steps) (loss=0.0273) lr=9.90e-03 2723s
09/16/2026 09:11:20 - INFO - __main__ - Training (6400 / 10000 Steps) (loss=0.1138) lr=9.43e-03 2752s
09/16/2026 09:11:49 - INFO - __main__ - Training (6500 / 10000 Steps) (loss=0.0906) lr=8.97e-03 2781s
09/16/2026 09:12:18 - INFO - __main__ - Training (6600 / 10000 Steps) (loss=0.2356) lr=8.52e-03 2810s
09/16/2026 09:12:47 - INFO - __main__ - Training (6700 / 10000 Steps) (loss=0.3687) lr=8.08e-03 2839s
09/16/2026 09:13:16 - INFO - __main__ - Training (6800 / 10000 Steps) (loss=0.1363) lr=7.64e-03 2868s
09/16/2026 09:13:45 - INFO - __main__ - Training (6900 / 10000 Steps) (loss=0.0240) lr=7.22e-03 2897s
09/16/2026 09:14:14 - INFO - __main__ - Training (7000 / 10000 Steps) (loss=0.0712) lr=6.80e-03 2926s
09/16/2026 09:16:42 - INFO - __main__ - Validation Results step 7000: Accuracy 0.90314 (best 0.90314)
09/16/2026 09:17:11 - INFO - __main__ - Training (7100 / 10000 Steps) (loss=0.1047) lr=6.39e-03 3103s
09/16/2026 09:17:40 - INFO - __main__ - Training (7200 / 10000 Steps) (loss=0.0196) lr=5.98e-03 3132s
09/16/2026 09:18:09 - INFO - __main__ - Training (7300 / 10000 Steps) (loss=0.0928) lr=5.59e-03 3161s
09/16/2026 09:18:38 - INFO - __main__ - Training (7400 / 10000 Steps) (loss=0.0565) lr=5.21e-03 3190s
09/16/2026 09:19:07 - INFO - __main__ - Training (7500 / 10000 Steps) (loss=0.0101) lr=4.84e-03 3219s
09/16/2026 09:19:36 - INFO - __main__ - Training (7600 / 10000 Steps) (loss=0.0163) lr=4.48e-03 3248s
09/16/2026 09:20:05 - INFO - __main__ - Training (7700 / 10000 Steps) (loss=0.0139) lr=4.13e-03 3277s
09/16/2026 09:20:34 - INFO - __main__ - Training (7800 / 10000 Steps) (loss=0.0144) lr=3.80e-03 3306s
09/16/2026 09:21:03 - INFO - __main__ - Training (7900 / 10000 Steps) (loss=0.0657) lr=3.47e-03 3335s
09/16/2026 09:21:32 - INFO - __main__ - Training (8000 / 10000 Steps) (loss=0.0404) lr=3.16e-03 3364s
09/16/2026 09:24:01 - INFO - __main__ - Validation Results step 8000: Accuracy 0.90675 (best 0.90675)
09/16/2026 09:24:30 - INFO - __main__ - Training (8100 / 10000 Steps) (loss=0.0229) lr=2.86e-03 3541s
09/16/2026 09:24:59 - INFO - __main__ - Training (8200 / 10000 Steps) (loss=0.0308) lr=2.58e-03 3570s
09/16/2026 09:25:28 - INFO - __main__ - Training (8300 / 10000 Steps) (loss=0.0194) lr=2.31e-03 3599s
09/16/2026 09:25:57 - INFO - __main__ - Training (8400 / 10000 Steps) (loss=0.0464) lr=2.05e-03 3628s
09/16/2026 09:26:26 - INFO - __main__ - Training (8500 / 10000 Steps) (loss=0.0600) lr=1.81e-03 3657s
09/16/2026 09:26:55 - INFO - __main__ - Training (8600 / 10000 Steps) (loss=0.0488) lr=1.58e-03 3686s
09/16/2026 09:27:24 - INFO - __main__ - Training (8700 / 10000 Steps) (loss=0.0717) lr=1.36e-03 3715s
09/16/2026 09:27:52 - INFO - __main__ - Training (8800 / 10000 Steps) (loss=0.1363) lr=1.17e-03 3744s
09/16/2026 09:28:21 - INFO - __main__ - Training (8900 / 10000 Steps) (loss=0.0506) lr=9.82e-04 3773s
09/16/2026 09:28:51 - INFO - __main__ - Training (9000 / 10000 Steps) (loss=0.0111) lr=8.13e-04 3802s
09/16/2026 09:31:19 - INFO - __main__ - Validation Results step 9000: Accuracy 0.91065 (best 0.91065)
09/16/2026 09:31:48 - INFO - __main__ - Training (9100 / 10000 Steps) (loss=0.1134) lr=6.59e-04 3980s
09/16/2026 09:32:17 - INFO - __main__ - Training (9200 / 10000 Steps) (loss=0.0596) lr=5.22e-04 4009s
09/16/2026 09:32:46 - INFO - __main__ - Training (9300 / 10000 Steps) (loss=0.0200) lr=4.00e-04 4038s
09/16/2026 09:33:15 - INFO - __main__ - Training (9400 / 10000 Steps) (loss=0.0512) lr=2.94e-04 4067s
09/16/2026 09:33:44 - INFO - __main__ - Training (9500 / 10000 Steps) (loss=0.0725) lr=2.05e-04 4096s
09/16/2026 09:34:13 - INFO - __main__ - Training (9600 / 10000 Steps) (loss=0.0890) lr=1.31e-04 4125s
09/16/2026 09:34:43 - INFO - __main__ - Training (9700 / 10000 Steps) (loss=0.0198) lr=7.38e-05 4154s
09/16/2026 09:35:12 - INFO - __main__ - Training (9800 / 10000 Steps) (loss=0.0227) lr=3.28e-05 4183s
09/16/2026 09:35:41 - INFO - __main__ - Training (9900 / 10000 Steps) (loss=0.0432) lr=8.20e-06 4212s
09/16/2026 09:36:10 - INFO - __main__ - Training (10000 / 10000 Steps) (loss=0.0220) lr=0.00e+00 4241s
09/16/2026 09:38:38 - INFO - __main__ - Validation Results step 10000: Accuracy 0.91138 (best 0.91138)
09/16/2026 09:38:38 - INFO - __main__ - Best Accuracy: 	0.911379
09/16/2026 09:38:38 - INFO - __main__ - End Training!
