/opt/anaconda3/envs/fal-wyh/lib/python3.9/site-packages/torchvision/transforms/transforms.py:329: UserWarning: Argument 'interpolation' of type int is deprecated since 0.13 and will be removed in 0.15. Please use InterpolationMode enum.
  warnings.warn(
09/16/2026 14:08:51 - INFO - __main__ - Training parameters Namespace(data_root='/home/savo_shen/data_crops/cub/gt_sq', name='cub_gt_sq_224', output_dir='output', pretrained='/home/savo_shen/Programs/FAL-ViT-main-wyh/imagenet21k_ViT-B_16.npz', img_size=224, train_batch_size=16, grad_accum=1, eval_batch_size=128, learning_rate=0.03, weight_decay=0.0, num_steps=10000, warmup_steps=500, eval_every=1000, max_grad_norm=1.0, num_workers=8, seed=42)
09/16/2026 14:08:51 - INFO - __main__ - effective batch = 16
09/16/2026 14:08:51 - INFO - __main__ - classes=200 train=5994 test=5794
09/16/2026 14:09:00 - INFO - __main__ - Training (100 / 10000 Steps) (loss=5.1851) lr=6.00e-03 9s
09/16/2026 14:09:06 - INFO - __main__ - Training (200 / 10000 Steps) (loss=4.7102) lr=1.20e-02 15s
09/16/2026 14:09:12 - INFO - __main__ - Training (300 / 10000 Steps) (loss=3.5116) lr=1.80e-02 21s
09/16/2026 14:09:19 - INFO - __main__ - Training (400 / 10000 Steps) (loss=2.2154) lr=2.40e-02 28s
09/16/2026 14:09:25 - INFO - __main__ - Training (500 / 10000 Steps) (loss=1.4770) lr=3.00e-02 34s
09/16/2026 14:09:32 - INFO - __main__ - Training (600 / 10000 Steps) (loss=0.7764) lr=3.00e-02 41s
09/16/2026 14:09:38 - INFO - __main__ - Training (700 / 10000 Steps) (loss=0.7857) lr=3.00e-02 47s
09/16/2026 14:09:45 - INFO - __main__ - Training (800 / 10000 Steps) (loss=0.7254) lr=2.99e-02 54s
09/16/2026 14:09:51 - INFO - __main__ - Training (900 / 10000 Steps) (loss=0.6247) lr=2.99e-02 60s
09/16/2026 14:09:58 - INFO - __main__ - Training (1000 / 10000 Steps) (loss=0.7853) lr=2.98e-02 67s
09/16/2026 14:10:06 - INFO - __main__ - Validation Results step 1000: Accuracy 0.82706 (best 0.82706)
09/16/2026 14:10:13 - INFO - __main__ - Training (1100 / 10000 Steps) (loss=0.6540) lr=2.97e-02 82s
09/16/2026 14:10:19 - INFO - __main__ - Training (1200 / 10000 Steps) (loss=0.4997) lr=2.96e-02 88s
09/16/2026 14:10:25 - INFO - __main__ - Training (1300 / 10000 Steps) (loss=0.2213) lr=2.95e-02 94s
09/16/2026 14:10:32 - INFO - __main__ - Training (1400 / 10000 Steps) (loss=0.7393) lr=2.93e-02 101s
09/16/2026 14:10:38 - INFO - __main__ - Training (1500 / 10000 Steps) (loss=0.4599) lr=2.92e-02 107s
09/16/2026 14:10:44 - INFO - __main__ - Training (1600 / 10000 Steps) (loss=0.4277) lr=2.90e-02 113s
09/16/2026 14:10:51 - INFO - __main__ - Training (1700 / 10000 Steps) (loss=0.2640) lr=2.88e-02 120s
09/16/2026 14:10:57 - INFO - __main__ - Training (1800 / 10000 Steps) (loss=0.2168) lr=2.86e-02 126s
09/16/2026 14:11:03 - INFO - __main__ - Training (1900 / 10000 Steps) (loss=0.2422) lr=2.84e-02 133s
09/16/2026 14:11:10 - INFO - __main__ - Training (2000 / 10000 Steps) (loss=0.1642) lr=2.82e-02 139s
09/16/2026 14:11:17 - INFO - __main__ - Validation Results step 2000: Accuracy 0.87522 (best 0.87522)
09/16/2026 14:11:23 - INFO - __main__ - Training (2100 / 10000 Steps) (loss=0.1504) lr=2.79e-02 153s
09/16/2026 14:11:30 - INFO - __main__ - Training (2200 / 10000 Steps) (loss=0.6592) lr=2.77e-02 159s
09/16/2026 14:11:36 - INFO - __main__ - Training (2300 / 10000 Steps) (loss=0.4280) lr=2.74e-02 165s
09/16/2026 14:11:42 - INFO - __main__ - Training (2400 / 10000 Steps) (loss=0.2914) lr=2.71e-02 171s
09/16/2026 14:11:49 - INFO - __main__ - Training (2500 / 10000 Steps) (loss=0.4223) lr=2.68e-02 178s
09/16/2026 14:11:55 - INFO - __main__ - Training (2600 / 10000 Steps) (loss=0.0756) lr=2.65e-02 184s
09/16/2026 14:12:02 - INFO - __main__ - Training (2700 / 10000 Steps) (loss=0.1541) lr=2.62e-02 191s
09/16/2026 14:12:08 - INFO - __main__ - Training (2800 / 10000 Steps) (loss=0.1678) lr=2.59e-02 197s
09/16/2026 14:12:15 - INFO - __main__ - Training (2900 / 10000 Steps) (loss=0.4654) lr=2.55e-02 204s
09/16/2026 14:12:21 - INFO - __main__ - Training (3000 / 10000 Steps) (loss=0.0195) lr=2.52e-02 210s
09/16/2026 14:12:28 - INFO - __main__ - Validation Results step 3000: Accuracy 0.87763 (best 0.87763)
09/16/2026 14:12:35 - INFO - __main__ - Training (3100 / 10000 Steps) (loss=0.0819) lr=2.48e-02 224s
09/16/2026 14:12:41 - INFO - __main__ - Training (3200 / 10000 Steps) (loss=0.1929) lr=2.44e-02 230s
09/16/2026 14:12:48 - INFO - __main__ - Training (3300 / 10000 Steps) (loss=0.0866) lr=2.40e-02 237s
09/16/2026 14:12:54 - INFO - __main__ - Training (3400 / 10000 Steps) (loss=0.0655) lr=2.36e-02 243s
09/16/2026 14:13:01 - INFO - __main__ - Training (3500 / 10000 Steps) (loss=0.0167) lr=2.32e-02 250s
09/16/2026 14:13:07 - INFO - __main__ - Training (3600 / 10000 Steps) (loss=0.1146) lr=2.28e-02 256s
09/16/2026 14:13:14 - INFO - __main__ - Training (3700 / 10000 Steps) (loss=0.2902) lr=2.24e-02 263s
09/16/2026 14:13:20 - INFO - __main__ - Training (3800 / 10000 Steps) (loss=0.0377) lr=2.19e-02 269s
09/16/2026 14:13:27 - INFO - __main__ - Training (3900 / 10000 Steps) (loss=0.0704) lr=2.15e-02 276s
09/16/2026 14:13:33 - INFO - __main__ - Training (4000 / 10000 Steps) (loss=0.0303) lr=2.10e-02 282s
09/16/2026 14:13:41 - INFO - __main__ - Validation Results step 4000: Accuracy 0.88298 (best 0.88298)
09/16/2026 14:13:47 - INFO - __main__ - Training (4100 / 10000 Steps) (loss=0.2595) lr=2.06e-02 296s
09/16/2026 14:13:53 - INFO - __main__ - Training (4200 / 10000 Steps) (loss=0.0176) lr=2.01e-02 302s
09/16/2026 14:14:00 - INFO - __main__ - Training (4300 / 10000 Steps) (loss=0.0432) lr=1.96e-02 309s
09/16/2026 14:14:06 - INFO - __main__ - Training (4400 / 10000 Steps) (loss=0.0089) lr=1.92e-02 315s
09/16/2026 14:14:12 - INFO - __main__ - Training (4500 / 10000 Steps) (loss=0.0081) lr=1.87e-02 321s
09/16/2026 14:14:19 - INFO - __main__ - Training (4600 / 10000 Steps) (loss=0.0048) lr=1.82e-02 328s
09/16/2026 14:14:25 - INFO - __main__ - Training (4700 / 10000 Steps) (loss=0.0472) lr=1.77e-02 334s
09/16/2026 14:14:31 - INFO - __main__ - Training (4800 / 10000 Steps) (loss=0.0092) lr=1.72e-02 340s
09/16/2026 14:14:38 - INFO - __main__ - Training (4900 / 10000 Steps) (loss=0.0052) lr=1.67e-02 347s
09/16/2026 14:14:44 - INFO - __main__ - Training (5000 / 10000 Steps) (loss=0.0175) lr=1.62e-02 353s
09/16/2026 14:14:51 - INFO - __main__ - Validation Results step 5000: Accuracy 0.88695 (best 0.88695)
09/16/2026 14:14:58 - INFO - __main__ - Training (5100 / 10000 Steps) (loss=0.0059) lr=1.57e-02 367s
09/16/2026 14:15:04 - INFO - __main__ - Training (5200 / 10000 Steps) (loss=0.0187) lr=1.52e-02 373s
09/16/2026 14:15:10 - INFO - __main__ - Training (5300 / 10000 Steps) (loss=0.0045) lr=1.48e-02 380s
09/16/2026 14:15:17 - INFO - __main__ - Training (5400 / 10000 Steps) (loss=0.0044) lr=1.43e-02 386s
09/16/2026 14:15:23 - INFO - __main__ - Training (5500 / 10000 Steps) (loss=0.0021) lr=1.38e-02 392s
09/16/2026 14:15:29 - INFO - __main__ - Training (5600 / 10000 Steps) (loss=0.0113) lr=1.33e-02 399s
09/16/2026 14:15:36 - INFO - __main__ - Training (5700 / 10000 Steps) (loss=0.0030) lr=1.28e-02 405s
09/16/2026 14:15:42 - INFO - __main__ - Training (5800 / 10000 Steps) (loss=0.0020) lr=1.23e-02 411s
09/16/2026 14:15:48 - INFO - __main__ - Training (5900 / 10000 Steps) (loss=0.0053) lr=1.18e-02 417s
09/16/2026 14:15:55 - INFO - __main__ - Training (6000 / 10000 Steps) (loss=0.0037) lr=1.13e-02 424s
09/16/2026 14:16:02 - INFO - __main__ - Validation Results step 6000: Accuracy 0.89247 (best 0.89247)
09/16/2026 14:16:08 - INFO - __main__ - Training (6100 / 10000 Steps) (loss=0.0019) lr=1.08e-02 438s
09/16/2026 14:16:15 - INFO - __main__ - Training (6200 / 10000 Steps) (loss=0.0298) lr=1.04e-02 444s
09/16/2026 14:16:21 - INFO - __main__ - Training (6300 / 10000 Steps) (loss=0.0043) lr=9.90e-03 450s
09/16/2026 14:16:27 - INFO - __main__ - Training (6400 / 10000 Steps) (loss=0.0202) lr=9.43e-03 456s
09/16/2026 14:16:34 - INFO - __main__ - Training (6500 / 10000 Steps) (loss=0.0034) lr=8.97e-03 463s
09/16/2026 14:16:40 - INFO - __main__ - Training (6600 / 10000 Steps) (loss=0.0026) lr=8.52e-03 469s
09/16/2026 14:16:46 - INFO - __main__ - Training (6700 / 10000 Steps) (loss=0.0017) lr=8.08e-03 475s
09/16/2026 14:16:53 - INFO - __main__ - Training (6800 / 10000 Steps) (loss=0.0009) lr=7.64e-03 482s
09/16/2026 14:16:59 - INFO - __main__ - Training (6900 / 10000 Steps) (loss=0.0010) lr=7.22e-03 488s
09/16/2026 14:17:05 - INFO - __main__ - Training (7000 / 10000 Steps) (loss=0.0012) lr=6.80e-03 494s
09/16/2026 14:17:12 - INFO - __main__ - Validation Results step 7000: Accuracy 0.89334 (best 0.89334)
09/16/2026 14:17:19 - INFO - __main__ - Training (7100 / 10000 Steps) (loss=0.0012) lr=6.39e-03 508s
09/16/2026 14:17:25 - INFO - __main__ - Training (7200 / 10000 Steps) (loss=0.0011) lr=5.98e-03 514s
09/16/2026 14:17:32 - INFO - __main__ - Training (7300 / 10000 Steps) (loss=0.0061) lr=5.59e-03 521s
09/16/2026 14:17:38 - INFO - __main__ - Training (7400 / 10000 Steps) (loss=0.0012) lr=5.21e-03 527s
09/16/2026 14:17:44 - INFO - __main__ - Training (7500 / 10000 Steps) (loss=0.0008) lr=4.84e-03 533s
09/16/2026 14:17:50 - INFO - __main__ - Training (7600 / 10000 Steps) (loss=0.0017) lr=4.48e-03 539s
09/16/2026 14:17:57 - INFO - __main__ - Training (7700 / 10000 Steps) (loss=0.0033) lr=4.13e-03 546s
09/16/2026 14:18:03 - INFO - __main__ - Training (7800 / 10000 Steps) (loss=0.0013) lr=3.80e-03 552s
09/16/2026 14:18:10 - INFO - __main__ - Training (7900 / 10000 Steps) (loss=0.0015) lr=3.47e-03 559s
09/16/2026 14:18:16 - INFO - __main__ - Training (8000 / 10000 Steps) (loss=0.0008) lr=3.16e-03 565s
09/16/2026 14:18:23 - INFO - __main__ - Validation Results step 8000: Accuracy 0.89610 (best 0.89610)
09/16/2026 14:18:30 - INFO - __main__ - Training (8100 / 10000 Steps) (loss=0.0024) lr=2.86e-03 579s
09/16/2026 14:18:36 - INFO - __main__ - Training (8200 / 10000 Steps) (loss=0.0013) lr=2.58e-03 585s
09/16/2026 14:18:43 - INFO - __main__ - Training (8300 / 10000 Steps) (loss=0.0023) lr=2.31e-03 592s
09/16/2026 14:18:49 - INFO - __main__ - Training (8400 / 10000 Steps) (loss=0.0020) lr=2.05e-03 598s
09/16/2026 14:18:55 - INFO - __main__ - Training (8500 / 10000 Steps) (loss=0.0015) lr=1.81e-03 604s
09/16/2026 14:19:01 - INFO - __main__ - Training (8600 / 10000 Steps) (loss=0.0027) lr=1.58e-03 610s
09/16/2026 14:19:08 - INFO - __main__ - Training (8700 / 10000 Steps) (loss=0.0016) lr=1.36e-03 617s
09/16/2026 14:19:14 - INFO - __main__ - Training (8800 / 10000 Steps) (loss=0.0028) lr=1.17e-03 623s
09/16/2026 14:19:20 - INFO - __main__ - Training (8900 / 10000 Steps) (loss=0.0020) lr=9.82e-04 629s
09/16/2026 14:19:27 - INFO - __main__ - Training (9000 / 10000 Steps) (loss=0.0026) lr=8.13e-04 636s
09/16/2026 14:19:34 - INFO - __main__ - Validation Results step 9000: Accuracy 0.89506 (best 0.89610)
09/16/2026 14:19:40 - INFO - __main__ - Training (9100 / 10000 Steps) (loss=0.0608) lr=6.59e-04 650s
09/16/2026 14:19:47 - INFO - __main__ - Training (9200 / 10000 Steps) (loss=0.0011) lr=5.22e-04 656s
09/16/2026 14:19:53 - INFO - __main__ - Training (9300 / 10000 Steps) (loss=0.0030) lr=4.00e-04 662s
09/16/2026 14:20:00 - INFO - __main__ - Training (9400 / 10000 Steps) (loss=0.0019) lr=2.94e-04 669s
09/16/2026 14:20:06 - INFO - __main__ - Training (9500 / 10000 Steps) (loss=0.0020) lr=2.05e-04 675s
09/16/2026 14:20:12 - INFO - __main__ - Training (9600 / 10000 Steps) (loss=0.0030) lr=1.31e-04 681s
09/16/2026 14:20:19 - INFO - __main__ - Training (9700 / 10000 Steps) (loss=0.0015) lr=7.38e-05 688s
09/16/2026 14:20:25 - INFO - __main__ - Training (9800 / 10000 Steps) (loss=0.0010) lr=3.28e-05 694s
09/16/2026 14:20:31 - INFO - __main__ - Training (9900 / 10000 Steps) (loss=0.0016) lr=8.20e-06 700s
09/16/2026 14:20:37 - INFO - __main__ - Training (10000 / 10000 Steps) (loss=0.0017) lr=0.00e+00 707s
09/16/2026 14:20:45 - INFO - __main__ - Validation Results step 10000: Accuracy 0.89455 (best 0.89610)
09/16/2026 14:20:45 - INFO - __main__ - Best Accuracy: 	0.896099
09/16/2026 14:20:45 - INFO - __main__ - End Training!
