/opt/anaconda3/envs/fal-wyh/lib/python3.9/site-packages/torchvision/transforms/transforms.py:329: UserWarning: Argument 'interpolation' of type int is deprecated since 0.13 and will be removed in 0.15. Please use InterpolationMode enum.
  warnings.warn(
09/15/2026 19:30:37 - INFO - models.modeling - load_pretrained: resized variant: torch.Size([1, 197, 768]) to torch.Size([1, 785, 768])
09/15/2026 19:30:40 - INFO - __main__ - Training parameters Namespace(data_root='/home/savo_shen/data_crops/cub/raw', name='cub_raw', output_dir='output', pretrained='/home/savo_shen/Programs/FAL-ViT-main-wyh/imagenet21k_ViT-B_16.npz', img_size=448, train_batch_size=16, eval_batch_size=64, learning_rate=0.03, weight_decay=0.0, num_steps=10000, warmup_steps=500, eval_every=1000, max_grad_norm=1.0, num_workers=8, seed=42)
09/15/2026 19:30:40 - INFO - __main__ - classes=200 train=5994 test=5794
load_pretrained: grid-size from 14 to 28
09/15/2026 19:31:45 - INFO - __main__ - Training (100 / 10000 Steps) (loss=5.1831) lr=6.00e-03 66s
09/15/2026 19:32:46 - INFO - __main__ - Training (200 / 10000 Steps) (loss=4.6956) lr=1.20e-02 126s
09/15/2026 19:33:46 - INFO - __main__ - Training (300 / 10000 Steps) (loss=3.4565) lr=1.80e-02 186s
09/15/2026 19:34:47 - INFO - __main__ - Training (400 / 10000 Steps) (loss=2.1523) lr=2.40e-02 247s
09/15/2026 19:35:47 - INFO - __main__ - Training (500 / 10000 Steps) (loss=1.3188) lr=3.00e-02 308s
09/15/2026 19:36:48 - INFO - __main__ - Training (600 / 10000 Steps) (loss=0.8852) lr=3.00e-02 368s
09/15/2026 19:37:48 - INFO - __main__ - Training (700 / 10000 Steps) (loss=0.6738) lr=3.00e-02 428s
09/15/2026 19:38:49 - INFO - __main__ - Training (800 / 10000 Steps) (loss=0.5250) lr=2.99e-02 490s
09/15/2026 19:39:44 - INFO - __main__ - Training (900 / 10000 Steps) (loss=0.5939) lr=2.99e-02 544s
09/15/2026 19:40:31 - INFO - __main__ - Training (1000 / 10000 Steps) (loss=0.5808) lr=2.98e-02 592s
09/15/2026 19:41:48 - INFO - __main__ - Validation Results step 1000: Accuracy 0.83517 (best 0.83517)
09/15/2026 19:42:48 - INFO - __main__ - Training (1100 / 10000 Steps) (loss=0.4008) lr=2.97e-02 728s
09/15/2026 19:43:48 - INFO - __main__ - Training (1200 / 10000 Steps) (loss=0.2968) lr=2.96e-02 788s
09/15/2026 19:44:47 - INFO - __main__ - Training (1300 / 10000 Steps) (loss=0.1935) lr=2.95e-02 847s
09/15/2026 19:45:46 - INFO - __main__ - Training (1400 / 10000 Steps) (loss=0.6263) lr=2.93e-02 907s
09/15/2026 19:46:46 - INFO - __main__ - Training (1500 / 10000 Steps) (loss=0.3827) lr=2.92e-02 967s
09/15/2026 19:47:45 - INFO - __main__ - Training (1600 / 10000 Steps) (loss=0.1420) lr=2.90e-02 1025s
09/15/2026 19:48:24 - INFO - __main__ - Training (1700 / 10000 Steps) (loss=0.3445) lr=2.88e-02 1064s
09/15/2026 19:49:22 - INFO - __main__ - Training (1800 / 10000 Steps) (loss=0.1029) lr=2.86e-02 1122s
09/15/2026 19:50:22 - INFO - __main__ - Training (1900 / 10000 Steps) (loss=0.1467) lr=2.84e-02 1182s
09/15/2026 19:51:20 - INFO - __main__ - Training (2000 / 10000 Steps) (loss=0.1147) lr=2.82e-02 1241s
09/15/2026 19:52:32 - INFO - __main__ - Validation Results step 2000: Accuracy 0.88695 (best 0.88695)
09/15/2026 19:53:30 - INFO - __main__ - Training (2100 / 10000 Steps) (loss=0.1206) lr=2.79e-02 1371s
09/15/2026 19:54:29 - INFO - __main__ - Training (2200 / 10000 Steps) (loss=0.3371) lr=2.77e-02 1429s
09/15/2026 19:55:29 - INFO - __main__ - Training (2300 / 10000 Steps) (loss=0.0630) lr=2.74e-02 1489s
09/15/2026 19:56:28 - INFO - __main__ - Training (2400 / 10000 Steps) (loss=0.0303) lr=2.71e-02 1549s
09/15/2026 19:57:26 - INFO - __main__ - Training (2500 / 10000 Steps) (loss=0.0745) lr=2.68e-02 1607s
09/15/2026 19:58:25 - INFO - __main__ - Training (2600 / 10000 Steps) (loss=0.0920) lr=2.65e-02 1665s
09/15/2026 19:59:24 - INFO - __main__ - Training (2700 / 10000 Steps) (loss=0.0866) lr=2.62e-02 1725s
09/15/2026 20:00:23 - INFO - __main__ - Training (2800 / 10000 Steps) (loss=0.1428) lr=2.59e-02 1783s
09/15/2026 20:01:23 - INFO - __main__ - Training (2900 / 10000 Steps) (loss=0.2473) lr=2.55e-02 1843s
09/15/2026 20:02:23 - INFO - __main__ - Training (3000 / 10000 Steps) (loss=0.0196) lr=2.52e-02 1904s
09/15/2026 20:03:34 - INFO - __main__ - Validation Results step 3000: Accuracy 0.88091 (best 0.88695)
09/15/2026 20:04:33 - INFO - __main__ - Training (3100 / 10000 Steps) (loss=0.0714) lr=2.48e-02 2034s
09/15/2026 20:05:32 - INFO - __main__ - Training (3200 / 10000 Steps) (loss=0.1295) lr=2.44e-02 2093s
09/15/2026 20:06:31 - INFO - __main__ - Training (3300 / 10000 Steps) (loss=0.0156) lr=2.40e-02 2151s
09/15/2026 20:07:30 - INFO - __main__ - Training (3400 / 10000 Steps) (loss=0.0207) lr=2.36e-02 2210s
09/15/2026 20:08:28 - INFO - __main__ - Training (3500 / 10000 Steps) (loss=0.0035) lr=2.32e-02 2269s
09/15/2026 20:09:27 - INFO - __main__ - Training (3600 / 10000 Steps) (loss=0.0132) lr=2.28e-02 2327s
09/15/2026 20:10:24 - INFO - __main__ - Training (3700 / 10000 Steps) (loss=0.1506) lr=2.24e-02 2385s
09/15/2026 20:11:24 - INFO - __main__ - Training (3800 / 10000 Steps) (loss=0.0077) lr=2.19e-02 2444s
09/15/2026 20:12:22 - INFO - __main__ - Training (3900 / 10000 Steps) (loss=0.0187) lr=2.15e-02 2503s
09/15/2026 20:13:06 - INFO - __main__ - Training (4000 / 10000 Steps) (loss=0.0600) lr=2.10e-02 2546s
09/15/2026 20:14:19 - INFO - __main__ - Validation Results step 4000: Accuracy 0.89351 (best 0.89351)
09/15/2026 20:15:21 - INFO - __main__ - Training (4100 / 10000 Steps) (loss=0.0509) lr=2.06e-02 2682s
09/15/2026 20:16:24 - INFO - __main__ - Training (4200 / 10000 Steps) (loss=0.0104) lr=2.01e-02 2745s
09/15/2026 20:17:27 - INFO - __main__ - Training (4300 / 10000 Steps) (loss=0.0060) lr=1.96e-02 2807s
09/15/2026 20:18:29 - INFO - __main__ - Training (4400 / 10000 Steps) (loss=0.0593) lr=1.92e-02 2870s
09/15/2026 20:19:32 - INFO - __main__ - Training (4500 / 10000 Steps) (loss=0.0074) lr=1.87e-02 2933s
09/15/2026 20:20:35 - INFO - __main__ - Training (4600 / 10000 Steps) (loss=0.0043) lr=1.82e-02 2996s
09/15/2026 20:21:38 - INFO - __main__ - Training (4700 / 10000 Steps) (loss=0.0053) lr=1.77e-02 3058s
09/15/2026 20:22:41 - INFO - __main__ - Training (4800 / 10000 Steps) (loss=0.0199) lr=1.72e-02 3121s
09/15/2026 20:23:44 - INFO - __main__ - Training (4900 / 10000 Steps) (loss=0.0031) lr=1.67e-02 3184s
09/15/2026 20:24:46 - INFO - __main__ - Training (5000 / 10000 Steps) (loss=0.0029) lr=1.62e-02 3247s
09/15/2026 20:26:02 - INFO - __main__ - Validation Results step 5000: Accuracy 0.89955 (best 0.89955)
09/15/2026 20:27:05 - INFO - __main__ - Training (5100 / 10000 Steps) (loss=0.0039) lr=1.57e-02 3385s
09/15/2026 20:28:07 - INFO - __main__ - Training (5200 / 10000 Steps) (loss=0.0020) lr=1.52e-02 3447s
09/15/2026 20:29:10 - INFO - __main__ - Training (5300 / 10000 Steps) (loss=0.0021) lr=1.48e-02 3510s
09/15/2026 20:30:12 - INFO - __main__ - Training (5400 / 10000 Steps) (loss=0.0037) lr=1.43e-02 3573s
09/15/2026 20:31:15 - INFO - __main__ - Training (5500 / 10000 Steps) (loss=0.0031) lr=1.38e-02 3635s
09/15/2026 20:32:17 - INFO - __main__ - Training (5600 / 10000 Steps) (loss=0.0067) lr=1.33e-02 3698s
09/15/2026 20:33:21 - INFO - __main__ - Training (5700 / 10000 Steps) (loss=0.0031) lr=1.28e-02 3761s
09/15/2026 20:34:23 - INFO - __main__ - Training (5800 / 10000 Steps) (loss=0.0021) lr=1.23e-02 3824s
09/15/2026 20:35:26 - INFO - __main__ - Training (5900 / 10000 Steps) (loss=0.0015) lr=1.18e-02 3886s
09/15/2026 20:36:29 - INFO - __main__ - Training (6000 / 10000 Steps) (loss=0.0008) lr=1.13e-02 3949s
09/15/2026 20:37:45 - INFO - __main__ - Validation Results step 6000: Accuracy 0.90456 (best 0.90456)
09/15/2026 20:38:47 - INFO - __main__ - Training (6100 / 10000 Steps) (loss=0.0024) lr=1.08e-02 4088s
09/15/2026 20:39:50 - INFO - __main__ - Training (6200 / 10000 Steps) (loss=0.0028) lr=1.04e-02 4150s
09/15/2026 20:40:53 - INFO - __main__ - Training (6300 / 10000 Steps) (loss=0.0013) lr=9.90e-03 4213s
09/15/2026 20:41:56 - INFO - __main__ - Training (6400 / 10000 Steps) (loss=0.0032) lr=9.43e-03 4276s
09/15/2026 20:42:59 - INFO - __main__ - Training (6500 / 10000 Steps) (loss=0.0010) lr=8.97e-03 4339s
09/15/2026 20:44:01 - INFO - __main__ - Training (6600 / 10000 Steps) (loss=0.0014) lr=8.52e-03 4402s
09/15/2026 20:45:04 - INFO - __main__ - Training (6700 / 10000 Steps) (loss=0.0010) lr=8.08e-03 4465s
09/15/2026 20:45:36 - INFO - __main__ - Training (6800 / 10000 Steps) (loss=0.0008) lr=7.64e-03 4497s
09/15/2026 20:46:05 - INFO - __main__ - Training (6900 / 10000 Steps) (loss=0.0014) lr=7.22e-03 4525s
09/15/2026 20:46:34 - INFO - __main__ - Training (7000 / 10000 Steps) (loss=0.0016) lr=6.80e-03 4554s
09/15/2026 20:47:10 - INFO - __main__ - Validation Results step 7000: Accuracy 0.90490 (best 0.90490)
09/15/2026 20:47:39 - INFO - __main__ - Training (7100 / 10000 Steps) (loss=0.0012) lr=6.39e-03 4620s
09/15/2026 20:48:09 - INFO - __main__ - Training (7200 / 10000 Steps) (loss=0.0007) lr=5.98e-03 4649s
09/15/2026 20:48:38 - INFO - __main__ - Training (7300 / 10000 Steps) (loss=0.0018) lr=5.59e-03 4678s
09/15/2026 20:49:07 - INFO - __main__ - Training (7400 / 10000 Steps) (loss=0.0015) lr=5.21e-03 4707s
09/15/2026 20:49:36 - INFO - __main__ - Training (7500 / 10000 Steps) (loss=0.0027) lr=4.84e-03 4736s
09/15/2026 20:50:05 - INFO - __main__ - Training (7600 / 10000 Steps) (loss=0.0007) lr=4.48e-03 4765s
09/15/2026 20:50:34 - INFO - __main__ - Training (7700 / 10000 Steps) (loss=0.0013) lr=4.13e-03 4794s
09/15/2026 20:51:03 - INFO - __main__ - Training (7800 / 10000 Steps) (loss=0.0015) lr=3.80e-03 4823s
09/15/2026 20:51:32 - INFO - __main__ - Training (7900 / 10000 Steps) (loss=0.0010) lr=3.47e-03 4853s
09/15/2026 20:52:01 - INFO - __main__ - Training (8000 / 10000 Steps) (loss=0.0005) lr=3.16e-03 4882s
09/15/2026 20:52:37 - INFO - __main__ - Validation Results step 8000: Accuracy 0.90576 (best 0.90576)
09/15/2026 20:53:06 - INFO - __main__ - Training (8100 / 10000 Steps) (loss=0.0009) lr=2.86e-03 4947s
09/15/2026 20:53:35 - INFO - __main__ - Training (8200 / 10000 Steps) (loss=0.0008) lr=2.58e-03 4976s
09/15/2026 20:54:04 - INFO - __main__ - Training (8300 / 10000 Steps) (loss=0.0022) lr=2.31e-03 5005s
09/15/2026 20:54:33 - INFO - __main__ - Training (8400 / 10000 Steps) (loss=0.0035) lr=2.05e-03 5034s
09/15/2026 20:55:02 - INFO - __main__ - Training (8500 / 10000 Steps) (loss=0.0008) lr=1.81e-03 5063s
09/15/2026 20:55:31 - INFO - __main__ - Training (8600 / 10000 Steps) (loss=0.0013) lr=1.58e-03 5092s
09/15/2026 20:56:01 - INFO - __main__ - Training (8700 / 10000 Steps) (loss=0.0012) lr=1.36e-03 5121s
09/15/2026 20:56:29 - INFO - __main__ - Training (8800 / 10000 Steps) (loss=0.0009) lr=1.17e-03 5150s
09/15/2026 20:56:58 - INFO - __main__ - Training (8900 / 10000 Steps) (loss=0.0017) lr=9.82e-04 5179s
09/15/2026 20:57:28 - INFO - __main__ - Training (9000 / 10000 Steps) (loss=0.0008) lr=8.13e-04 5208s
09/15/2026 20:58:04 - INFO - __main__ - Validation Results step 9000: Accuracy 0.90680 (best 0.90680)
09/15/2026 20:58:33 - INFO - __main__ - Training (9100 / 10000 Steps) (loss=0.0007) lr=6.59e-04 5274s
09/15/2026 20:59:02 - INFO - __main__ - Training (9200 / 10000 Steps) (loss=0.0009) lr=5.22e-04 5302s
09/15/2026 20:59:31 - INFO - __main__ - Training (9300 / 10000 Steps) (loss=0.0014) lr=4.00e-04 5331s
09/15/2026 21:00:00 - INFO - __main__ - Training (9400 / 10000 Steps) (loss=0.0005) lr=2.94e-04 5361s
09/15/2026 21:00:29 - INFO - __main__ - Training (9500 / 10000 Steps) (loss=0.0013) lr=2.05e-04 5390s
09/15/2026 21:00:58 - INFO - __main__ - Training (9600 / 10000 Steps) (loss=0.0013) lr=1.31e-04 5419s
09/15/2026 21:01:27 - INFO - __main__ - Training (9700 / 10000 Steps) (loss=0.0012) lr=7.38e-05 5448s
09/15/2026 21:01:57 - INFO - __main__ - Training (9800 / 10000 Steps) (loss=0.0009) lr=3.28e-05 5477s
09/15/2026 21:02:26 - INFO - __main__ - Training (9900 / 10000 Steps) (loss=0.0009) lr=8.20e-06 5506s
09/15/2026 21:02:55 - INFO - __main__ - Training (10000 / 10000 Steps) (loss=0.0007) lr=0.00e+00 5535s
09/15/2026 21:03:31 - INFO - __main__ - Validation Results step 10000: Accuracy 0.90663 (best 0.90680)
09/15/2026 21:03:31 - INFO - __main__ - Best Accuracy: 	0.906800
09/15/2026 21:03:31 - INFO - __main__ - End Training!
