/opt/anaconda3/envs/fal-wyh/lib/python3.9/site-packages/torchvision/transforms/transforms.py:329: UserWarning: Argument 'interpolation' of type int is deprecated since 0.13 and will be removed in 0.15. Please use InterpolationMode enum.
  warnings.warn(
09/15/2026 21:03:35 - INFO - models.modeling - load_pretrained: resized variant: torch.Size([1, 197, 768]) to torch.Size([1, 785, 768])
09/15/2026 21:03:37 - INFO - __main__ - Training parameters Namespace(data_root='/home/savo_shen/data_crops/cub/dinov3', name='cub_dinov3', output_dir='output', pretrained='/home/savo_shen/Programs/FAL-ViT-main-wyh/imagenet21k_ViT-B_16.npz', img_size=448, train_batch_size=16, grad_accum=1, eval_batch_size=64, learning_rate=0.03, weight_decay=0.0, num_steps=10000, warmup_steps=500, eval_every=1000, max_grad_norm=1.0, num_workers=8, seed=42)
09/15/2026 21:03:37 - INFO - __main__ - effective batch = 16
09/15/2026 21:03:37 - INFO - __main__ - classes=200 train=5994 test=5794
load_pretrained: grid-size from 14 to 28
09/15/2026 21:04:09 - INFO - __main__ - Training (100 / 10000 Steps) (loss=5.1909) lr=6.00e-03 32s
09/15/2026 21:04:38 - INFO - __main__ - Training (200 / 10000 Steps) (loss=4.6858) lr=1.20e-02 61s
09/15/2026 21:05:07 - INFO - __main__ - Training (300 / 10000 Steps) (loss=3.4077) lr=1.80e-02 90s
09/15/2026 21:05:36 - INFO - __main__ - Training (400 / 10000 Steps) (loss=2.2164) lr=2.40e-02 120s
09/15/2026 21:06:05 - INFO - __main__ - Training (500 / 10000 Steps) (loss=1.3763) lr=3.00e-02 149s
09/15/2026 21:06:35 - INFO - __main__ - Training (600 / 10000 Steps) (loss=0.9722) lr=3.00e-02 178s
09/15/2026 21:07:04 - INFO - __main__ - Training (700 / 10000 Steps) (loss=0.7672) lr=3.00e-02 207s
09/15/2026 21:07:33 - INFO - __main__ - Training (800 / 10000 Steps) (loss=0.6505) lr=2.99e-02 237s
09/15/2026 21:08:02 - INFO - __main__ - Training (900 / 10000 Steps) (loss=0.5883) lr=2.99e-02 266s
09/15/2026 21:08:31 - INFO - __main__ - Training (1000 / 10000 Steps) (loss=0.6289) lr=2.98e-02 295s
09/15/2026 21:09:09 - INFO - __main__ - Validation Results step 1000: Accuracy 0.83725 (best 0.83725)
09/15/2026 21:09:39 - INFO - __main__ - Training (1100 / 10000 Steps) (loss=0.5358) lr=2.97e-02 362s
09/15/2026 21:10:08 - INFO - __main__ - Training (1200 / 10000 Steps) (loss=0.1868) lr=2.96e-02 391s
09/15/2026 21:10:37 - INFO - __main__ - Training (1300 / 10000 Steps) (loss=0.2100) lr=2.95e-02 421s
09/15/2026 21:11:06 - INFO - __main__ - Training (1400 / 10000 Steps) (loss=0.5070) lr=2.93e-02 450s
09/15/2026 21:11:36 - INFO - __main__ - Training (1500 / 10000 Steps) (loss=0.4293) lr=2.92e-02 479s
09/15/2026 21:12:05 - INFO - __main__ - Training (1600 / 10000 Steps) (loss=0.2164) lr=2.90e-02 508s
09/15/2026 21:12:34 - INFO - __main__ - Training (1700 / 10000 Steps) (loss=0.2324) lr=2.88e-02 537s
09/15/2026 21:13:03 - INFO - __main__ - Training (1800 / 10000 Steps) (loss=0.2679) lr=2.86e-02 566s
09/15/2026 21:13:32 - INFO - __main__ - Training (1900 / 10000 Steps) (loss=0.1389) lr=2.84e-02 595s
09/15/2026 21:14:01 - INFO - __main__ - Training (2000 / 10000 Steps) (loss=0.1969) lr=2.82e-02 624s
09/15/2026 21:14:37 - INFO - __main__ - Validation Results step 2000: Accuracy 0.87211 (best 0.87211)
09/15/2026 21:15:06 - INFO - __main__ - Training (2100 / 10000 Steps) (loss=0.1066) lr=2.79e-02 690s
09/15/2026 21:15:35 - INFO - __main__ - Training (2200 / 10000 Steps) (loss=0.5132) lr=2.77e-02 719s
09/15/2026 21:16:05 - INFO - __main__ - Training (2300 / 10000 Steps) (loss=0.0439) lr=2.74e-02 748s
09/15/2026 21:16:34 - INFO - __main__ - Training (2400 / 10000 Steps) (loss=0.0975) lr=2.71e-02 777s
09/15/2026 21:17:03 - INFO - __main__ - Training (2500 / 10000 Steps) (loss=0.3688) lr=2.68e-02 806s
09/15/2026 21:17:32 - INFO - __main__ - Training (2600 / 10000 Steps) (loss=0.0777) lr=2.65e-02 835s
09/15/2026 21:18:01 - INFO - __main__ - Training (2700 / 10000 Steps) (loss=0.1783) lr=2.62e-02 864s
09/15/2026 21:18:30 - INFO - __main__ - Training (2800 / 10000 Steps) (loss=0.1505) lr=2.59e-02 893s
09/15/2026 21:18:59 - INFO - __main__ - Training (2900 / 10000 Steps) (loss=0.3221) lr=2.55e-02 922s
09/15/2026 21:19:28 - INFO - __main__ - Training (3000 / 10000 Steps) (loss=0.0199) lr=2.52e-02 952s
09/15/2026 21:20:05 - INFO - __main__ - Validation Results step 3000: Accuracy 0.87953 (best 0.87953)
09/15/2026 21:20:35 - INFO - __main__ - Training (3100 / 10000 Steps) (loss=0.1241) lr=2.48e-02 1018s
09/15/2026 21:21:04 - INFO - __main__ - Training (3200 / 10000 Steps) (loss=0.0965) lr=2.44e-02 1047s
09/15/2026 21:21:33 - INFO - __main__ - Training (3300 / 10000 Steps) (loss=0.0385) lr=2.40e-02 1076s
09/15/2026 21:22:02 - INFO - __main__ - Training (3400 / 10000 Steps) (loss=0.1413) lr=2.36e-02 1106s
09/15/2026 21:22:31 - INFO - __main__ - Training (3500 / 10000 Steps) (loss=0.0048) lr=2.32e-02 1134s
09/15/2026 21:23:00 - INFO - __main__ - Training (3600 / 10000 Steps) (loss=0.0129) lr=2.28e-02 1163s
09/15/2026 21:23:29 - INFO - __main__ - Training (3700 / 10000 Steps) (loss=0.0965) lr=2.24e-02 1192s
09/15/2026 21:23:58 - INFO - __main__ - Training (3800 / 10000 Steps) (loss=0.0550) lr=2.19e-02 1222s
09/15/2026 21:24:27 - INFO - __main__ - Training (3900 / 10000 Steps) (loss=0.0485) lr=2.15e-02 1251s
09/15/2026 21:24:56 - INFO - __main__ - Training (4000 / 10000 Steps) (loss=0.0032) lr=2.10e-02 1280s
09/15/2026 21:25:33 - INFO - __main__ - Validation Results step 4000: Accuracy 0.88833 (best 0.88833)
09/15/2026 21:26:02 - INFO - __main__ - Training (4100 / 10000 Steps) (loss=0.0051) lr=2.06e-02 1345s
09/15/2026 21:26:31 - INFO - __main__ - Training (4200 / 10000 Steps) (loss=0.0320) lr=2.01e-02 1375s
09/15/2026 21:27:00 - INFO - __main__ - Training (4300 / 10000 Steps) (loss=0.0052) lr=1.96e-02 1404s
09/15/2026 21:27:29 - INFO - __main__ - Training (4400 / 10000 Steps) (loss=0.0034) lr=1.92e-02 1432s
09/15/2026 21:27:58 - INFO - __main__ - Training (4500 / 10000 Steps) (loss=0.0025) lr=1.87e-02 1462s
09/15/2026 21:28:27 - INFO - __main__ - Training (4600 / 10000 Steps) (loss=0.0067) lr=1.82e-02 1491s
09/15/2026 21:28:56 - INFO - __main__ - Training (4700 / 10000 Steps) (loss=0.0084) lr=1.77e-02 1520s
09/15/2026 21:29:25 - INFO - __main__ - Training (4800 / 10000 Steps) (loss=0.0323) lr=1.72e-02 1549s
09/15/2026 21:29:55 - INFO - __main__ - Training (4900 / 10000 Steps) (loss=0.0050) lr=1.67e-02 1578s
09/15/2026 21:30:24 - INFO - __main__ - Training (5000 / 10000 Steps) (loss=0.0049) lr=1.62e-02 1607s
09/15/2026 21:31:00 - INFO - __main__ - Validation Results step 5000: Accuracy 0.89644 (best 0.89644)
09/15/2026 21:31:29 - INFO - __main__ - Training (5100 / 10000 Steps) (loss=0.0039) lr=1.57e-02 1672s
09/15/2026 21:31:58 - INFO - __main__ - Training (5200 / 10000 Steps) (loss=0.0020) lr=1.52e-02 1701s
09/15/2026 21:32:27 - INFO - __main__ - Training (5300 / 10000 Steps) (loss=0.0021) lr=1.48e-02 1731s
09/15/2026 21:32:56 - INFO - __main__ - Training (5400 / 10000 Steps) (loss=0.0031) lr=1.43e-02 1760s
09/15/2026 21:33:25 - INFO - __main__ - Training (5500 / 10000 Steps) (loss=0.0023) lr=1.38e-02 1789s
09/15/2026 21:33:54 - INFO - __main__ - Training (5600 / 10000 Steps) (loss=0.0065) lr=1.33e-02 1818s
09/15/2026 21:34:24 - INFO - __main__ - Training (5700 / 10000 Steps) (loss=0.0029) lr=1.28e-02 1847s
09/15/2026 21:34:52 - INFO - __main__ - Training (5800 / 10000 Steps) (loss=0.0022) lr=1.23e-02 1876s
09/15/2026 21:35:21 - INFO - __main__ - Training (5900 / 10000 Steps) (loss=0.0012) lr=1.18e-02 1905s
09/15/2026 21:35:51 - INFO - __main__ - Training (6000 / 10000 Steps) (loss=0.0026) lr=1.13e-02 1934s
09/15/2026 21:36:27 - INFO - __main__ - Validation Results step 6000: Accuracy 0.89783 (best 0.89783)
09/15/2026 21:36:56 - INFO - __main__ - Training (6100 / 10000 Steps) (loss=0.0034) lr=1.08e-02 2000s
09/15/2026 21:37:25 - INFO - __main__ - Training (6200 / 10000 Steps) (loss=0.0009) lr=1.04e-02 2028s
09/15/2026 21:37:54 - INFO - __main__ - Training (6300 / 10000 Steps) (loss=0.0015) lr=9.90e-03 2057s
09/15/2026 21:38:23 - INFO - __main__ - Training (6400 / 10000 Steps) (loss=0.0054) lr=9.43e-03 2087s
09/15/2026 21:38:52 - INFO - __main__ - Training (6500 / 10000 Steps) (loss=0.0016) lr=8.97e-03 2116s
09/15/2026 21:39:21 - INFO - __main__ - Training (6600 / 10000 Steps) (loss=0.0020) lr=8.52e-03 2145s
09/15/2026 21:39:50 - INFO - __main__ - Training (6700 / 10000 Steps) (loss=0.0014) lr=8.08e-03 2174s
09/15/2026 21:40:20 - INFO - __main__ - Training (6800 / 10000 Steps) (loss=0.0012) lr=7.64e-03 2203s
09/15/2026 21:40:49 - INFO - __main__ - Training (6900 / 10000 Steps) (loss=0.0018) lr=7.22e-03 2232s
09/15/2026 21:41:18 - INFO - __main__ - Training (7000 / 10000 Steps) (loss=0.0009) lr=6.80e-03 2261s
09/15/2026 21:41:54 - INFO - __main__ - Validation Results step 7000: Accuracy 0.89990 (best 0.89990)
09/15/2026 21:42:23 - INFO - __main__ - Training (7100 / 10000 Steps) (loss=0.0017) lr=6.39e-03 2327s
09/15/2026 21:42:53 - INFO - __main__ - Training (7200 / 10000 Steps) (loss=0.0013) lr=5.98e-03 2356s
09/15/2026 21:43:22 - INFO - __main__ - Training (7300 / 10000 Steps) (loss=0.0027) lr=5.59e-03 2385s
09/15/2026 21:43:51 - INFO - __main__ - Training (7400 / 10000 Steps) (loss=0.0010) lr=5.21e-03 2414s
09/15/2026 21:44:20 - INFO - __main__ - Training (7500 / 10000 Steps) (loss=0.0008) lr=4.84e-03 2443s
09/15/2026 21:44:49 - INFO - __main__ - Training (7600 / 10000 Steps) (loss=0.0009) lr=4.48e-03 2472s
09/15/2026 21:45:18 - INFO - __main__ - Training (7700 / 10000 Steps) (loss=0.0011) lr=4.13e-03 2501s
09/15/2026 21:45:47 - INFO - __main__ - Training (7800 / 10000 Steps) (loss=0.0012) lr=3.80e-03 2530s
09/15/2026 21:46:16 - INFO - __main__ - Training (7900 / 10000 Steps) (loss=0.0008) lr=3.47e-03 2559s
09/15/2026 21:46:45 - INFO - __main__ - Training (8000 / 10000 Steps) (loss=0.0012) lr=3.16e-03 2588s
09/15/2026 21:47:21 - INFO - __main__ - Validation Results step 8000: Accuracy 0.90145 (best 0.90145)
09/15/2026 21:47:50 - INFO - __main__ - Training (8100 / 10000 Steps) (loss=0.0011) lr=2.86e-03 2654s
09/15/2026 21:48:19 - INFO - __main__ - Training (8200 / 10000 Steps) (loss=0.0011) lr=2.58e-03 2683s
09/15/2026 21:48:49 - INFO - __main__ - Training (8300 / 10000 Steps) (loss=0.0016) lr=2.31e-03 2712s
09/15/2026 21:49:17 - INFO - __main__ - Training (8400 / 10000 Steps) (loss=0.0015) lr=2.05e-03 2741s
09/15/2026 21:49:46 - INFO - __main__ - Training (8500 / 10000 Steps) (loss=0.0009) lr=1.81e-03 2770s
09/15/2026 21:50:15 - INFO - __main__ - Training (8600 / 10000 Steps) (loss=0.0012) lr=1.58e-03 2799s
09/15/2026 21:50:45 - INFO - __main__ - Training (8700 / 10000 Steps) (loss=0.0010) lr=1.36e-03 2828s
09/15/2026 21:51:13 - INFO - __main__ - Training (8800 / 10000 Steps) (loss=0.0012) lr=1.17e-03 2857s
09/15/2026 21:51:42 - INFO - __main__ - Training (8900 / 10000 Steps) (loss=0.0015) lr=9.82e-04 2886s
09/15/2026 21:52:12 - INFO - __main__ - Training (9000 / 10000 Steps) (loss=0.0020) lr=8.13e-04 2915s
09/15/2026 21:52:48 - INFO - __main__ - Validation Results step 9000: Accuracy 0.90197 (best 0.90197)
09/15/2026 21:53:17 - INFO - __main__ - Training (9100 / 10000 Steps) (loss=0.0006) lr=6.59e-04 2980s
09/15/2026 21:53:46 - INFO - __main__ - Training (9200 / 10000 Steps) (loss=0.0006) lr=5.22e-04 3009s
09/15/2026 21:54:14 - INFO - __main__ - Training (9300 / 10000 Steps) (loss=0.0015) lr=4.00e-04 3038s
09/15/2026 21:54:44 - INFO - __main__ - Training (9400 / 10000 Steps) (loss=0.0006) lr=2.94e-04 3067s
09/15/2026 21:55:13 - INFO - __main__ - Training (9500 / 10000 Steps) (loss=0.0013) lr=2.05e-04 3096s
09/15/2026 21:55:42 - INFO - __main__ - Training (9600 / 10000 Steps) (loss=0.0014) lr=1.31e-04 3125s
09/15/2026 21:56:10 - INFO - __main__ - Training (9700 / 10000 Steps) (loss=0.0019) lr=7.38e-05 3154s
09/15/2026 21:56:40 - INFO - __main__ - Training (9800 / 10000 Steps) (loss=0.0019) lr=3.28e-05 3183s
09/15/2026 21:57:09 - INFO - __main__ - Training (9900 / 10000 Steps) (loss=0.0009) lr=8.20e-06 3212s
09/15/2026 21:57:38 - INFO - __main__ - Training (10000 / 10000 Steps) (loss=0.0007) lr=0.00e+00 3241s
09/15/2026 21:58:14 - INFO - __main__ - Validation Results step 10000: Accuracy 0.90179 (best 0.90197)
09/15/2026 21:58:14 - INFO - __main__ - Best Accuracy: 	0.901968
09/15/2026 21:58:14 - INFO - __main__ - End Training!
