/opt/anaconda3/envs/fal-wyh/lib/python3.9/site-packages/torchvision/transforms/transforms.py:329: UserWarning: Argument 'interpolation' of type int is deprecated since 0.13 and will be removed in 0.15. Please use InterpolationMode enum.
  warnings.warn(
09/16/2026 01:47:01 - INFO - models.modeling - load_pretrained: resized variant: torch.Size([1, 197, 768]) to torch.Size([1, 785, 768])
09/16/2026 01:47:03 - INFO - __main__ - Training parameters Namespace(data_root='/home/savo_shen/data_crops/car/dinov3', name='car_dinov3', output_dir='output', pretrained='/home/savo_shen/Programs/FAL-ViT-main-wyh/imagenet21k_ViT-B_16.npz', img_size=448, train_batch_size=16, grad_accum=1, eval_batch_size=64, learning_rate=0.03, weight_decay=0.0, num_steps=10000, warmup_steps=500, eval_every=1000, max_grad_norm=1.0, num_workers=8, seed=42)
09/16/2026 01:47:03 - INFO - __main__ - effective batch = 16
09/16/2026 01:47:03 - INFO - __main__ - classes=196 train=8144 test=8041
load_pretrained: grid-size from 14 to 28
09/16/2026 01:47:35 - INFO - __main__ - Training (100 / 10000 Steps) (loss=5.2517) lr=6.00e-03 32s
09/16/2026 01:48:04 - INFO - __main__ - Training (200 / 10000 Steps) (loss=5.0999) lr=1.20e-02 61s
09/16/2026 01:48:33 - INFO - __main__ - Training (300 / 10000 Steps) (loss=4.6722) lr=1.80e-02 90s
09/16/2026 01:49:02 - INFO - __main__ - Training (400 / 10000 Steps) (loss=4.2620) lr=2.40e-02 119s
09/16/2026 01:49:31 - INFO - __main__ - Training (500 / 10000 Steps) (loss=3.9705) lr=3.00e-02 149s
09/16/2026 01:50:01 - INFO - __main__ - Training (600 / 10000 Steps) (loss=3.7595) lr=3.00e-02 178s
09/16/2026 01:50:30 - INFO - __main__ - Training (700 / 10000 Steps) (loss=3.5555) lr=3.00e-02 207s
09/16/2026 01:50:59 - INFO - __main__ - Training (800 / 10000 Steps) (loss=3.0450) lr=2.99e-02 236s
09/16/2026 01:51:28 - INFO - __main__ - Training (900 / 10000 Steps) (loss=2.5435) lr=2.99e-02 265s
09/16/2026 01:51:57 - INFO - __main__ - Training (1000 / 10000 Steps) (loss=2.4438) lr=2.98e-02 294s
09/16/2026 01:52:48 - INFO - __main__ - Validation Results step 1000: Accuracy 0.35033 (best 0.35033)
09/16/2026 01:53:17 - INFO - __main__ - Training (1100 / 10000 Steps) (loss=1.8581) lr=2.97e-02 374s
09/16/2026 01:53:46 - INFO - __main__ - Training (1200 / 10000 Steps) (loss=2.0863) lr=2.96e-02 403s
09/16/2026 01:54:15 - INFO - __main__ - Training (1300 / 10000 Steps) (loss=2.3282) lr=2.95e-02 432s
09/16/2026 01:54:44 - INFO - __main__ - Training (1400 / 10000 Steps) (loss=1.5724) lr=2.93e-02 462s
09/16/2026 01:55:13 - INFO - __main__ - Training (1500 / 10000 Steps) (loss=1.3837) lr=2.92e-02 491s
09/16/2026 01:55:42 - INFO - __main__ - Training (1600 / 10000 Steps) (loss=1.2358) lr=2.90e-02 520s
09/16/2026 01:56:12 - INFO - __main__ - Training (1700 / 10000 Steps) (loss=1.1922) lr=2.88e-02 549s
09/16/2026 01:56:41 - INFO - __main__ - Training (1800 / 10000 Steps) (loss=1.1916) lr=2.86e-02 578s
09/16/2026 01:57:10 - INFO - __main__ - Training (1900 / 10000 Steps) (loss=1.1889) lr=2.84e-02 607s
09/16/2026 01:57:39 - INFO - __main__ - Training (2000 / 10000 Steps) (loss=1.1973) lr=2.82e-02 636s
09/16/2026 01:58:29 - INFO - __main__ - Validation Results step 2000: Accuracy 0.67131 (best 0.67131)
09/16/2026 01:58:58 - INFO - __main__ - Training (2100 / 10000 Steps) (loss=0.9901) lr=2.79e-02 715s
09/16/2026 01:59:27 - INFO - __main__ - Training (2200 / 10000 Steps) (loss=0.6720) lr=2.77e-02 744s
09/16/2026 01:59:56 - INFO - __main__ - Training (2300 / 10000 Steps) (loss=0.4942) lr=2.74e-02 773s
09/16/2026 02:00:25 - INFO - __main__ - Training (2400 / 10000 Steps) (loss=0.6771) lr=2.71e-02 803s
09/16/2026 02:00:54 - INFO - __main__ - Training (2500 / 10000 Steps) (loss=0.5636) lr=2.68e-02 832s
09/16/2026 02:01:24 - INFO - __main__ - Training (2600 / 10000 Steps) (loss=0.6116) lr=2.65e-02 861s
09/16/2026 02:01:53 - INFO - __main__ - Training (2700 / 10000 Steps) (loss=0.6112) lr=2.62e-02 890s
09/16/2026 02:02:22 - INFO - __main__ - Training (2800 / 10000 Steps) (loss=0.7418) lr=2.59e-02 919s
09/16/2026 02:02:51 - INFO - __main__ - Training (2900 / 10000 Steps) (loss=0.9672) lr=2.55e-02 948s
09/16/2026 02:03:20 - INFO - __main__ - Training (3000 / 10000 Steps) (loss=0.7751) lr=2.52e-02 977s
09/16/2026 02:04:09 - INFO - __main__ - Validation Results step 3000: Accuracy 0.79828 (best 0.79828)
09/16/2026 02:04:39 - INFO - __main__ - Training (3100 / 10000 Steps) (loss=0.4215) lr=2.48e-02 1056s
09/16/2026 02:05:08 - INFO - __main__ - Training (3200 / 10000 Steps) (loss=0.4801) lr=2.44e-02 1085s
09/16/2026 02:05:37 - INFO - __main__ - Training (3300 / 10000 Steps) (loss=0.4272) lr=2.40e-02 1114s
09/16/2026 02:06:06 - INFO - __main__ - Training (3400 / 10000 Steps) (loss=0.4701) lr=2.36e-02 1143s
09/16/2026 02:06:35 - INFO - __main__ - Training (3500 / 10000 Steps) (loss=0.6352) lr=2.32e-02 1172s
09/16/2026 02:07:04 - INFO - __main__ - Training (3600 / 10000 Steps) (loss=0.2066) lr=2.28e-02 1202s
09/16/2026 02:07:33 - INFO - __main__ - Training (3700 / 10000 Steps) (loss=0.2083) lr=2.24e-02 1231s
09/16/2026 02:08:02 - INFO - __main__ - Training (3800 / 10000 Steps) (loss=0.2686) lr=2.19e-02 1260s
09/16/2026 02:08:31 - INFO - __main__ - Training (3900 / 10000 Steps) (loss=0.1819) lr=2.15e-02 1289s
09/16/2026 02:09:00 - INFO - __main__ - Training (4000 / 10000 Steps) (loss=0.3649) lr=2.10e-02 1318s
09/16/2026 02:09:50 - INFO - __main__ - Validation Results step 4000: Accuracy 0.83995 (best 0.83995)
09/16/2026 02:10:19 - INFO - __main__ - Training (4100 / 10000 Steps) (loss=0.3978) lr=2.06e-02 1397s
09/16/2026 02:10:49 - INFO - __main__ - Training (4200 / 10000 Steps) (loss=0.1397) lr=2.01e-02 1426s
09/16/2026 02:11:18 - INFO - __main__ - Training (4300 / 10000 Steps) (loss=0.1095) lr=1.96e-02 1455s
09/16/2026 02:11:47 - INFO - __main__ - Training (4400 / 10000 Steps) (loss=0.5584) lr=1.92e-02 1484s
09/16/2026 02:12:16 - INFO - __main__ - Training (4500 / 10000 Steps) (loss=0.1449) lr=1.87e-02 1513s
09/16/2026 02:12:45 - INFO - __main__ - Training (4600 / 10000 Steps) (loss=0.1080) lr=1.82e-02 1542s
09/16/2026 02:13:14 - INFO - __main__ - Training (4700 / 10000 Steps) (loss=0.0648) lr=1.77e-02 1571s
09/16/2026 02:13:43 - INFO - __main__ - Training (4800 / 10000 Steps) (loss=0.2740) lr=1.72e-02 1600s
09/16/2026 02:14:12 - INFO - __main__ - Training (4900 / 10000 Steps) (loss=0.3311) lr=1.67e-02 1629s
09/16/2026 02:14:41 - INFO - __main__ - Training (5000 / 10000 Steps) (loss=0.2085) lr=1.62e-02 1658s
09/16/2026 02:15:31 - INFO - __main__ - Validation Results step 5000: Accuracy 0.85810 (best 0.85810)
09/16/2026 02:16:01 - INFO - __main__ - Training (5100 / 10000 Steps) (loss=0.3968) lr=1.57e-02 1738s
09/16/2026 02:16:30 - INFO - __main__ - Training (5200 / 10000 Steps) (loss=0.1711) lr=1.52e-02 1767s
09/16/2026 02:16:59 - INFO - __main__ - Training (5300 / 10000 Steps) (loss=0.1457) lr=1.48e-02 1796s
09/16/2026 02:17:28 - INFO - __main__ - Training (5400 / 10000 Steps) (loss=0.1332) lr=1.43e-02 1826s
09/16/2026 02:17:57 - INFO - __main__ - Training (5500 / 10000 Steps) (loss=0.2766) lr=1.38e-02 1855s
09/16/2026 02:18:27 - INFO - __main__ - Training (5600 / 10000 Steps) (loss=0.0197) lr=1.33e-02 1884s
09/16/2026 02:18:56 - INFO - __main__ - Training (5700 / 10000 Steps) (loss=0.0475) lr=1.28e-02 1913s
09/16/2026 02:19:25 - INFO - __main__ - Training (5800 / 10000 Steps) (loss=0.1761) lr=1.23e-02 1942s
09/16/2026 02:19:54 - INFO - __main__ - Training (5900 / 10000 Steps) (loss=0.0449) lr=1.18e-02 1971s
09/16/2026 02:20:23 - INFO - __main__ - Training (6000 / 10000 Steps) (loss=0.0907) lr=1.13e-02 2000s
09/16/2026 02:21:12 - INFO - __main__ - Validation Results step 6000: Accuracy 0.86134 (best 0.86134)
09/16/2026 02:21:42 - INFO - __main__ - Training (6100 / 10000 Steps) (loss=0.0471) lr=1.08e-02 2079s
09/16/2026 02:22:11 - INFO - __main__ - Training (6200 / 10000 Steps) (loss=0.0231) lr=1.04e-02 2108s
09/16/2026 02:22:40 - INFO - __main__ - Training (6300 / 10000 Steps) (loss=0.0647) lr=9.90e-03 2137s
09/16/2026 02:23:09 - INFO - __main__ - Training (6400 / 10000 Steps) (loss=0.0677) lr=9.43e-03 2166s
09/16/2026 02:23:38 - INFO - __main__ - Training (6500 / 10000 Steps) (loss=0.0373) lr=8.97e-03 2195s
09/16/2026 02:24:07 - INFO - __main__ - Training (6600 / 10000 Steps) (loss=0.0108) lr=8.52e-03 2224s
09/16/2026 02:24:36 - INFO - __main__ - Training (6700 / 10000 Steps) (loss=0.1702) lr=8.08e-03 2253s
09/16/2026 02:25:05 - INFO - __main__ - Training (6800 / 10000 Steps) (loss=0.0228) lr=7.64e-03 2282s
09/16/2026 02:25:34 - INFO - __main__ - Training (6900 / 10000 Steps) (loss=0.1055) lr=7.22e-03 2311s
09/16/2026 02:26:03 - INFO - __main__ - Training (7000 / 10000 Steps) (loss=0.0392) lr=6.80e-03 2340s
09/16/2026 02:26:53 - INFO - __main__ - Validation Results step 7000: Accuracy 0.87738 (best 0.87738)
09/16/2026 02:27:22 - INFO - __main__ - Training (7100 / 10000 Steps) (loss=0.0137) lr=6.39e-03 2419s
09/16/2026 02:27:51 - INFO - __main__ - Training (7200 / 10000 Steps) (loss=0.0037) lr=5.98e-03 2448s
09/16/2026 02:28:20 - INFO - __main__ - Training (7300 / 10000 Steps) (loss=0.0148) lr=5.59e-03 2477s
09/16/2026 02:28:49 - INFO - __main__ - Training (7400 / 10000 Steps) (loss=0.0195) lr=5.21e-03 2506s
09/16/2026 02:29:18 - INFO - __main__ - Training (7500 / 10000 Steps) (loss=0.0436) lr=4.84e-03 2535s
09/16/2026 02:29:47 - INFO - __main__ - Training (7600 / 10000 Steps) (loss=0.0072) lr=4.48e-03 2564s
09/16/2026 02:30:16 - INFO - __main__ - Training (7700 / 10000 Steps) (loss=0.0125) lr=4.13e-03 2593s
09/16/2026 02:30:45 - INFO - __main__ - Training (7800 / 10000 Steps) (loss=0.0223) lr=3.80e-03 2622s
09/16/2026 02:31:14 - INFO - __main__ - Training (7900 / 10000 Steps) (loss=0.0037) lr=3.47e-03 2651s
09/16/2026 02:31:43 - INFO - __main__ - Training (8000 / 10000 Steps) (loss=0.0109) lr=3.16e-03 2680s
09/16/2026 02:32:33 - INFO - __main__ - Validation Results step 8000: Accuracy 0.88310 (best 0.88310)
09/16/2026 02:33:02 - INFO - __main__ - Training (8100 / 10000 Steps) (loss=0.0073) lr=2.86e-03 2760s
09/16/2026 02:33:31 - INFO - __main__ - Training (8200 / 10000 Steps) (loss=0.0148) lr=2.58e-03 2789s
09/16/2026 02:34:01 - INFO - __main__ - Training (8300 / 10000 Steps) (loss=0.0080) lr=2.31e-03 2818s
09/16/2026 02:34:30 - INFO - __main__ - Training (8400 / 10000 Steps) (loss=0.1339) lr=2.05e-03 2847s
09/16/2026 02:34:59 - INFO - __main__ - Training (8500 / 10000 Steps) (loss=0.0068) lr=1.81e-03 2876s
09/16/2026 02:35:28 - INFO - __main__ - Training (8600 / 10000 Steps) (loss=0.0204) lr=1.58e-03 2905s
09/16/2026 02:35:57 - INFO - __main__ - Training (8700 / 10000 Steps) (loss=0.0091) lr=1.36e-03 2934s
09/16/2026 02:36:26 - INFO - __main__ - Training (8800 / 10000 Steps) (loss=0.0125) lr=1.17e-03 2963s
09/16/2026 02:36:55 - INFO - __main__ - Training (8900 / 10000 Steps) (loss=0.0200) lr=9.82e-04 2992s
09/16/2026 02:37:24 - INFO - __main__ - Training (9000 / 10000 Steps) (loss=0.0067) lr=8.13e-04 3021s
09/16/2026 02:38:14 - INFO - __main__ - Validation Results step 9000: Accuracy 0.88335 (best 0.88335)
09/16/2026 02:38:43 - INFO - __main__ - Training (9100 / 10000 Steps) (loss=0.0315) lr=6.59e-04 3100s
09/16/2026 02:39:12 - INFO - __main__ - Training (9200 / 10000 Steps) (loss=0.0239) lr=5.22e-04 3130s
09/16/2026 02:39:41 - INFO - __main__ - Training (9300 / 10000 Steps) (loss=0.0093) lr=4.00e-04 3159s
09/16/2026 02:40:10 - INFO - __main__ - Training (9400 / 10000 Steps) (loss=0.0066) lr=2.94e-04 3188s
09/16/2026 02:40:39 - INFO - __main__ - Training (9500 / 10000 Steps) (loss=0.0148) lr=2.05e-04 3217s
09/16/2026 02:41:08 - INFO - __main__ - Training (9600 / 10000 Steps) (loss=0.0108) lr=1.31e-04 3246s
09/16/2026 02:41:38 - INFO - __main__ - Training (9700 / 10000 Steps) (loss=0.0089) lr=7.38e-05 3275s
09/16/2026 02:42:07 - INFO - __main__ - Training (9800 / 10000 Steps) (loss=0.0070) lr=3.28e-05 3304s
09/16/2026 02:42:36 - INFO - __main__ - Training (9900 / 10000 Steps) (loss=0.0561) lr=8.20e-06 3333s
09/16/2026 02:43:05 - INFO - __main__ - Training (10000 / 10000 Steps) (loss=0.0045) lr=0.00e+00 3362s
09/16/2026 02:43:55 - INFO - __main__ - Validation Results step 10000: Accuracy 0.88472 (best 0.88472)
09/16/2026 02:43:55 - INFO - __main__ - Best Accuracy: 	0.884716
09/16/2026 02:43:55 - INFO - __main__ - End Training!
