/opt/anaconda3/envs/fal-wyh/lib/python3.9/site-packages/torchvision/transforms/transforms.py:329: UserWarning: Argument 'interpolation' of type int is deprecated since 0.13 and will be removed in 0.15. Please use InterpolationMode enum.
  warnings.warn(
09/16/2026 12:03:26 - INFO - models.modeling - load_pretrained: resized variant: torch.Size([1, 197, 768]) to torch.Size([1, 785, 768])
09/16/2026 12:03:28 - INFO - __main__ - Training parameters Namespace(data_root='/home/savo_shen/data_crops/ip102/dinov3_sq', name='ip102_dinov3_sq', output_dir='output', pretrained='/home/savo_shen/Programs/FAL-ViT-main-wyh/imagenet21k_ViT-B_16.npz', img_size=448, train_batch_size=16, grad_accum=1, eval_batch_size=64, learning_rate=0.03, weight_decay=0.0, num_steps=10000, warmup_steps=500, eval_every=1000, max_grad_norm=1.0, num_workers=8, seed=42)
09/16/2026 12:03:28 - INFO - __main__ - effective batch = 16
09/16/2026 12:03:28 - INFO - __main__ - classes=102 train=45095 test=22619
load_pretrained: grid-size from 14 to 28
09/16/2026 12:04:00 - INFO - __main__ - Training (100 / 10000 Steps) (loss=4.0903) lr=6.00e-03 32s
09/16/2026 12:04:29 - INFO - __main__ - Training (200 / 10000 Steps) (loss=3.3201) lr=1.20e-02 61s
09/16/2026 12:04:58 - INFO - __main__ - Training (300 / 10000 Steps) (loss=3.2063) lr=1.80e-02 90s
09/16/2026 12:05:27 - INFO - __main__ - Training (400 / 10000 Steps) (loss=2.6265) lr=2.40e-02 119s
09/16/2026 12:05:56 - INFO - __main__ - Training (500 / 10000 Steps) (loss=2.9548) lr=3.00e-02 148s
09/16/2026 12:06:25 - INFO - __main__ - Training (600 / 10000 Steps) (loss=2.3952) lr=3.00e-02 177s
09/16/2026 12:06:54 - INFO - __main__ - Training (700 / 10000 Steps) (loss=1.4400) lr=3.00e-02 206s
09/16/2026 12:07:23 - INFO - __main__ - Training (800 / 10000 Steps) (loss=1.7034) lr=2.99e-02 235s
09/16/2026 12:07:52 - INFO - __main__ - Training (900 / 10000 Steps) (loss=1.4606) lr=2.99e-02 264s
09/16/2026 12:08:21 - INFO - __main__ - Training (1000 / 10000 Steps) (loss=1.5469) lr=2.98e-02 293s
09/16/2026 12:10:40 - INFO - __main__ - Validation Results step 1000: Accuracy 0.55798 (best 0.55798)
09/16/2026 12:11:09 - INFO - __main__ - Training (1100 / 10000 Steps) (loss=1.2330) lr=2.97e-02 461s
09/16/2026 12:11:38 - INFO - __main__ - Training (1200 / 10000 Steps) (loss=2.2179) lr=2.96e-02 490s
09/16/2026 12:12:07 - INFO - __main__ - Training (1300 / 10000 Steps) (loss=1.2537) lr=2.95e-02 519s
09/16/2026 12:12:36 - INFO - __main__ - Training (1400 / 10000 Steps) (loss=1.3197) lr=2.93e-02 548s
09/16/2026 12:13:05 - INFO - __main__ - Training (1500 / 10000 Steps) (loss=1.0836) lr=2.92e-02 577s
09/16/2026 12:13:34 - INFO - __main__ - Training (1600 / 10000 Steps) (loss=2.4361) lr=2.90e-02 606s
09/16/2026 12:14:04 - INFO - __main__ - Training (1700 / 10000 Steps) (loss=1.1139) lr=2.88e-02 635s
09/16/2026 12:14:33 - INFO - __main__ - Training (1800 / 10000 Steps) (loss=0.9766) lr=2.86e-02 664s
09/16/2026 12:15:02 - INFO - __main__ - Training (1900 / 10000 Steps) (loss=1.8512) lr=2.84e-02 693s
09/16/2026 12:15:31 - INFO - __main__ - Training (2000 / 10000 Steps) (loss=1.0580) lr=2.82e-02 722s
09/16/2026 12:17:46 - INFO - __main__ - Validation Results step 2000: Accuracy 0.62952 (best 0.62952)
09/16/2026 12:18:15 - INFO - __main__ - Training (2100 / 10000 Steps) (loss=1.7725) lr=2.79e-02 887s
09/16/2026 12:18:44 - INFO - __main__ - Training (2200 / 10000 Steps) (loss=0.9651) lr=2.77e-02 916s
09/16/2026 12:19:13 - INFO - __main__ - Training (2300 / 10000 Steps) (loss=1.2008) lr=2.74e-02 945s
09/16/2026 12:19:42 - INFO - __main__ - Training (2400 / 10000 Steps) (loss=1.7429) lr=2.71e-02 974s
09/16/2026 12:20:11 - INFO - __main__ - Training (2500 / 10000 Steps) (loss=1.3317) lr=2.68e-02 1003s
09/16/2026 12:20:40 - INFO - __main__ - Training (2600 / 10000 Steps) (loss=1.5166) lr=2.65e-02 1032s
09/16/2026 12:21:09 - INFO - __main__ - Training (2700 / 10000 Steps) (loss=1.9671) lr=2.62e-02 1061s
09/16/2026 12:21:38 - INFO - __main__ - Training (2800 / 10000 Steps) (loss=1.1224) lr=2.59e-02 1090s
09/16/2026 12:22:08 - INFO - __main__ - Training (2900 / 10000 Steps) (loss=1.3996) lr=2.55e-02 1120s
09/16/2026 12:22:37 - INFO - __main__ - Training (3000 / 10000 Steps) (loss=1.0107) lr=2.52e-02 1149s
09/16/2026 12:24:53 - INFO - __main__ - Validation Results step 3000: Accuracy 0.66426 (best 0.66426)
09/16/2026 12:25:22 - INFO - __main__ - Training (3100 / 10000 Steps) (loss=0.6081) lr=2.48e-02 1314s
09/16/2026 12:25:51 - INFO - __main__ - Training (3200 / 10000 Steps) (loss=0.6699) lr=2.44e-02 1343s
09/16/2026 12:26:20 - INFO - __main__ - Training (3300 / 10000 Steps) (loss=0.3957) lr=2.40e-02 1372s
09/16/2026 12:26:49 - INFO - __main__ - Training (3400 / 10000 Steps) (loss=0.8207) lr=2.36e-02 1401s
09/16/2026 12:27:18 - INFO - __main__ - Training (3500 / 10000 Steps) (loss=0.9996) lr=2.32e-02 1430s
09/16/2026 12:27:47 - INFO - __main__ - Training (3600 / 10000 Steps) (loss=1.3142) lr=2.28e-02 1459s
09/16/2026 12:28:16 - INFO - __main__ - Training (3700 / 10000 Steps) (loss=1.2665) lr=2.24e-02 1488s
09/16/2026 12:28:45 - INFO - __main__ - Training (3800 / 10000 Steps) (loss=0.7151) lr=2.19e-02 1517s
09/16/2026 12:29:14 - INFO - __main__ - Training (3900 / 10000 Steps) (loss=0.8742) lr=2.15e-02 1546s
09/16/2026 12:29:43 - INFO - __main__ - Training (4000 / 10000 Steps) (loss=0.9423) lr=2.10e-02 1575s
09/16/2026 12:31:59 - INFO - __main__ - Validation Results step 4000: Accuracy 0.68080 (best 0.68080)
09/16/2026 12:32:28 - INFO - __main__ - Training (4100 / 10000 Steps) (loss=1.0300) lr=2.06e-02 1740s
09/16/2026 12:32:57 - INFO - __main__ - Training (4200 / 10000 Steps) (loss=0.6242) lr=2.01e-02 1769s
09/16/2026 12:33:26 - INFO - __main__ - Training (4300 / 10000 Steps) (loss=0.8656) lr=1.96e-02 1798s
09/16/2026 12:33:56 - INFO - __main__ - Training (4400 / 10000 Steps) (loss=1.2871) lr=1.92e-02 1827s
09/16/2026 12:34:25 - INFO - __main__ - Training (4500 / 10000 Steps) (loss=1.5202) lr=1.87e-02 1856s
09/16/2026 12:34:54 - INFO - __main__ - Training (4600 / 10000 Steps) (loss=1.5156) lr=1.82e-02 1885s
09/16/2026 12:35:23 - INFO - __main__ - Training (4700 / 10000 Steps) (loss=1.5158) lr=1.77e-02 1914s
09/16/2026 12:35:52 - INFO - __main__ - Training (4800 / 10000 Steps) (loss=0.5851) lr=1.72e-02 1943s
09/16/2026 12:36:21 - INFO - __main__ - Training (4900 / 10000 Steps) (loss=1.2627) lr=1.67e-02 1972s
09/16/2026 12:36:50 - INFO - __main__ - Training (5000 / 10000 Steps) (loss=1.5658) lr=1.62e-02 2001s
09/16/2026 12:39:06 - INFO - __main__ - Validation Results step 5000: Accuracy 0.70176 (best 0.70176)
09/16/2026 12:39:35 - INFO - __main__ - Training (5100 / 10000 Steps) (loss=0.9030) lr=1.57e-02 2166s
09/16/2026 12:40:04 - INFO - __main__ - Training (5200 / 10000 Steps) (loss=1.6304) lr=1.52e-02 2195s
09/16/2026 12:40:33 - INFO - __main__ - Training (5300 / 10000 Steps) (loss=1.3289) lr=1.48e-02 2224s
09/16/2026 12:41:02 - INFO - __main__ - Training (5400 / 10000 Steps) (loss=1.1308) lr=1.43e-02 2253s
09/16/2026 12:41:31 - INFO - __main__ - Training (5500 / 10000 Steps) (loss=0.7577) lr=1.38e-02 2282s
09/16/2026 12:42:00 - INFO - __main__ - Training (5600 / 10000 Steps) (loss=1.2191) lr=1.33e-02 2311s
09/16/2026 12:42:30 - INFO - __main__ - Training (5700 / 10000 Steps) (loss=0.9153) lr=1.28e-02 2341s
09/16/2026 12:42:59 - INFO - __main__ - Training (5800 / 10000 Steps) (loss=0.2472) lr=1.23e-02 2370s
09/16/2026 12:43:28 - INFO - __main__ - Training (5900 / 10000 Steps) (loss=0.6600) lr=1.18e-02 2399s
09/16/2026 12:43:57 - INFO - __main__ - Training (6000 / 10000 Steps) (loss=0.7994) lr=1.13e-02 2428s
09/16/2026 12:46:13 - INFO - __main__ - Validation Results step 6000: Accuracy 0.71122 (best 0.71122)
09/16/2026 12:46:42 - INFO - __main__ - Training (6100 / 10000 Steps) (loss=0.7707) lr=1.08e-02 2594s
09/16/2026 12:47:11 - INFO - __main__ - Training (6200 / 10000 Steps) (loss=1.0715) lr=1.04e-02 2623s
09/16/2026 12:47:40 - INFO - __main__ - Training (6300 / 10000 Steps) (loss=0.9249) lr=9.90e-03 2652s
09/16/2026 12:48:09 - INFO - __main__ - Training (6400 / 10000 Steps) (loss=0.3439) lr=9.43e-03 2681s
09/16/2026 12:48:38 - INFO - __main__ - Training (6500 / 10000 Steps) (loss=0.3735) lr=8.97e-03 2710s
09/16/2026 12:49:07 - INFO - __main__ - Training (6600 / 10000 Steps) (loss=0.5185) lr=8.52e-03 2739s
09/16/2026 12:49:36 - INFO - __main__ - Training (6700 / 10000 Steps) (loss=0.9459) lr=8.08e-03 2768s
09/16/2026 12:50:05 - INFO - __main__ - Training (6800 / 10000 Steps) (loss=1.3474) lr=7.64e-03 2797s
09/16/2026 12:50:34 - INFO - __main__ - Training (6900 / 10000 Steps) (loss=0.7086) lr=7.22e-03 2826s
09/16/2026 12:51:03 - INFO - __main__ - Training (7000 / 10000 Steps) (loss=0.6522) lr=6.80e-03 2855s
09/16/2026 12:53:19 - INFO - __main__ - Validation Results step 7000: Accuracy 0.72187 (best 0.72187)
09/16/2026 12:53:48 - INFO - __main__ - Training (7100 / 10000 Steps) (loss=0.7646) lr=6.39e-03 3020s
09/16/2026 12:54:17 - INFO - __main__ - Training (7200 / 10000 Steps) (loss=0.9226) lr=5.98e-03 3049s
09/16/2026 12:54:46 - INFO - __main__ - Training (7300 / 10000 Steps) (loss=0.8561) lr=5.59e-03 3078s
09/16/2026 12:55:15 - INFO - __main__ - Training (7400 / 10000 Steps) (loss=1.0425) lr=5.21e-03 3107s
09/16/2026 12:55:44 - INFO - __main__ - Training (7500 / 10000 Steps) (loss=1.1382) lr=4.84e-03 3136s
09/16/2026 12:56:13 - INFO - __main__ - Training (7600 / 10000 Steps) (loss=0.7498) lr=4.48e-03 3165s
09/16/2026 12:56:42 - INFO - __main__ - Training (7700 / 10000 Steps) (loss=0.6717) lr=4.13e-03 3194s
09/16/2026 12:57:11 - INFO - __main__ - Training (7800 / 10000 Steps) (loss=0.5410) lr=3.80e-03 3223s
09/16/2026 12:57:40 - INFO - __main__ - Training (7900 / 10000 Steps) (loss=0.6342) lr=3.47e-03 3252s
09/16/2026 12:58:09 - INFO - __main__ - Training (8000 / 10000 Steps) (loss=0.5256) lr=3.16e-03 3281s
09/16/2026 13:00:25 - INFO - __main__ - Validation Results step 8000: Accuracy 0.73089 (best 0.73089)
09/16/2026 13:00:54 - INFO - __main__ - Training (8100 / 10000 Steps) (loss=0.8369) lr=2.86e-03 3446s
09/16/2026 13:01:24 - INFO - __main__ - Training (8200 / 10000 Steps) (loss=1.0302) lr=2.58e-03 3475s
09/16/2026 13:01:53 - INFO - __main__ - Training (8300 / 10000 Steps) (loss=0.6914) lr=2.31e-03 3504s
09/16/2026 13:02:22 - INFO - __main__ - Training (8400 / 10000 Steps) (loss=1.0271) lr=2.05e-03 3533s
09/16/2026 13:02:51 - INFO - __main__ - Training (8500 / 10000 Steps) (loss=1.0040) lr=1.81e-03 3563s
09/16/2026 13:03:20 - INFO - __main__ - Training (8600 / 10000 Steps) (loss=0.9125) lr=1.58e-03 3592s
09/16/2026 13:03:49 - INFO - __main__ - Training (8700 / 10000 Steps) (loss=1.2638) lr=1.36e-03 3621s
09/16/2026 13:04:18 - INFO - __main__ - Training (8800 / 10000 Steps) (loss=0.7266) lr=1.17e-03 3650s
09/16/2026 13:04:47 - INFO - __main__ - Training (8900 / 10000 Steps) (loss=0.8000) lr=9.82e-04 3679s
09/16/2026 13:05:16 - INFO - __main__ - Training (9000 / 10000 Steps) (loss=0.4825) lr=8.13e-04 3708s
09/16/2026 13:07:32 - INFO - __main__ - Validation Results step 9000: Accuracy 0.73310 (best 0.73310)
09/16/2026 13:08:01 - INFO - __main__ - Training (9100 / 10000 Steps) (loss=0.6151) lr=6.59e-04 3873s
09/16/2026 13:08:30 - INFO - __main__ - Training (9200 / 10000 Steps) (loss=0.6171) lr=5.22e-04 3902s
09/16/2026 13:08:59 - INFO - __main__ - Training (9300 / 10000 Steps) (loss=0.3733) lr=4.00e-04 3931s
09/16/2026 13:09:28 - INFO - __main__ - Training (9400 / 10000 Steps) (loss=1.2361) lr=2.94e-04 3960s
09/16/2026 13:09:57 - INFO - __main__ - Training (9500 / 10000 Steps) (loss=0.5937) lr=2.05e-04 3989s
09/16/2026 13:10:26 - INFO - __main__ - Training (9600 / 10000 Steps) (loss=0.5750) lr=1.31e-04 4018s
09/16/2026 13:10:55 - INFO - __main__ - Training (9700 / 10000 Steps) (loss=0.3892) lr=7.38e-05 4047s
09/16/2026 13:11:24 - INFO - __main__ - Training (9800 / 10000 Steps) (loss=0.4559) lr=3.28e-05 4076s
09/16/2026 13:11:53 - INFO - __main__ - Training (9900 / 10000 Steps) (loss=0.7653) lr=8.20e-06 4105s
09/16/2026 13:12:22 - INFO - __main__ - Training (10000 / 10000 Steps) (loss=0.5469) lr=0.00e+00 4134s
09/16/2026 13:14:38 - INFO - __main__ - Validation Results step 10000: Accuracy 0.73412 (best 0.73412)
09/16/2026 13:14:38 - INFO - __main__ - Best Accuracy: 	0.734117
09/16/2026 13:14:38 - INFO - __main__ - End Training!
