/opt/anaconda3/envs/fal-wyh/lib/python3.9/site-packages/torchvision/transforms/transforms.py:329: UserWarning: Argument 'interpolation' of type int is deprecated since 0.13 and will be removed in 0.15. Please use InterpolationMode enum.
  warnings.warn(
09/16/2026 18:35:52 - INFO - models.modeling - load_pretrained: resized variant: torch.Size([1, 197, 768]) to torch.Size([1, 785, 768])
09/16/2026 18:35:54 - INFO - __main__ - Training parameters Namespace(data_root='/home/savo_shen/data_crops/car/raw', name='car_raw_s1', output_dir='output', pretrained='/home/savo_shen/Programs/FAL-ViT-main-wyh/imagenet21k_ViT-B_16.npz', img_size=448, train_batch_size=16, grad_accum=1, eval_batch_size=64, learning_rate=0.03, weight_decay=0.0, num_steps=10000, warmup_steps=500, eval_every=1000, max_grad_norm=1.0, num_workers=8, seed=1)
09/16/2026 18:35:54 - INFO - __main__ - effective batch = 16
09/16/2026 18:35:54 - INFO - __main__ - classes=196 train=8144 test=8041
load_pretrained: grid-size from 14 to 28
09/16/2026 18:36:26 - INFO - __main__ - Training (100 / 10000 Steps) (loss=5.2471) lr=6.00e-03 32s
09/16/2026 18:36:54 - INFO - __main__ - Training (200 / 10000 Steps) (loss=5.0750) lr=1.20e-02 61s
09/16/2026 18:37:23 - INFO - __main__ - Training (300 / 10000 Steps) (loss=4.6259) lr=1.80e-02 90s
09/16/2026 18:37:52 - INFO - __main__ - Training (400 / 10000 Steps) (loss=4.3595) lr=2.40e-02 119s
09/16/2026 18:38:21 - INFO - __main__ - Training (500 / 10000 Steps) (loss=4.0796) lr=3.00e-02 147s
09/16/2026 18:38:51 - INFO - __main__ - Training (600 / 10000 Steps) (loss=3.2395) lr=3.00e-02 177s
09/16/2026 18:39:19 - INFO - __main__ - Training (700 / 10000 Steps) (loss=2.9058) lr=3.00e-02 206s
09/16/2026 18:39:48 - INFO - __main__ - Training (800 / 10000 Steps) (loss=3.2115) lr=2.99e-02 235s
09/16/2026 18:40:17 - INFO - __main__ - Training (900 / 10000 Steps) (loss=2.8770) lr=2.99e-02 264s
09/16/2026 18:40:46 - INFO - __main__ - Training (1000 / 10000 Steps) (loss=2.7106) lr=2.98e-02 293s
09/16/2026 18:41:38 - INFO - __main__ - Validation Results step 1000: Accuracy 0.34958 (best 0.34958)
09/16/2026 18:42:08 - INFO - __main__ - Training (1100 / 10000 Steps) (loss=2.4430) lr=2.97e-02 374s
09/16/2026 18:42:38 - INFO - __main__ - Training (1200 / 10000 Steps) (loss=1.9344) lr=2.96e-02 404s
09/16/2026 18:43:07 - INFO - __main__ - Training (1300 / 10000 Steps) (loss=2.2219) lr=2.95e-02 433s
09/16/2026 18:43:36 - INFO - __main__ - Training (1400 / 10000 Steps) (loss=2.0662) lr=2.93e-02 462s
09/16/2026 18:44:05 - INFO - __main__ - Training (1500 / 10000 Steps) (loss=1.8396) lr=2.92e-02 491s
09/16/2026 18:44:35 - INFO - __main__ - Training (1600 / 10000 Steps) (loss=1.5887) lr=2.90e-02 521s
09/16/2026 18:45:04 - INFO - __main__ - Training (1700 / 10000 Steps) (loss=1.6801) lr=2.88e-02 550s
09/16/2026 18:45:33 - INFO - __main__ - Training (1800 / 10000 Steps) (loss=1.5447) lr=2.86e-02 579s
09/16/2026 18:46:02 - INFO - __main__ - Training (1900 / 10000 Steps) (loss=0.8061) lr=2.84e-02 608s
09/16/2026 18:46:31 - INFO - __main__ - Training (2000 / 10000 Steps) (loss=1.3250) lr=2.82e-02 637s
09/16/2026 18:47:20 - INFO - __main__ - Validation Results step 2000: Accuracy 0.68586 (best 0.68586)
09/16/2026 18:47:50 - INFO - __main__ - Training (2100 / 10000 Steps) (loss=1.2224) lr=2.79e-02 716s
09/16/2026 18:48:19 - INFO - __main__ - Training (2200 / 10000 Steps) (loss=0.7186) lr=2.77e-02 745s
09/16/2026 18:48:48 - INFO - __main__ - Training (2300 / 10000 Steps) (loss=0.7426) lr=2.74e-02 774s
09/16/2026 18:49:17 - INFO - __main__ - Training (2400 / 10000 Steps) (loss=0.6131) lr=2.71e-02 803s
09/16/2026 18:49:46 - INFO - __main__ - Training (2500 / 10000 Steps) (loss=0.5696) lr=2.68e-02 832s
09/16/2026 18:50:15 - INFO - __main__ - Training (2600 / 10000 Steps) (loss=0.4809) lr=2.65e-02 861s
09/16/2026 18:50:44 - INFO - __main__ - Training (2700 / 10000 Steps) (loss=0.3362) lr=2.62e-02 890s
09/16/2026 18:51:13 - INFO - __main__ - Training (2800 / 10000 Steps) (loss=0.2124) lr=2.59e-02 919s
09/16/2026 18:51:42 - INFO - __main__ - Training (2900 / 10000 Steps) (loss=0.8242) lr=2.55e-02 948s
09/16/2026 18:52:11 - INFO - __main__ - Training (3000 / 10000 Steps) (loss=0.6152) lr=2.52e-02 977s
09/16/2026 18:53:01 - INFO - __main__ - Validation Results step 3000: Accuracy 0.78585 (best 0.78585)
09/16/2026 18:53:30 - INFO - __main__ - Training (3100 / 10000 Steps) (loss=0.5717) lr=2.48e-02 1056s
09/16/2026 18:53:59 - INFO - __main__ - Training (3200 / 10000 Steps) (loss=0.2843) lr=2.44e-02 1085s
09/16/2026 18:54:28 - INFO - __main__ - Training (3300 / 10000 Steps) (loss=0.3185) lr=2.40e-02 1114s
09/16/2026 18:54:57 - INFO - __main__ - Training (3400 / 10000 Steps) (loss=0.3480) lr=2.36e-02 1143s
09/16/2026 18:55:26 - INFO - __main__ - Training (3500 / 10000 Steps) (loss=0.4762) lr=2.32e-02 1172s
09/16/2026 18:55:55 - INFO - __main__ - Training (3600 / 10000 Steps) (loss=0.0958) lr=2.28e-02 1202s
09/16/2026 18:56:24 - INFO - __main__ - Training (3700 / 10000 Steps) (loss=0.2691) lr=2.24e-02 1231s
09/16/2026 18:56:53 - INFO - __main__ - Training (3800 / 10000 Steps) (loss=0.4296) lr=2.19e-02 1260s
09/16/2026 18:57:22 - INFO - __main__ - Training (3900 / 10000 Steps) (loss=0.1362) lr=2.15e-02 1289s
09/16/2026 18:57:51 - INFO - __main__ - Training (4000 / 10000 Steps) (loss=0.3941) lr=2.10e-02 1317s
09/16/2026 18:58:41 - INFO - __main__ - Validation Results step 4000: Accuracy 0.82763 (best 0.82763)
09/16/2026 18:59:11 - INFO - __main__ - Training (4100 / 10000 Steps) (loss=0.2735) lr=2.06e-02 1397s
09/16/2026 18:59:40 - INFO - __main__ - Training (4200 / 10000 Steps) (loss=0.2263) lr=2.01e-02 1426s
09/16/2026 19:00:08 - INFO - __main__ - Training (4300 / 10000 Steps) (loss=0.2977) lr=1.96e-02 1455s
09/16/2026 19:00:37 - INFO - __main__ - Training (4400 / 10000 Steps) (loss=0.2476) lr=1.92e-02 1484s
09/16/2026 19:01:06 - INFO - __main__ - Training (4500 / 10000 Steps) (loss=0.2119) lr=1.87e-02 1513s
09/16/2026 19:01:36 - INFO - __main__ - Training (4600 / 10000 Steps) (loss=0.0937) lr=1.82e-02 1542s
09/16/2026 19:02:05 - INFO - __main__ - Training (4700 / 10000 Steps) (loss=0.7056) lr=1.77e-02 1571s
09/16/2026 19:02:33 - INFO - __main__ - Training (4800 / 10000 Steps) (loss=0.1876) lr=1.72e-02 1600s
09/16/2026 19:03:02 - INFO - __main__ - Training (4900 / 10000 Steps) (loss=0.3191) lr=1.67e-02 1629s
09/16/2026 19:03:31 - INFO - __main__ - Training (5000 / 10000 Steps) (loss=0.0652) lr=1.62e-02 1658s
09/16/2026 19:04:21 - INFO - __main__ - Validation Results step 5000: Accuracy 0.85139 (best 0.85139)
09/16/2026 19:04:51 - INFO - __main__ - Training (5100 / 10000 Steps) (loss=0.1095) lr=1.57e-02 1737s
09/16/2026 19:05:20 - INFO - __main__ - Training (5200 / 10000 Steps) (loss=0.0640) lr=1.52e-02 1766s
09/16/2026 19:05:49 - INFO - __main__ - Training (5300 / 10000 Steps) (loss=0.0219) lr=1.48e-02 1795s
09/16/2026 19:06:18 - INFO - __main__ - Training (5400 / 10000 Steps) (loss=0.0504) lr=1.43e-02 1825s
09/16/2026 19:06:47 - INFO - __main__ - Training (5500 / 10000 Steps) (loss=0.0423) lr=1.38e-02 1854s
09/16/2026 19:07:17 - INFO - __main__ - Training (5600 / 10000 Steps) (loss=0.1852) lr=1.33e-02 1883s
09/16/2026 19:07:46 - INFO - __main__ - Training (5700 / 10000 Steps) (loss=0.0869) lr=1.28e-02 1912s
09/16/2026 19:08:15 - INFO - __main__ - Training (5800 / 10000 Steps) (loss=0.1277) lr=1.23e-02 1941s
09/16/2026 19:08:44 - INFO - __main__ - Training (5900 / 10000 Steps) (loss=0.0293) lr=1.18e-02 1970s
09/16/2026 19:09:13 - INFO - __main__ - Training (6000 / 10000 Steps) (loss=0.3224) lr=1.13e-02 1999s
09/16/2026 19:10:02 - INFO - __main__ - Validation Results step 6000: Accuracy 0.86731 (best 0.86731)
09/16/2026 19:10:31 - INFO - __main__ - Training (6100 / 10000 Steps) (loss=0.0370) lr=1.08e-02 2077s
09/16/2026 19:11:00 - INFO - __main__ - Training (6200 / 10000 Steps) (loss=0.1287) lr=1.04e-02 2107s
09/16/2026 19:11:29 - INFO - __main__ - Training (6300 / 10000 Steps) (loss=0.0249) lr=9.90e-03 2136s
09/16/2026 19:11:58 - INFO - __main__ - Training (6400 / 10000 Steps) (loss=0.0287) lr=9.43e-03 2165s
09/16/2026 19:12:27 - INFO - __main__ - Training (6500 / 10000 Steps) (loss=0.0629) lr=8.97e-03 2194s
09/16/2026 19:12:56 - INFO - __main__ - Training (6600 / 10000 Steps) (loss=0.0330) lr=8.52e-03 2222s
09/16/2026 19:13:26 - INFO - __main__ - Training (6700 / 10000 Steps) (loss=0.0275) lr=8.08e-03 2252s
09/16/2026 19:13:54 - INFO - __main__ - Training (6800 / 10000 Steps) (loss=0.0141) lr=7.64e-03 2281s
09/16/2026 19:14:23 - INFO - __main__ - Training (6900 / 10000 Steps) (loss=0.0124) lr=7.22e-03 2310s
09/16/2026 19:14:52 - INFO - __main__ - Training (7000 / 10000 Steps) (loss=0.0167) lr=6.80e-03 2339s
09/16/2026 19:15:42 - INFO - __main__ - Validation Results step 7000: Accuracy 0.87216 (best 0.87216)
09/16/2026 19:16:11 - INFO - __main__ - Training (7100 / 10000 Steps) (loss=0.0159) lr=6.39e-03 2417s
09/16/2026 19:16:40 - INFO - __main__ - Training (7200 / 10000 Steps) (loss=0.0118) lr=5.98e-03 2447s
09/16/2026 19:17:10 - INFO - __main__ - Training (7300 / 10000 Steps) (loss=0.0328) lr=5.59e-03 2476s
09/16/2026 19:17:39 - INFO - __main__ - Training (7400 / 10000 Steps) (loss=0.2516) lr=5.21e-03 2505s
09/16/2026 19:18:08 - INFO - __main__ - Training (7500 / 10000 Steps) (loss=0.0488) lr=4.84e-03 2534s
09/16/2026 19:18:37 - INFO - __main__ - Training (7600 / 10000 Steps) (loss=0.0781) lr=4.48e-03 2563s
09/16/2026 19:19:07 - INFO - __main__ - Training (7700 / 10000 Steps) (loss=0.0217) lr=4.13e-03 2593s
09/16/2026 19:19:35 - INFO - __main__ - Training (7800 / 10000 Steps) (loss=0.0117) lr=3.80e-03 2622s
09/16/2026 19:20:04 - INFO - __main__ - Training (7900 / 10000 Steps) (loss=0.0094) lr=3.47e-03 2651s
09/16/2026 19:20:33 - INFO - __main__ - Training (8000 / 10000 Steps) (loss=0.0667) lr=3.16e-03 2680s
09/16/2026 19:21:23 - INFO - __main__ - Validation Results step 8000: Accuracy 0.88422 (best 0.88422)
09/16/2026 19:21:52 - INFO - __main__ - Training (8100 / 10000 Steps) (loss=0.3502) lr=2.86e-03 2758s
09/16/2026 19:22:21 - INFO - __main__ - Training (8200 / 10000 Steps) (loss=0.0065) lr=2.58e-03 2788s
09/16/2026 19:22:50 - INFO - __main__ - Training (8300 / 10000 Steps) (loss=0.0604) lr=2.31e-03 2817s
09/16/2026 19:23:19 - INFO - __main__ - Training (8400 / 10000 Steps) (loss=0.0122) lr=2.05e-03 2846s
09/16/2026 19:23:48 - INFO - __main__ - Training (8500 / 10000 Steps) (loss=0.0093) lr=1.81e-03 2874s
09/16/2026 19:24:17 - INFO - __main__ - Training (8600 / 10000 Steps) (loss=0.0079) lr=1.58e-03 2903s
09/16/2026 19:24:47 - INFO - __main__ - Training (8700 / 10000 Steps) (loss=0.0085) lr=1.36e-03 2933s
09/16/2026 19:25:15 - INFO - __main__ - Training (8800 / 10000 Steps) (loss=0.0067) lr=1.17e-03 2962s
09/16/2026 19:25:44 - INFO - __main__ - Training (8900 / 10000 Steps) (loss=0.0040) lr=9.82e-04 2991s
09/16/2026 19:26:13 - INFO - __main__ - Training (9000 / 10000 Steps) (loss=0.0242) lr=8.13e-04 3020s
09/16/2026 19:27:03 - INFO - __main__ - Validation Results step 9000: Accuracy 0.88484 (best 0.88484)
09/16/2026 19:27:32 - INFO - __main__ - Training (9100 / 10000 Steps) (loss=0.0853) lr=6.59e-04 3099s
09/16/2026 19:28:02 - INFO - __main__ - Training (9200 / 10000 Steps) (loss=0.0104) lr=5.22e-04 3128s
09/16/2026 19:28:31 - INFO - __main__ - Training (9300 / 10000 Steps) (loss=0.0135) lr=4.00e-04 3157s
09/16/2026 19:29:00 - INFO - __main__ - Training (9400 / 10000 Steps) (loss=0.0112) lr=2.94e-04 3186s
09/16/2026 19:29:29 - INFO - __main__ - Training (9500 / 10000 Steps) (loss=0.0043) lr=2.05e-04 3215s
09/16/2026 19:29:58 - INFO - __main__ - Training (9600 / 10000 Steps) (loss=0.0031) lr=1.31e-04 3244s
09/16/2026 19:30:27 - INFO - __main__ - Training (9700 / 10000 Steps) (loss=0.0049) lr=7.38e-05 3273s
09/16/2026 19:30:56 - INFO - __main__ - Training (9800 / 10000 Steps) (loss=0.0137) lr=3.28e-05 3302s
09/16/2026 19:31:25 - INFO - __main__ - Training (9900 / 10000 Steps) (loss=0.0175) lr=8.20e-06 3331s
09/16/2026 19:31:54 - INFO - __main__ - Training (10000 / 10000 Steps) (loss=0.0070) lr=0.00e+00 3360s
09/16/2026 19:32:44 - INFO - __main__ - Validation Results step 10000: Accuracy 0.88596 (best 0.88596)
09/16/2026 19:32:44 - INFO - __main__ - Best Accuracy: 	0.885959
09/16/2026 19:32:44 - INFO - __main__ - End Training!
