/opt/anaconda3/envs/fal-wyh/lib/python3.9/site-packages/torchvision/transforms/transforms.py:329: UserWarning: Argument 'interpolation' of type int is deprecated since 0.13 and will be removed in 0.15. Please use InterpolationMode enum.
  warnings.warn(
09/15/2026 21:58:18 - INFO - models.modeling - load_pretrained: resized variant: torch.Size([1, 197, 768]) to torch.Size([1, 785, 768])
09/15/2026 21:58:19 - INFO - __main__ - Training parameters Namespace(data_root='/home/savo_shen/data_crops/dog/raw', name='dog_raw', output_dir='output', pretrained='/home/savo_shen/Programs/FAL-ViT-main-wyh/imagenet21k_ViT-B_16.npz', img_size=448, train_batch_size=16, grad_accum=1, eval_batch_size=64, learning_rate=0.03, weight_decay=0.0, num_steps=10000, warmup_steps=500, eval_every=1000, max_grad_norm=1.0, num_workers=8, seed=42)
09/15/2026 21:58:19 - INFO - __main__ - effective batch = 16
09/15/2026 21:58:19 - INFO - __main__ - classes=120 train=12000 test=8580
load_pretrained: grid-size from 14 to 28
09/15/2026 21:58:51 - INFO - __main__ - Training (100 / 10000 Steps) (loss=4.6130) lr=6.00e-03 32s
09/15/2026 21:59:20 - INFO - __main__ - Training (200 / 10000 Steps) (loss=3.9413) lr=1.20e-02 61s
09/15/2026 21:59:49 - INFO - __main__ - Training (300 / 10000 Steps) (loss=2.5264) lr=1.80e-02 90s
09/15/2026 22:00:18 - INFO - __main__ - Training (400 / 10000 Steps) (loss=1.4500) lr=2.40e-02 119s
09/15/2026 22:00:47 - INFO - __main__ - Training (500 / 10000 Steps) (loss=1.0842) lr=3.00e-02 148s
09/15/2026 22:01:16 - INFO - __main__ - Training (600 / 10000 Steps) (loss=1.3723) lr=3.00e-02 177s
09/15/2026 22:01:45 - INFO - __main__ - Training (700 / 10000 Steps) (loss=0.1881) lr=3.00e-02 206s
09/15/2026 22:02:14 - INFO - __main__ - Training (800 / 10000 Steps) (loss=0.6552) lr=2.99e-02 235s
09/15/2026 22:02:44 - INFO - __main__ - Training (900 / 10000 Steps) (loss=0.8665) lr=2.99e-02 264s
09/15/2026 22:03:13 - INFO - __main__ - Training (1000 / 10000 Steps) (loss=0.6223) lr=2.98e-02 293s
09/15/2026 22:04:07 - INFO - __main__ - Validation Results step 1000: Accuracy 0.86469 (best 0.86469)
09/15/2026 22:04:36 - INFO - __main__ - Training (1100 / 10000 Steps) (loss=0.4271) lr=2.97e-02 377s
09/15/2026 22:05:05 - INFO - __main__ - Training (1200 / 10000 Steps) (loss=0.7577) lr=2.96e-02 406s
09/15/2026 22:05:34 - INFO - __main__ - Training (1300 / 10000 Steps) (loss=0.7036) lr=2.95e-02 435s
09/15/2026 22:06:03 - INFO - __main__ - Training (1400 / 10000 Steps) (loss=0.8826) lr=2.93e-02 464s
09/15/2026 22:06:32 - INFO - __main__ - Training (1500 / 10000 Steps) (loss=0.1255) lr=2.92e-02 493s
09/15/2026 22:07:01 - INFO - __main__ - Training (1600 / 10000 Steps) (loss=0.0987) lr=2.90e-02 522s
09/15/2026 22:07:30 - INFO - __main__ - Training (1700 / 10000 Steps) (loss=0.6572) lr=2.88e-02 551s
09/15/2026 22:07:59 - INFO - __main__ - Training (1800 / 10000 Steps) (loss=0.6105) lr=2.86e-02 580s
09/15/2026 22:08:28 - INFO - __main__ - Training (1900 / 10000 Steps) (loss=0.0899) lr=2.84e-02 609s
09/15/2026 22:08:57 - INFO - __main__ - Training (2000 / 10000 Steps) (loss=0.4473) lr=2.82e-02 638s
09/15/2026 22:09:50 - INFO - __main__ - Validation Results step 2000: Accuracy 0.88403 (best 0.88403)
09/15/2026 22:10:19 - INFO - __main__ - Training (2100 / 10000 Steps) (loss=0.9026) lr=2.79e-02 720s
09/15/2026 22:10:48 - INFO - __main__ - Training (2200 / 10000 Steps) (loss=0.3717) lr=2.77e-02 749s
09/15/2026 22:11:17 - INFO - __main__ - Training (2300 / 10000 Steps) (loss=0.3404) lr=2.74e-02 778s
09/15/2026 22:11:46 - INFO - __main__ - Training (2400 / 10000 Steps) (loss=0.4810) lr=2.71e-02 807s
09/15/2026 22:12:15 - INFO - __main__ - Training (2500 / 10000 Steps) (loss=0.4866) lr=2.68e-02 836s
09/15/2026 22:12:44 - INFO - __main__ - Training (2600 / 10000 Steps) (loss=0.4296) lr=2.65e-02 865s
09/15/2026 22:13:13 - INFO - __main__ - Training (2700 / 10000 Steps) (loss=0.2703) lr=2.62e-02 894s
09/15/2026 22:13:42 - INFO - __main__ - Training (2800 / 10000 Steps) (loss=0.4325) lr=2.59e-02 923s
09/15/2026 22:14:11 - INFO - __main__ - Training (2900 / 10000 Steps) (loss=0.3375) lr=2.55e-02 952s
09/15/2026 22:14:40 - INFO - __main__ - Training (3000 / 10000 Steps) (loss=0.2632) lr=2.52e-02 981s
09/15/2026 22:15:33 - INFO - __main__ - Validation Results step 3000: Accuracy 0.87261 (best 0.88403)
09/15/2026 22:16:02 - INFO - __main__ - Training (3100 / 10000 Steps) (loss=0.0166) lr=2.48e-02 1063s
09/15/2026 22:16:31 - INFO - __main__ - Training (3200 / 10000 Steps) (loss=0.1924) lr=2.44e-02 1092s
09/15/2026 22:17:00 - INFO - __main__ - Training (3300 / 10000 Steps) (loss=0.0508) lr=2.40e-02 1121s
09/15/2026 22:17:29 - INFO - __main__ - Training (3400 / 10000 Steps) (loss=0.1442) lr=2.36e-02 1150s
09/15/2026 22:17:58 - INFO - __main__ - Training (3500 / 10000 Steps) (loss=0.1701) lr=2.32e-02 1179s
09/15/2026 22:18:27 - INFO - __main__ - Training (3600 / 10000 Steps) (loss=0.3761) lr=2.28e-02 1208s
09/15/2026 22:18:56 - INFO - __main__ - Training (3700 / 10000 Steps) (loss=0.2142) lr=2.24e-02 1236s
09/15/2026 22:19:25 - INFO - __main__ - Training (3800 / 10000 Steps) (loss=0.1781) lr=2.19e-02 1266s
09/15/2026 22:19:54 - INFO - __main__ - Training (3900 / 10000 Steps) (loss=0.0656) lr=2.15e-02 1295s
09/15/2026 22:20:23 - INFO - __main__ - Training (4000 / 10000 Steps) (loss=0.0422) lr=2.10e-02 1324s
09/15/2026 22:21:15 - INFO - __main__ - Validation Results step 4000: Accuracy 0.86212 (best 0.88403)
09/15/2026 22:21:44 - INFO - __main__ - Training (4100 / 10000 Steps) (loss=0.1024) lr=2.06e-02 1405s
09/15/2026 22:22:13 - INFO - __main__ - Training (4200 / 10000 Steps) (loss=0.0505) lr=2.01e-02 1434s
09/15/2026 22:22:42 - INFO - __main__ - Training (4300 / 10000 Steps) (loss=0.0436) lr=1.96e-02 1463s
09/15/2026 22:23:11 - INFO - __main__ - Training (4400 / 10000 Steps) (loss=0.1579) lr=1.92e-02 1492s
09/15/2026 22:23:40 - INFO - __main__ - Training (4500 / 10000 Steps) (loss=0.0451) lr=1.87e-02 1521s
09/15/2026 22:24:09 - INFO - __main__ - Training (4600 / 10000 Steps) (loss=0.0919) lr=1.82e-02 1550s
09/15/2026 22:24:38 - INFO - __main__ - Training (4700 / 10000 Steps) (loss=0.0090) lr=1.77e-02 1579s
09/15/2026 22:25:07 - INFO - __main__ - Training (4800 / 10000 Steps) (loss=0.0587) lr=1.72e-02 1608s
09/15/2026 22:25:36 - INFO - __main__ - Training (4900 / 10000 Steps) (loss=0.0687) lr=1.67e-02 1637s
09/15/2026 22:26:05 - INFO - __main__ - Training (5000 / 10000 Steps) (loss=0.0033) lr=1.62e-02 1666s
09/15/2026 22:26:57 - INFO - __main__ - Validation Results step 5000: Accuracy 0.88695 (best 0.88695)
09/15/2026 22:27:27 - INFO - __main__ - Training (5100 / 10000 Steps) (loss=0.3978) lr=1.57e-02 1747s
09/15/2026 22:27:56 - INFO - __main__ - Training (5200 / 10000 Steps) (loss=0.0105) lr=1.52e-02 1776s
09/15/2026 22:28:25 - INFO - __main__ - Training (5300 / 10000 Steps) (loss=0.0066) lr=1.48e-02 1806s
09/15/2026 22:28:54 - INFO - __main__ - Training (5400 / 10000 Steps) (loss=0.0095) lr=1.43e-02 1835s
09/15/2026 22:29:23 - INFO - __main__ - Training (5500 / 10000 Steps) (loss=0.0191) lr=1.38e-02 1864s
09/15/2026 22:29:52 - INFO - __main__ - Training (5600 / 10000 Steps) (loss=0.0056) lr=1.33e-02 1893s
09/15/2026 22:30:21 - INFO - __main__ - Training (5700 / 10000 Steps) (loss=0.0218) lr=1.28e-02 1921s
09/15/2026 22:30:50 - INFO - __main__ - Training (5800 / 10000 Steps) (loss=0.1004) lr=1.23e-02 1950s
09/15/2026 22:31:19 - INFO - __main__ - Training (5900 / 10000 Steps) (loss=0.0752) lr=1.18e-02 1979s
09/15/2026 22:31:47 - INFO - __main__ - Training (6000 / 10000 Steps) (loss=0.3577) lr=1.13e-02 2008s
09/15/2026 22:32:41 - INFO - __main__ - Validation Results step 6000: Accuracy 0.89242 (best 0.89242)
09/15/2026 22:33:10 - INFO - __main__ - Training (6100 / 10000 Steps) (loss=0.0022) lr=1.08e-02 2091s
09/15/2026 22:33:39 - INFO - __main__ - Training (6200 / 10000 Steps) (loss=0.0737) lr=1.04e-02 2120s
09/15/2026 22:34:08 - INFO - __main__ - Training (6300 / 10000 Steps) (loss=0.0033) lr=9.90e-03 2149s
09/15/2026 22:34:37 - INFO - __main__ - Training (6400 / 10000 Steps) (loss=0.0023) lr=9.43e-03 2177s
09/15/2026 22:35:06 - INFO - __main__ - Training (6500 / 10000 Steps) (loss=0.0345) lr=8.97e-03 2206s
09/15/2026 22:35:34 - INFO - __main__ - Training (6600 / 10000 Steps) (loss=0.0044) lr=8.52e-03 2235s
09/15/2026 22:36:03 - INFO - __main__ - Training (6700 / 10000 Steps) (loss=0.0236) lr=8.08e-03 2264s
09/15/2026 22:36:33 - INFO - __main__ - Training (6800 / 10000 Steps) (loss=0.0093) lr=7.64e-03 2293s
09/15/2026 22:37:01 - INFO - __main__ - Training (6900 / 10000 Steps) (loss=0.0026) lr=7.22e-03 2322s
09/15/2026 22:37:31 - INFO - __main__ - Training (7000 / 10000 Steps) (loss=0.0025) lr=6.80e-03 2351s
09/15/2026 22:38:24 - INFO - __main__ - Validation Results step 7000: Accuracy 0.89907 (best 0.89907)
09/15/2026 22:38:53 - INFO - __main__ - Training (7100 / 10000 Steps) (loss=0.0048) lr=6.39e-03 2434s
09/15/2026 22:39:22 - INFO - __main__ - Training (7200 / 10000 Steps) (loss=0.0689) lr=5.98e-03 2463s
09/15/2026 22:39:51 - INFO - __main__ - Training (7300 / 10000 Steps) (loss=0.0048) lr=5.59e-03 2491s
09/15/2026 22:40:20 - INFO - __main__ - Training (7400 / 10000 Steps) (loss=0.0054) lr=5.21e-03 2520s
09/15/2026 22:40:48 - INFO - __main__ - Training (7500 / 10000 Steps) (loss=0.0036) lr=4.84e-03 2549s
09/15/2026 22:41:18 - INFO - __main__ - Training (7600 / 10000 Steps) (loss=0.0027) lr=4.48e-03 2578s
09/15/2026 22:41:47 - INFO - __main__ - Training (7700 / 10000 Steps) (loss=0.0051) lr=4.13e-03 2607s
09/15/2026 22:42:15 - INFO - __main__ - Training (7800 / 10000 Steps) (loss=0.0043) lr=3.80e-03 2636s
09/15/2026 22:42:44 - INFO - __main__ - Training (7900 / 10000 Steps) (loss=0.0037) lr=3.47e-03 2665s
09/15/2026 22:43:13 - INFO - __main__ - Training (8000 / 10000 Steps) (loss=0.0012) lr=3.16e-03 2694s
09/15/2026 22:44:07 - INFO - __main__ - Validation Results step 8000: Accuracy 0.90117 (best 0.90117)
09/15/2026 22:44:35 - INFO - __main__ - Training (8100 / 10000 Steps) (loss=0.0039) lr=2.86e-03 2776s
09/15/2026 22:45:04 - INFO - __main__ - Training (8200 / 10000 Steps) (loss=0.0123) lr=2.58e-03 2805s
09/15/2026 22:45:34 - INFO - __main__ - Training (8300 / 10000 Steps) (loss=0.0035) lr=2.31e-03 2834s
09/15/2026 22:46:02 - INFO - __main__ - Training (8400 / 10000 Steps) (loss=0.0017) lr=2.05e-03 2863s
09/15/2026 22:46:31 - INFO - __main__ - Training (8500 / 10000 Steps) (loss=0.0065) lr=1.81e-03 2892s
09/15/2026 22:47:00 - INFO - __main__ - Training (8600 / 10000 Steps) (loss=0.0036) lr=1.58e-03 2921s
09/15/2026 22:47:29 - INFO - __main__ - Training (8700 / 10000 Steps) (loss=0.0013) lr=1.36e-03 2950s
09/15/2026 22:47:58 - INFO - __main__ - Training (8800 / 10000 Steps) (loss=0.1076) lr=1.17e-03 2979s
09/15/2026 22:48:27 - INFO - __main__ - Training (8900 / 10000 Steps) (loss=0.0039) lr=9.82e-04 3008s
09/15/2026 22:48:56 - INFO - __main__ - Training (9000 / 10000 Steps) (loss=0.0429) lr=8.13e-04 3037s
09/15/2026 22:49:49 - INFO - __main__ - Validation Results step 9000: Accuracy 0.90373 (best 0.90373)
09/15/2026 22:50:18 - INFO - __main__ - Training (9100 / 10000 Steps) (loss=0.0043) lr=6.59e-04 3119s
09/15/2026 22:50:47 - INFO - __main__ - Training (9200 / 10000 Steps) (loss=0.0024) lr=5.22e-04 3148s
09/15/2026 22:51:16 - INFO - __main__ - Training (9300 / 10000 Steps) (loss=0.0106) lr=4.00e-04 3177s
09/15/2026 22:51:45 - INFO - __main__ - Training (9400 / 10000 Steps) (loss=0.0019) lr=2.94e-04 3206s
09/15/2026 22:52:14 - INFO - __main__ - Training (9500 / 10000 Steps) (loss=0.0041) lr=2.05e-04 3235s
09/15/2026 22:52:43 - INFO - __main__ - Training (9600 / 10000 Steps) (loss=0.0040) lr=1.31e-04 3263s
09/15/2026 22:53:12 - INFO - __main__ - Training (9700 / 10000 Steps) (loss=0.0031) lr=7.38e-05 3292s
09/15/2026 22:53:41 - INFO - __main__ - Training (9800 / 10000 Steps) (loss=0.0022) lr=3.28e-05 3322s
09/15/2026 22:54:10 - INFO - __main__ - Training (9900 / 10000 Steps) (loss=0.0014) lr=8.20e-06 3350s
09/15/2026 22:54:39 - INFO - __main__ - Training (10000 / 10000 Steps) (loss=0.0008) lr=0.00e+00 3379s
09/15/2026 22:55:32 - INFO - __main__ - Validation Results step 10000: Accuracy 0.90431 (best 0.90431)
09/15/2026 22:55:32 - INFO - __main__ - Best Accuracy: 	0.904312
09/15/2026 22:55:32 - INFO - __main__ - End Training!
