/opt/anaconda3/envs/fal-wyh/lib/python3.9/site-packages/torchvision/transforms/transforms.py:329: UserWarning: Argument 'interpolation' of type int is deprecated since 0.13 and will be removed in 0.15. Please use InterpolationMode enum.
  warnings.warn(
09/16/2026 06:14:51 - INFO - models.modeling - load_pretrained: resized variant: torch.Size([1, 197, 768]) to torch.Size([1, 785, 768])
09/16/2026 06:14:52 - INFO - __main__ - Training parameters Namespace(data_root='/home/savo_shen/data_crops/dog/gt_sq', name='dog_gt_sq', output_dir='output', pretrained='/home/savo_shen/Programs/FAL-ViT-main-wyh/imagenet21k_ViT-B_16.npz', img_size=448, train_batch_size=16, grad_accum=1, eval_batch_size=64, learning_rate=0.03, weight_decay=0.0, num_steps=10000, warmup_steps=500, eval_every=1000, max_grad_norm=1.0, num_workers=8, seed=42)
09/16/2026 06:14:52 - INFO - __main__ - effective batch = 16
09/16/2026 06:14:52 - INFO - __main__ - classes=120 train=12000 test=8580
load_pretrained: grid-size from 14 to 28
09/16/2026 06:15:24 - INFO - __main__ - Training (100 / 10000 Steps) (loss=4.6106) lr=6.00e-03 32s
09/16/2026 06:15:53 - INFO - __main__ - Training (200 / 10000 Steps) (loss=3.9039) lr=1.20e-02 61s
09/16/2026 06:16:22 - INFO - __main__ - Training (300 / 10000 Steps) (loss=2.4329) lr=1.80e-02 90s
09/16/2026 06:16:51 - INFO - __main__ - Training (400 / 10000 Steps) (loss=1.4271) lr=2.40e-02 119s
09/16/2026 06:17:20 - INFO - __main__ - Training (500 / 10000 Steps) (loss=0.8863) lr=3.00e-02 148s
09/16/2026 06:17:49 - INFO - __main__ - Training (600 / 10000 Steps) (loss=0.7394) lr=3.00e-02 177s
09/16/2026 06:18:18 - INFO - __main__ - Training (700 / 10000 Steps) (loss=0.3414) lr=3.00e-02 206s
09/16/2026 06:18:47 - INFO - __main__ - Training (800 / 10000 Steps) (loss=1.0317) lr=2.99e-02 235s
09/16/2026 06:19:16 - INFO - __main__ - Training (900 / 10000 Steps) (loss=0.6695) lr=2.99e-02 264s
09/16/2026 06:19:45 - INFO - __main__ - Training (1000 / 10000 Steps) (loss=0.5507) lr=2.98e-02 293s
09/16/2026 06:20:40 - INFO - __main__ - Validation Results step 1000: Accuracy 0.86061 (best 0.86061)
09/16/2026 06:21:09 - INFO - __main__ - Training (1100 / 10000 Steps) (loss=0.6377) lr=2.97e-02 377s
09/16/2026 06:21:38 - INFO - __main__ - Training (1200 / 10000 Steps) (loss=0.6918) lr=2.96e-02 406s
09/16/2026 06:22:07 - INFO - __main__ - Training (1300 / 10000 Steps) (loss=0.5956) lr=2.95e-02 435s
09/16/2026 06:22:36 - INFO - __main__ - Training (1400 / 10000 Steps) (loss=0.3812) lr=2.93e-02 464s
09/16/2026 06:23:05 - INFO - __main__ - Training (1500 / 10000 Steps) (loss=0.1361) lr=2.92e-02 493s
09/16/2026 06:23:34 - INFO - __main__ - Training (1600 / 10000 Steps) (loss=0.1480) lr=2.90e-02 522s
09/16/2026 06:24:03 - INFO - __main__ - Training (1700 / 10000 Steps) (loss=0.4829) lr=2.88e-02 551s
09/16/2026 06:24:32 - INFO - __main__ - Training (1800 / 10000 Steps) (loss=0.4471) lr=2.86e-02 580s
09/16/2026 06:25:01 - INFO - __main__ - Training (1900 / 10000 Steps) (loss=0.4101) lr=2.84e-02 609s
09/16/2026 06:25:30 - INFO - __main__ - Training (2000 / 10000 Steps) (loss=0.5896) lr=2.82e-02 638s
09/16/2026 06:26:23 - INFO - __main__ - Validation Results step 2000: Accuracy 0.86352 (best 0.86352)
09/16/2026 06:26:52 - INFO - __main__ - Training (2100 / 10000 Steps) (loss=0.3278) lr=2.79e-02 719s
09/16/2026 06:27:21 - INFO - __main__ - Training (2200 / 10000 Steps) (loss=0.3749) lr=2.77e-02 748s
09/16/2026 06:27:50 - INFO - __main__ - Training (2300 / 10000 Steps) (loss=0.2948) lr=2.74e-02 777s
09/16/2026 06:28:19 - INFO - __main__ - Training (2400 / 10000 Steps) (loss=0.3467) lr=2.71e-02 806s
09/16/2026 06:28:48 - INFO - __main__ - Training (2500 / 10000 Steps) (loss=0.3552) lr=2.68e-02 835s
09/16/2026 06:29:17 - INFO - __main__ - Training (2600 / 10000 Steps) (loss=0.7358) lr=2.65e-02 864s
09/16/2026 06:29:46 - INFO - __main__ - Training (2700 / 10000 Steps) (loss=0.1648) lr=2.62e-02 893s
09/16/2026 06:30:15 - INFO - __main__ - Training (2800 / 10000 Steps) (loss=0.6229) lr=2.59e-02 922s
09/16/2026 06:30:44 - INFO - __main__ - Training (2900 / 10000 Steps) (loss=0.4407) lr=2.55e-02 951s
09/16/2026 06:31:13 - INFO - __main__ - Training (3000 / 10000 Steps) (loss=0.5144) lr=2.52e-02 980s
09/16/2026 06:32:05 - INFO - __main__ - Validation Results step 3000: Accuracy 0.87751 (best 0.87751)
09/16/2026 06:32:34 - INFO - __main__ - Training (3100 / 10000 Steps) (loss=0.0335) lr=2.48e-02 1062s
09/16/2026 06:33:03 - INFO - __main__ - Training (3200 / 10000 Steps) (loss=0.4494) lr=2.44e-02 1091s
09/16/2026 06:33:32 - INFO - __main__ - Training (3300 / 10000 Steps) (loss=0.1994) lr=2.40e-02 1120s
09/16/2026 06:34:01 - INFO - __main__ - Training (3400 / 10000 Steps) (loss=0.1084) lr=2.36e-02 1149s
09/16/2026 06:34:30 - INFO - __main__ - Training (3500 / 10000 Steps) (loss=0.0735) lr=2.32e-02 1178s
09/16/2026 06:34:59 - INFO - __main__ - Training (3600 / 10000 Steps) (loss=0.1548) lr=2.28e-02 1207s
09/16/2026 06:35:28 - INFO - __main__ - Training (3700 / 10000 Steps) (loss=0.2940) lr=2.24e-02 1235s
09/16/2026 06:35:57 - INFO - __main__ - Training (3800 / 10000 Steps) (loss=0.0167) lr=2.19e-02 1265s
09/16/2026 06:36:26 - INFO - __main__ - Training (3900 / 10000 Steps) (loss=0.3980) lr=2.15e-02 1294s
09/16/2026 06:36:55 - INFO - __main__ - Training (4000 / 10000 Steps) (loss=0.1474) lr=2.10e-02 1323s
09/16/2026 06:37:48 - INFO - __main__ - Validation Results step 4000: Accuracy 0.87821 (best 0.87821)
09/16/2026 06:38:17 - INFO - __main__ - Training (4100 / 10000 Steps) (loss=0.0187) lr=2.06e-02 1405s
09/16/2026 06:38:46 - INFO - __main__ - Training (4200 / 10000 Steps) (loss=0.0176) lr=2.01e-02 1434s
09/16/2026 06:39:15 - INFO - __main__ - Training (4300 / 10000 Steps) (loss=0.0483) lr=1.96e-02 1463s
09/16/2026 06:39:44 - INFO - __main__ - Training (4400 / 10000 Steps) (loss=0.1728) lr=1.92e-02 1492s
09/16/2026 06:40:13 - INFO - __main__ - Training (4500 / 10000 Steps) (loss=0.0356) lr=1.87e-02 1520s
09/16/2026 06:40:42 - INFO - __main__ - Training (4600 / 10000 Steps) (loss=0.0830) lr=1.82e-02 1550s
09/16/2026 06:41:11 - INFO - __main__ - Training (4700 / 10000 Steps) (loss=0.0068) lr=1.77e-02 1579s
09/16/2026 06:41:40 - INFO - __main__ - Training (4800 / 10000 Steps) (loss=0.3175) lr=1.72e-02 1607s
09/16/2026 06:42:09 - INFO - __main__ - Training (4900 / 10000 Steps) (loss=0.0491) lr=1.67e-02 1636s
09/16/2026 06:42:38 - INFO - __main__ - Training (5000 / 10000 Steps) (loss=0.0059) lr=1.62e-02 1665s
09/16/2026 06:43:31 - INFO - __main__ - Validation Results step 5000: Accuracy 0.88590 (best 0.88590)
09/16/2026 06:44:00 - INFO - __main__ - Training (5100 / 10000 Steps) (loss=0.2754) lr=1.57e-02 1748s
09/16/2026 06:44:29 - INFO - __main__ - Training (5200 / 10000 Steps) (loss=0.0179) lr=1.52e-02 1776s
09/16/2026 06:44:58 - INFO - __main__ - Training (5300 / 10000 Steps) (loss=0.0161) lr=1.48e-02 1806s
09/16/2026 06:45:27 - INFO - __main__ - Training (5400 / 10000 Steps) (loss=0.0158) lr=1.43e-02 1835s
09/16/2026 06:45:56 - INFO - __main__ - Training (5500 / 10000 Steps) (loss=0.0071) lr=1.38e-02 1863s
09/16/2026 06:46:25 - INFO - __main__ - Training (5600 / 10000 Steps) (loss=0.0332) lr=1.33e-02 1892s
09/16/2026 06:46:54 - INFO - __main__ - Training (5700 / 10000 Steps) (loss=0.1045) lr=1.28e-02 1921s
09/16/2026 06:47:23 - INFO - __main__ - Training (5800 / 10000 Steps) (loss=0.0109) lr=1.23e-02 1950s
09/16/2026 06:47:52 - INFO - __main__ - Training (5900 / 10000 Steps) (loss=0.0812) lr=1.18e-02 1979s
09/16/2026 06:48:21 - INFO - __main__ - Training (6000 / 10000 Steps) (loss=0.2166) lr=1.13e-02 2008s
09/16/2026 06:49:14 - INFO - __main__ - Validation Results step 6000: Accuracy 0.89219 (best 0.89219)
09/16/2026 06:49:43 - INFO - __main__ - Training (6100 / 10000 Steps) (loss=0.0031) lr=1.08e-02 2091s
09/16/2026 06:50:12 - INFO - __main__ - Training (6200 / 10000 Steps) (loss=0.0186) lr=1.04e-02 2120s
09/16/2026 06:50:41 - INFO - __main__ - Training (6300 / 10000 Steps) (loss=0.0178) lr=9.90e-03 2149s
09/16/2026 06:51:10 - INFO - __main__ - Training (6400 / 10000 Steps) (loss=0.0041) lr=9.43e-03 2178s
09/16/2026 06:51:39 - INFO - __main__ - Training (6500 / 10000 Steps) (loss=0.0951) lr=8.97e-03 2207s
09/16/2026 06:52:08 - INFO - __main__ - Training (6600 / 10000 Steps) (loss=0.0088) lr=8.52e-03 2235s
09/16/2026 06:52:37 - INFO - __main__ - Training (6700 / 10000 Steps) (loss=0.0927) lr=8.08e-03 2264s
09/16/2026 06:53:06 - INFO - __main__ - Training (6800 / 10000 Steps) (loss=0.0037) lr=7.64e-03 2294s
09/16/2026 06:53:35 - INFO - __main__ - Training (6900 / 10000 Steps) (loss=0.0013) lr=7.22e-03 2322s
09/16/2026 06:54:04 - INFO - __main__ - Training (7000 / 10000 Steps) (loss=0.0444) lr=6.80e-03 2351s
09/16/2026 06:54:57 - INFO - __main__ - Validation Results step 7000: Accuracy 0.90350 (best 0.90350)
09/16/2026 06:55:26 - INFO - __main__ - Training (7100 / 10000 Steps) (loss=0.0038) lr=6.39e-03 2433s
09/16/2026 06:55:55 - INFO - __main__ - Training (7200 / 10000 Steps) (loss=0.1204) lr=5.98e-03 2462s
09/16/2026 06:56:24 - INFO - __main__ - Training (7300 / 10000 Steps) (loss=0.0043) lr=5.59e-03 2491s
09/16/2026 06:56:53 - INFO - __main__ - Training (7400 / 10000 Steps) (loss=0.0156) lr=5.21e-03 2520s
09/16/2026 06:57:22 - INFO - __main__ - Training (7500 / 10000 Steps) (loss=0.0046) lr=4.84e-03 2549s
09/16/2026 06:57:51 - INFO - __main__ - Training (7600 / 10000 Steps) (loss=0.0053) lr=4.48e-03 2578s
09/16/2026 06:58:20 - INFO - __main__ - Training (7700 / 10000 Steps) (loss=0.0051) lr=4.13e-03 2607s
09/16/2026 06:58:49 - INFO - __main__ - Training (7800 / 10000 Steps) (loss=0.0088) lr=3.80e-03 2636s
09/16/2026 06:59:17 - INFO - __main__ - Training (7900 / 10000 Steps) (loss=0.0024) lr=3.47e-03 2665s
09/16/2026 06:59:46 - INFO - __main__ - Training (8000 / 10000 Steps) (loss=0.0011) lr=3.16e-03 2694s
09/16/2026 07:00:39 - INFO - __main__ - Validation Results step 8000: Accuracy 0.90291 (best 0.90350)
09/16/2026 07:01:08 - INFO - __main__ - Training (8100 / 10000 Steps) (loss=0.0023) lr=2.86e-03 2776s
09/16/2026 07:01:37 - INFO - __main__ - Training (8200 / 10000 Steps) (loss=0.0566) lr=2.58e-03 2805s
09/16/2026 07:02:07 - INFO - __main__ - Training (8300 / 10000 Steps) (loss=0.0050) lr=2.31e-03 2834s
09/16/2026 07:02:35 - INFO - __main__ - Training (8400 / 10000 Steps) (loss=0.0019) lr=2.05e-03 2863s
09/16/2026 07:03:04 - INFO - __main__ - Training (8500 / 10000 Steps) (loss=0.0017) lr=1.81e-03 2892s
09/16/2026 07:03:33 - INFO - __main__ - Training (8600 / 10000 Steps) (loss=0.0065) lr=1.58e-03 2921s
09/16/2026 07:04:02 - INFO - __main__ - Training (8700 / 10000 Steps) (loss=0.0029) lr=1.36e-03 2950s
09/16/2026 07:04:31 - INFO - __main__ - Training (8800 / 10000 Steps) (loss=0.0355) lr=1.17e-03 2979s
09/16/2026 07:05:00 - INFO - __main__ - Training (8900 / 10000 Steps) (loss=0.0030) lr=9.82e-04 3007s
09/16/2026 07:05:29 - INFO - __main__ - Training (9000 / 10000 Steps) (loss=0.0286) lr=8.13e-04 3036s
09/16/2026 07:06:22 - INFO - __main__ - Validation Results step 9000: Accuracy 0.90455 (best 0.90455)
09/16/2026 07:06:51 - INFO - __main__ - Training (9100 / 10000 Steps) (loss=0.0216) lr=6.59e-04 3119s
09/16/2026 07:07:20 - INFO - __main__ - Training (9200 / 10000 Steps) (loss=0.0025) lr=5.22e-04 3148s
09/16/2026 07:07:49 - INFO - __main__ - Training (9300 / 10000 Steps) (loss=0.0015) lr=4.00e-04 3177s
09/16/2026 07:08:18 - INFO - __main__ - Training (9400 / 10000 Steps) (loss=0.0026) lr=2.94e-04 3206s
09/16/2026 07:08:47 - INFO - __main__ - Training (9500 / 10000 Steps) (loss=0.0036) lr=2.05e-04 3235s
09/16/2026 07:09:16 - INFO - __main__ - Training (9600 / 10000 Steps) (loss=0.0037) lr=1.31e-04 3263s
09/16/2026 07:09:45 - INFO - __main__ - Training (9700 / 10000 Steps) (loss=0.0037) lr=7.38e-05 3292s
09/16/2026 07:10:14 - INFO - __main__ - Training (9800 / 10000 Steps) (loss=0.0020) lr=3.28e-05 3322s
09/16/2026 07:10:43 - INFO - __main__ - Training (9900 / 10000 Steps) (loss=0.0010) lr=8.20e-06 3351s
09/16/2026 07:11:12 - INFO - __main__ - Training (10000 / 10000 Steps) (loss=0.0011) lr=0.00e+00 3379s
09/16/2026 07:12:05 - INFO - __main__ - Validation Results step 10000: Accuracy 0.90466 (best 0.90466)
09/16/2026 07:12:05 - INFO - __main__ - Best Accuracy: 	0.904662
09/16/2026 07:12:05 - INFO - __main__ - End Training!
