/opt/anaconda3/envs/fal-wyh/lib/python3.9/site-packages/torchvision/transforms/transforms.py:329: UserWarning: Argument 'interpolation' of type int is deprecated since 0.13 and will be removed in 0.15. Please use InterpolationMode enum.
  warnings.warn(
09/16/2026 13:38:27 - INFO - __main__ - Training parameters Namespace(data_root='/home/savo_shen/data_crops/cub/raw', name='cub_raw_224', output_dir='output', pretrained='/home/savo_shen/Programs/FAL-ViT-main-wyh/imagenet21k_ViT-B_16.npz', img_size=224, train_batch_size=16, grad_accum=1, eval_batch_size=128, learning_rate=0.03, weight_decay=0.0, num_steps=10000, warmup_steps=500, eval_every=1000, max_grad_norm=1.0, num_workers=8, seed=42)
09/16/2026 13:38:27 - INFO - __main__ - effective batch = 16
09/16/2026 13:38:27 - INFO - __main__ - classes=200 train=5994 test=5794
09/16/2026 13:38:36 - INFO - __main__ - Training (100 / 10000 Steps) (loss=5.1914) lr=6.00e-03 9s
09/16/2026 13:38:42 - INFO - __main__ - Training (200 / 10000 Steps) (loss=4.7329) lr=1.20e-02 15s
09/16/2026 13:38:48 - INFO - __main__ - Training (300 / 10000 Steps) (loss=3.5841) lr=1.80e-02 21s
09/16/2026 13:38:55 - INFO - __main__ - Training (400 / 10000 Steps) (loss=2.3675) lr=2.40e-02 28s
09/16/2026 13:39:01 - INFO - __main__ - Training (500 / 10000 Steps) (loss=1.5553) lr=3.00e-02 34s
09/16/2026 13:39:07 - INFO - __main__ - Training (600 / 10000 Steps) (loss=0.7080) lr=3.00e-02 40s
09/16/2026 13:39:14 - INFO - __main__ - Training (700 / 10000 Steps) (loss=1.0689) lr=3.00e-02 46s
09/16/2026 13:39:20 - INFO - __main__ - Training (800 / 10000 Steps) (loss=1.0358) lr=2.99e-02 53s
09/16/2026 13:39:26 - INFO - __main__ - Training (900 / 10000 Steps) (loss=0.6601) lr=2.99e-02 59s
09/16/2026 13:39:32 - INFO - __main__ - Training (1000 / 10000 Steps) (loss=0.7426) lr=2.98e-02 65s
09/16/2026 13:39:41 - INFO - __main__ - Validation Results step 1000: Accuracy 0.80152 (best 0.80152)
09/16/2026 13:39:47 - INFO - __main__ - Training (1100 / 10000 Steps) (loss=0.5461) lr=2.97e-02 80s
09/16/2026 13:39:54 - INFO - __main__ - Training (1200 / 10000 Steps) (loss=0.5417) lr=2.96e-02 86s
09/16/2026 13:40:00 - INFO - __main__ - Training (1300 / 10000 Steps) (loss=0.2526) lr=2.95e-02 93s
09/16/2026 13:40:06 - INFO - __main__ - Training (1400 / 10000 Steps) (loss=0.8133) lr=2.93e-02 99s
09/16/2026 13:40:12 - INFO - __main__ - Training (1500 / 10000 Steps) (loss=0.4471) lr=2.92e-02 105s
09/16/2026 13:40:19 - INFO - __main__ - Training (1600 / 10000 Steps) (loss=0.3957) lr=2.90e-02 112s
09/16/2026 13:40:25 - INFO - __main__ - Training (1700 / 10000 Steps) (loss=0.2733) lr=2.88e-02 118s
09/16/2026 13:40:31 - INFO - __main__ - Training (1800 / 10000 Steps) (loss=0.5235) lr=2.86e-02 124s
09/16/2026 13:40:38 - INFO - __main__ - Training (1900 / 10000 Steps) (loss=0.1448) lr=2.84e-02 131s
09/16/2026 13:40:44 - INFO - __main__ - Training (2000 / 10000 Steps) (loss=0.2204) lr=2.82e-02 137s
09/16/2026 13:40:52 - INFO - __main__ - Validation Results step 2000: Accuracy 0.85226 (best 0.85226)
09/16/2026 13:40:58 - INFO - __main__ - Training (2100 / 10000 Steps) (loss=0.2348) lr=2.79e-02 151s
09/16/2026 13:41:04 - INFO - __main__ - Training (2200 / 10000 Steps) (loss=0.8000) lr=2.77e-02 157s
09/16/2026 13:41:11 - INFO - __main__ - Training (2300 / 10000 Steps) (loss=0.4318) lr=2.74e-02 164s
09/16/2026 13:41:17 - INFO - __main__ - Training (2400 / 10000 Steps) (loss=0.1205) lr=2.71e-02 170s
09/16/2026 13:41:23 - INFO - __main__ - Training (2500 / 10000 Steps) (loss=0.3886) lr=2.68e-02 176s
09/16/2026 13:41:30 - INFO - __main__ - Training (2600 / 10000 Steps) (loss=0.2053) lr=2.65e-02 182s
09/16/2026 13:41:36 - INFO - __main__ - Training (2700 / 10000 Steps) (loss=0.2828) lr=2.62e-02 189s
09/16/2026 13:41:42 - INFO - __main__ - Training (2800 / 10000 Steps) (loss=0.4726) lr=2.59e-02 195s
09/16/2026 13:41:49 - INFO - __main__ - Training (2900 / 10000 Steps) (loss=0.3486) lr=2.55e-02 202s
09/16/2026 13:41:56 - INFO - __main__ - Training (3000 / 10000 Steps) (loss=0.2365) lr=2.52e-02 208s
09/16/2026 13:42:03 - INFO - __main__ - Validation Results step 3000: Accuracy 0.85520 (best 0.85520)
09/16/2026 13:42:09 - INFO - __main__ - Training (3100 / 10000 Steps) (loss=0.0881) lr=2.48e-02 222s
09/16/2026 13:42:16 - INFO - __main__ - Training (3200 / 10000 Steps) (loss=0.4099) lr=2.44e-02 229s
09/16/2026 13:42:22 - INFO - __main__ - Training (3300 / 10000 Steps) (loss=0.2175) lr=2.40e-02 235s
09/16/2026 13:42:28 - INFO - __main__ - Training (3400 / 10000 Steps) (loss=0.1188) lr=2.36e-02 241s
09/16/2026 13:42:35 - INFO - __main__ - Training (3500 / 10000 Steps) (loss=0.0094) lr=2.32e-02 247s
09/16/2026 13:42:41 - INFO - __main__ - Training (3600 / 10000 Steps) (loss=0.3969) lr=2.28e-02 254s
09/16/2026 13:42:47 - INFO - __main__ - Training (3700 / 10000 Steps) (loss=0.1720) lr=2.24e-02 260s
09/16/2026 13:42:54 - INFO - __main__ - Training (3800 / 10000 Steps) (loss=0.1323) lr=2.19e-02 266s
09/16/2026 13:43:00 - INFO - __main__ - Training (3900 / 10000 Steps) (loss=0.0715) lr=2.15e-02 273s
09/16/2026 13:43:06 - INFO - __main__ - Training (4000 / 10000 Steps) (loss=0.0218) lr=2.10e-02 279s
09/16/2026 13:43:13 - INFO - __main__ - Validation Results step 4000: Accuracy 0.86710 (best 0.86710)
09/16/2026 13:43:20 - INFO - __main__ - Training (4100 / 10000 Steps) (loss=0.0671) lr=2.06e-02 293s
09/16/2026 13:43:26 - INFO - __main__ - Training (4200 / 10000 Steps) (loss=0.0328) lr=2.01e-02 299s
09/16/2026 13:43:32 - INFO - __main__ - Training (4300 / 10000 Steps) (loss=0.0190) lr=1.96e-02 305s
09/16/2026 13:43:39 - INFO - __main__ - Training (4400 / 10000 Steps) (loss=0.0055) lr=1.92e-02 311s
09/16/2026 13:43:45 - INFO - __main__ - Training (4500 / 10000 Steps) (loss=0.0078) lr=1.87e-02 318s
09/16/2026 13:43:51 - INFO - __main__ - Training (4600 / 10000 Steps) (loss=0.0101) lr=1.82e-02 324s
09/16/2026 13:43:58 - INFO - __main__ - Training (4700 / 10000 Steps) (loss=0.0090) lr=1.77e-02 331s
09/16/2026 13:44:04 - INFO - __main__ - Training (4800 / 10000 Steps) (loss=0.0216) lr=1.72e-02 337s
09/16/2026 13:44:11 - INFO - __main__ - Training (4900 / 10000 Steps) (loss=0.0107) lr=1.67e-02 344s
09/16/2026 13:44:17 - INFO - __main__ - Training (5000 / 10000 Steps) (loss=0.0090) lr=1.62e-02 350s
09/16/2026 13:44:24 - INFO - __main__ - Validation Results step 5000: Accuracy 0.87625 (best 0.87625)
09/16/2026 13:44:31 - INFO - __main__ - Training (5100 / 10000 Steps) (loss=0.0122) lr=1.57e-02 364s
09/16/2026 13:44:37 - INFO - __main__ - Training (5200 / 10000 Steps) (loss=0.0117) lr=1.52e-02 370s
09/16/2026 13:44:44 - INFO - __main__ - Training (5300 / 10000 Steps) (loss=0.0162) lr=1.48e-02 377s
09/16/2026 13:44:50 - INFO - __main__ - Training (5400 / 10000 Steps) (loss=0.0102) lr=1.43e-02 383s
09/16/2026 13:44:56 - INFO - __main__ - Training (5500 / 10000 Steps) (loss=0.0098) lr=1.38e-02 389s
09/16/2026 13:45:03 - INFO - __main__ - Training (5600 / 10000 Steps) (loss=0.0536) lr=1.33e-02 396s
09/16/2026 13:45:10 - INFO - __main__ - Training (5700 / 10000 Steps) (loss=0.0084) lr=1.28e-02 403s
09/16/2026 13:45:16 - INFO - __main__ - Training (5800 / 10000 Steps) (loss=0.0021) lr=1.23e-02 409s
09/16/2026 13:45:22 - INFO - __main__ - Training (5900 / 10000 Steps) (loss=0.0113) lr=1.18e-02 415s
09/16/2026 13:45:29 - INFO - __main__ - Training (6000 / 10000 Steps) (loss=0.0028) lr=1.13e-02 421s
09/16/2026 13:45:36 - INFO - __main__ - Validation Results step 6000: Accuracy 0.87642 (best 0.87642)
09/16/2026 13:45:42 - INFO - __main__ - Training (6100 / 10000 Steps) (loss=0.0054) lr=1.08e-02 435s
09/16/2026 13:45:50 - INFO - __main__ - Training (6200 / 10000 Steps) (loss=0.0031) lr=1.04e-02 442s
09/16/2026 13:45:56 - INFO - __main__ - Training (6300 / 10000 Steps) (loss=0.0042) lr=9.90e-03 449s
09/16/2026 13:46:03 - INFO - __main__ - Training (6400 / 10000 Steps) (loss=0.0274) lr=9.43e-03 456s
09/16/2026 13:46:09 - INFO - __main__ - Training (6500 / 10000 Steps) (loss=0.0238) lr=8.97e-03 462s
09/16/2026 13:46:16 - INFO - __main__ - Training (6600 / 10000 Steps) (loss=0.0201) lr=8.52e-03 468s
09/16/2026 13:46:22 - INFO - __main__ - Training (6700 / 10000 Steps) (loss=0.0015) lr=8.08e-03 475s
09/16/2026 13:46:29 - INFO - __main__ - Training (6800 / 10000 Steps) (loss=0.0012) lr=7.64e-03 481s
09/16/2026 13:46:35 - INFO - __main__ - Training (6900 / 10000 Steps) (loss=0.0013) lr=7.22e-03 488s
09/16/2026 13:46:41 - INFO - __main__ - Training (7000 / 10000 Steps) (loss=0.0055) lr=6.80e-03 494s
09/16/2026 13:46:49 - INFO - __main__ - Validation Results step 7000: Accuracy 0.88436 (best 0.88436)
09/16/2026 13:46:55 - INFO - __main__ - Training (7100 / 10000 Steps) (loss=0.0061) lr=6.39e-03 508s
09/16/2026 13:47:02 - INFO - __main__ - Training (7200 / 10000 Steps) (loss=0.0009) lr=5.98e-03 515s
09/16/2026 13:47:09 - INFO - __main__ - Training (7300 / 10000 Steps) (loss=0.0045) lr=5.59e-03 521s
09/16/2026 13:47:15 - INFO - __main__ - Training (7400 / 10000 Steps) (loss=0.0017) lr=5.21e-03 528s
09/16/2026 13:47:22 - INFO - __main__ - Training (7500 / 10000 Steps) (loss=0.0012) lr=4.84e-03 534s
09/16/2026 13:47:28 - INFO - __main__ - Training (7600 / 10000 Steps) (loss=0.0099) lr=4.48e-03 541s
09/16/2026 13:47:34 - INFO - __main__ - Training (7700 / 10000 Steps) (loss=0.0025) lr=4.13e-03 547s
09/16/2026 13:47:41 - INFO - __main__ - Training (7800 / 10000 Steps) (loss=0.0019) lr=3.80e-03 553s
09/16/2026 13:47:47 - INFO - __main__ - Training (7900 / 10000 Steps) (loss=0.0053) lr=3.47e-03 560s
09/16/2026 13:47:53 - INFO - __main__ - Training (8000 / 10000 Steps) (loss=0.0009) lr=3.16e-03 566s
09/16/2026 13:48:01 - INFO - __main__ - Validation Results step 8000: Accuracy 0.88298 (best 0.88436)
09/16/2026 13:48:07 - INFO - __main__ - Training (8100 / 10000 Steps) (loss=0.0013) lr=2.86e-03 580s
09/16/2026 13:48:14 - INFO - __main__ - Training (8200 / 10000 Steps) (loss=0.0018) lr=2.58e-03 586s
09/16/2026 13:48:20 - INFO - __main__ - Training (8300 / 10000 Steps) (loss=0.0039) lr=2.31e-03 593s
09/16/2026 13:48:26 - INFO - __main__ - Training (8400 / 10000 Steps) (loss=0.0053) lr=2.05e-03 599s
09/16/2026 13:48:33 - INFO - __main__ - Training (8500 / 10000 Steps) (loss=0.0040) lr=1.81e-03 605s
09/16/2026 13:48:39 - INFO - __main__ - Training (8600 / 10000 Steps) (loss=0.0029) lr=1.58e-03 612s
09/16/2026 13:48:45 - INFO - __main__ - Training (8700 / 10000 Steps) (loss=0.0037) lr=1.36e-03 618s
09/16/2026 13:48:52 - INFO - __main__ - Training (8800 / 10000 Steps) (loss=0.0020) lr=1.17e-03 624s
09/16/2026 13:48:58 - INFO - __main__ - Training (8900 / 10000 Steps) (loss=0.0014) lr=9.82e-04 631s
09/16/2026 13:49:04 - INFO - __main__ - Training (9000 / 10000 Steps) (loss=0.0021) lr=8.13e-04 637s
09/16/2026 13:49:12 - INFO - __main__ - Validation Results step 9000: Accuracy 0.88419 (best 0.88436)
09/16/2026 13:49:18 - INFO - __main__ - Training (9100 / 10000 Steps) (loss=0.0008) lr=6.59e-04 651s
09/16/2026 13:49:24 - INFO - __main__ - Training (9200 / 10000 Steps) (loss=0.0017) lr=5.22e-04 657s
09/16/2026 13:49:31 - INFO - __main__ - Training (9300 / 10000 Steps) (loss=0.0032) lr=4.00e-04 664s
09/16/2026 13:49:37 - INFO - __main__ - Training (9400 / 10000 Steps) (loss=0.0012) lr=2.94e-04 670s
09/16/2026 13:49:43 - INFO - __main__ - Training (9500 / 10000 Steps) (loss=0.0012) lr=2.05e-04 676s
09/16/2026 13:49:50 - INFO - __main__ - Training (9600 / 10000 Steps) (loss=0.0012) lr=1.31e-04 682s
09/16/2026 13:49:56 - INFO - __main__ - Training (9700 / 10000 Steps) (loss=0.0027) lr=7.38e-05 689s
09/16/2026 13:50:02 - INFO - __main__ - Training (9800 / 10000 Steps) (loss=0.0012) lr=3.28e-05 695s
09/16/2026 13:50:09 - INFO - __main__ - Training (9900 / 10000 Steps) (loss=0.0034) lr=8.20e-06 701s
09/16/2026 13:50:15 - INFO - __main__ - Training (10000 / 10000 Steps) (loss=0.0018) lr=0.00e+00 708s
09/16/2026 13:50:22 - INFO - __main__ - Validation Results step 10000: Accuracy 0.88419 (best 0.88436)
09/16/2026 13:50:22 - INFO - __main__ - Best Accuracy: 	0.884363
09/16/2026 13:50:22 - INFO - __main__ - End Training!
