/opt/anaconda3/envs/fal-wyh/lib/python3.9/site-packages/torchvision/transforms/transforms.py:329: UserWarning: Argument 'interpolation' of type int is deprecated since 0.13 and will be removed in 0.15. Please use InterpolationMode enum.
  warnings.warn(
09/16/2026 02:48:51 - INFO - models.modeling - load_pretrained: resized variant: torch.Size([1, 197, 768]) to torch.Size([1, 785, 768])
09/16/2026 02:48:53 - INFO - __main__ - Training parameters Namespace(data_root='/home/savo_shen/data_crops/car/dinov3_sq', name='car_dinov3_sq', output_dir='output', pretrained='/home/savo_shen/Programs/FAL-ViT-main-wyh/imagenet21k_ViT-B_16.npz', img_size=448, train_batch_size=16, grad_accum=1, eval_batch_size=64, learning_rate=0.03, weight_decay=0.0, num_steps=10000, warmup_steps=500, eval_every=1000, max_grad_norm=1.0, num_workers=8, seed=42)
09/16/2026 02:48:53 - INFO - __main__ - effective batch = 16
09/16/2026 02:48:53 - INFO - __main__ - classes=196 train=8144 test=8041
load_pretrained: grid-size from 14 to 28
09/16/2026 02:49:48 - INFO - __main__ - Training (100 / 10000 Steps) (loss=5.2493) lr=6.00e-03 55s
09/16/2026 02:50:50 - INFO - __main__ - Training (200 / 10000 Steps) (loss=5.0969) lr=1.20e-02 117s
09/16/2026 02:51:52 - INFO - __main__ - Training (300 / 10000 Steps) (loss=4.5869) lr=1.80e-02 180s
09/16/2026 02:52:54 - INFO - __main__ - Training (400 / 10000 Steps) (loss=4.2064) lr=2.40e-02 241s
09/16/2026 02:53:57 - INFO - __main__ - Training (500 / 10000 Steps) (loss=3.8352) lr=3.00e-02 304s
09/16/2026 02:54:59 - INFO - __main__ - Training (600 / 10000 Steps) (loss=3.7064) lr=3.00e-02 366s
09/16/2026 02:56:01 - INFO - __main__ - Training (700 / 10000 Steps) (loss=3.4127) lr=3.00e-02 429s
09/16/2026 02:57:04 - INFO - __main__ - Training (800 / 10000 Steps) (loss=2.9562) lr=2.99e-02 491s
09/16/2026 02:58:06 - INFO - __main__ - Training (900 / 10000 Steps) (loss=2.4034) lr=2.99e-02 553s
09/16/2026 02:59:01 - INFO - __main__ - Training (1000 / 10000 Steps) (loss=2.2039) lr=2.98e-02 608s
09/16/2026 03:00:42 - INFO - __main__ - Validation Results step 1000: Accuracy 0.38304 (best 0.38304)
09/16/2026 03:01:47 - INFO - __main__ - Training (1100 / 10000 Steps) (loss=1.6446) lr=2.97e-02 774s
09/16/2026 03:02:51 - INFO - __main__ - Training (1200 / 10000 Steps) (loss=1.9504) lr=2.96e-02 838s
09/16/2026 03:03:55 - INFO - __main__ - Training (1300 / 10000 Steps) (loss=2.2256) lr=2.95e-02 902s
09/16/2026 03:04:59 - INFO - __main__ - Training (1400 / 10000 Steps) (loss=1.3455) lr=2.93e-02 967s
09/16/2026 03:06:03 - INFO - __main__ - Training (1500 / 10000 Steps) (loss=1.2155) lr=2.92e-02 1031s
09/16/2026 03:07:08 - INFO - __main__ - Training (1600 / 10000 Steps) (loss=1.1756) lr=2.90e-02 1095s
09/16/2026 03:08:12 - INFO - __main__ - Training (1700 / 10000 Steps) (loss=1.1543) lr=2.88e-02 1159s
09/16/2026 03:09:16 - INFO - __main__ - Training (1800 / 10000 Steps) (loss=1.0691) lr=2.86e-02 1223s
09/16/2026 03:10:20 - INFO - __main__ - Training (1900 / 10000 Steps) (loss=1.1389) lr=2.84e-02 1287s
09/16/2026 03:11:24 - INFO - __main__ - Training (2000 / 10000 Steps) (loss=1.2407) lr=2.82e-02 1351s
09/16/2026 03:13:11 - INFO - __main__ - Validation Results step 2000: Accuracy 0.71670 (best 0.71670)
09/16/2026 03:14:16 - INFO - __main__ - Training (2100 / 10000 Steps) (loss=1.1207) lr=2.79e-02 1523s
09/16/2026 03:15:20 - INFO - __main__ - Training (2200 / 10000 Steps) (loss=0.9676) lr=2.77e-02 1587s
09/16/2026 03:16:24 - INFO - __main__ - Training (2300 / 10000 Steps) (loss=0.8252) lr=2.74e-02 1651s
09/16/2026 03:17:28 - INFO - __main__ - Training (2400 / 10000 Steps) (loss=0.7683) lr=2.71e-02 1715s
09/16/2026 03:18:32 - INFO - __main__ - Training (2500 / 10000 Steps) (loss=0.7170) lr=2.68e-02 1779s
09/16/2026 03:19:37 - INFO - __main__ - Training (2600 / 10000 Steps) (loss=0.6686) lr=2.65e-02 1844s
09/16/2026 03:20:41 - INFO - __main__ - Training (2700 / 10000 Steps) (loss=0.5461) lr=2.62e-02 1908s
09/16/2026 03:21:45 - INFO - __main__ - Training (2800 / 10000 Steps) (loss=0.8446) lr=2.59e-02 1973s
09/16/2026 03:22:28 - INFO - __main__ - Training (2900 / 10000 Steps) (loss=0.5999) lr=2.55e-02 2016s
09/16/2026 03:23:31 - INFO - __main__ - Training (3000 / 10000 Steps) (loss=0.5283) lr=2.52e-02 2079s
09/16/2026 03:25:17 - INFO - __main__ - Validation Results step 3000: Accuracy 0.80239 (best 0.80239)
09/16/2026 03:26:21 - INFO - __main__ - Training (3100 / 10000 Steps) (loss=0.2996) lr=2.48e-02 2248s
09/16/2026 03:27:24 - INFO - __main__ - Training (3200 / 10000 Steps) (loss=0.5583) lr=2.44e-02 2311s
09/16/2026 03:28:27 - INFO - __main__ - Training (3300 / 10000 Steps) (loss=0.3029) lr=2.40e-02 2374s
09/16/2026 03:29:31 - INFO - __main__ - Training (3400 / 10000 Steps) (loss=0.2719) lr=2.36e-02 2438s
09/16/2026 03:30:34 - INFO - __main__ - Training (3500 / 10000 Steps) (loss=0.2791) lr=2.32e-02 2501s
09/16/2026 03:31:38 - INFO - __main__ - Training (3600 / 10000 Steps) (loss=0.1998) lr=2.28e-02 2565s
09/16/2026 03:32:41 - INFO - __main__ - Training (3700 / 10000 Steps) (loss=0.1501) lr=2.24e-02 2629s
09/16/2026 03:33:45 - INFO - __main__ - Training (3800 / 10000 Steps) (loss=0.2815) lr=2.19e-02 2692s
09/16/2026 03:34:48 - INFO - __main__ - Training (3900 / 10000 Steps) (loss=0.2262) lr=2.15e-02 2756s
09/16/2026 03:35:52 - INFO - __main__ - Training (4000 / 10000 Steps) (loss=0.3444) lr=2.10e-02 2819s
09/16/2026 03:37:37 - INFO - __main__ - Validation Results step 4000: Accuracy 0.83609 (best 0.83609)
09/16/2026 03:38:41 - INFO - __main__ - Training (4100 / 10000 Steps) (loss=0.2059) lr=2.06e-02 2989s
09/16/2026 03:39:45 - INFO - __main__ - Training (4200 / 10000 Steps) (loss=0.1182) lr=2.01e-02 3052s
09/16/2026 03:40:48 - INFO - __main__ - Training (4300 / 10000 Steps) (loss=0.1577) lr=1.96e-02 3116s
09/16/2026 03:41:52 - INFO - __main__ - Training (4400 / 10000 Steps) (loss=0.4119) lr=1.92e-02 3179s
09/16/2026 03:42:55 - INFO - __main__ - Training (4500 / 10000 Steps) (loss=0.2113) lr=1.87e-02 3243s
09/16/2026 03:43:59 - INFO - __main__ - Training (4600 / 10000 Steps) (loss=0.2024) lr=1.82e-02 3306s
09/16/2026 03:45:02 - INFO - __main__ - Training (4700 / 10000 Steps) (loss=0.0492) lr=1.77e-02 3370s
09/16/2026 03:46:05 - INFO - __main__ - Training (4800 / 10000 Steps) (loss=0.1435) lr=1.72e-02 3433s
09/16/2026 03:47:09 - INFO - __main__ - Training (4900 / 10000 Steps) (loss=0.1830) lr=1.67e-02 3496s
09/16/2026 03:48:12 - INFO - __main__ - Training (5000 / 10000 Steps) (loss=0.2628) lr=1.62e-02 3560s
09/16/2026 03:49:59 - INFO - __main__ - Validation Results step 5000: Accuracy 0.85126 (best 0.85126)
09/16/2026 03:51:03 - INFO - __main__ - Training (5100 / 10000 Steps) (loss=0.1012) lr=1.57e-02 3731s
09/16/2026 03:52:07 - INFO - __main__ - Training (5200 / 10000 Steps) (loss=0.1410) lr=1.52e-02 3794s
09/16/2026 03:53:10 - INFO - __main__ - Training (5300 / 10000 Steps) (loss=0.0534) lr=1.48e-02 3857s
09/16/2026 03:53:53 - INFO - __main__ - Training (5400 / 10000 Steps) (loss=0.0327) lr=1.43e-02 3900s
09/16/2026 03:54:22 - INFO - __main__ - Training (5500 / 10000 Steps) (loss=0.0593) lr=1.38e-02 3929s
09/16/2026 03:54:51 - INFO - __main__ - Training (5600 / 10000 Steps) (loss=0.0272) lr=1.33e-02 3958s
09/16/2026 03:55:20 - INFO - __main__ - Training (5700 / 10000 Steps) (loss=0.0188) lr=1.28e-02 3987s
09/16/2026 03:55:49 - INFO - __main__ - Training (5800 / 10000 Steps) (loss=0.2092) lr=1.23e-02 4016s
09/16/2026 03:56:18 - INFO - __main__ - Training (5900 / 10000 Steps) (loss=0.0381) lr=1.18e-02 4045s
09/16/2026 03:56:47 - INFO - __main__ - Training (6000 / 10000 Steps) (loss=0.1131) lr=1.13e-02 4074s
09/16/2026 03:57:37 - INFO - __main__ - Validation Results step 6000: Accuracy 0.87128 (best 0.87128)
09/16/2026 03:58:06 - INFO - __main__ - Training (6100 / 10000 Steps) (loss=0.0278) lr=1.08e-02 4153s
09/16/2026 03:58:35 - INFO - __main__ - Training (6200 / 10000 Steps) (loss=0.0208) lr=1.04e-02 4183s
09/16/2026 03:59:04 - INFO - __main__ - Training (6300 / 10000 Steps) (loss=0.0467) lr=9.90e-03 4212s
09/16/2026 03:59:33 - INFO - __main__ - Training (6400 / 10000 Steps) (loss=0.0132) lr=9.43e-03 4241s
09/16/2026 04:00:02 - INFO - __main__ - Training (6500 / 10000 Steps) (loss=0.0259) lr=8.97e-03 4270s
09/16/2026 04:00:31 - INFO - __main__ - Training (6600 / 10000 Steps) (loss=0.0099) lr=8.52e-03 4299s
09/16/2026 04:01:01 - INFO - __main__ - Training (6700 / 10000 Steps) (loss=0.1218) lr=8.08e-03 4328s
09/16/2026 04:01:30 - INFO - __main__ - Training (6800 / 10000 Steps) (loss=0.0463) lr=7.64e-03 4357s
09/16/2026 04:01:59 - INFO - __main__ - Training (6900 / 10000 Steps) (loss=0.1002) lr=7.22e-03 4386s
09/16/2026 04:02:28 - INFO - __main__ - Training (7000 / 10000 Steps) (loss=0.0112) lr=6.80e-03 4415s
09/16/2026 04:03:17 - INFO - __main__ - Validation Results step 7000: Accuracy 0.88011 (best 0.88011)
09/16/2026 04:03:46 - INFO - __main__ - Training (7100 / 10000 Steps) (loss=0.0083) lr=6.39e-03 4493s
09/16/2026 04:04:15 - INFO - __main__ - Training (7200 / 10000 Steps) (loss=0.0228) lr=5.98e-03 4523s
09/16/2026 04:04:44 - INFO - __main__ - Training (7300 / 10000 Steps) (loss=0.0039) lr=5.59e-03 4552s
09/16/2026 04:05:13 - INFO - __main__ - Training (7400 / 10000 Steps) (loss=0.0086) lr=5.21e-03 4581s
09/16/2026 04:05:42 - INFO - __main__ - Training (7500 / 10000 Steps) (loss=0.0139) lr=4.84e-03 4610s
09/16/2026 04:06:11 - INFO - __main__ - Training (7600 / 10000 Steps) (loss=0.0199) lr=4.48e-03 4639s
09/16/2026 04:06:41 - INFO - __main__ - Training (7700 / 10000 Steps) (loss=0.0072) lr=4.13e-03 4668s
09/16/2026 04:07:10 - INFO - __main__ - Training (7800 / 10000 Steps) (loss=0.0181) lr=3.80e-03 4697s
09/16/2026 04:07:39 - INFO - __main__ - Training (7900 / 10000 Steps) (loss=0.0059) lr=3.47e-03 4726s
09/16/2026 04:08:08 - INFO - __main__ - Training (8000 / 10000 Steps) (loss=0.0053) lr=3.16e-03 4755s
09/16/2026 04:08:57 - INFO - __main__ - Validation Results step 8000: Accuracy 0.88782 (best 0.88782)
09/16/2026 04:09:26 - INFO - __main__ - Training (8100 / 10000 Steps) (loss=0.0077) lr=2.86e-03 4833s
09/16/2026 04:09:55 - INFO - __main__ - Training (8200 / 10000 Steps) (loss=0.0033) lr=2.58e-03 4863s
09/16/2026 04:10:24 - INFO - __main__ - Training (8300 / 10000 Steps) (loss=0.0126) lr=2.31e-03 4892s
09/16/2026 04:10:53 - INFO - __main__ - Training (8400 / 10000 Steps) (loss=0.0276) lr=2.05e-03 4921s
09/16/2026 04:11:22 - INFO - __main__ - Training (8500 / 10000 Steps) (loss=0.0024) lr=1.81e-03 4950s
09/16/2026 04:11:51 - INFO - __main__ - Training (8600 / 10000 Steps) (loss=0.0129) lr=1.58e-03 4979s
09/16/2026 04:12:21 - INFO - __main__ - Training (8700 / 10000 Steps) (loss=0.0278) lr=1.36e-03 5008s
09/16/2026 04:12:50 - INFO - __main__ - Training (8800 / 10000 Steps) (loss=0.0210) lr=1.17e-03 5037s
09/16/2026 04:13:19 - INFO - __main__ - Training (8900 / 10000 Steps) (loss=0.0075) lr=9.82e-04 5066s
09/16/2026 04:13:48 - INFO - __main__ - Training (9000 / 10000 Steps) (loss=0.0161) lr=8.13e-04 5095s
09/16/2026 04:14:38 - INFO - __main__ - Validation Results step 9000: Accuracy 0.88795 (best 0.88795)
09/16/2026 04:15:07 - INFO - __main__ - Training (9100 / 10000 Steps) (loss=0.0691) lr=6.59e-04 5174s
09/16/2026 04:15:36 - INFO - __main__ - Training (9200 / 10000 Steps) (loss=0.0469) lr=5.22e-04 5204s
09/16/2026 04:16:05 - INFO - __main__ - Training (9300 / 10000 Steps) (loss=0.0064) lr=4.00e-04 5233s
09/16/2026 04:16:34 - INFO - __main__ - Training (9400 / 10000 Steps) (loss=0.0063) lr=2.94e-04 5262s
09/16/2026 04:17:03 - INFO - __main__ - Training (9500 / 10000 Steps) (loss=0.0079) lr=2.05e-04 5291s
09/16/2026 04:17:32 - INFO - __main__ - Training (9600 / 10000 Steps) (loss=0.0123) lr=1.31e-04 5320s
09/16/2026 04:18:02 - INFO - __main__ - Training (9700 / 10000 Steps) (loss=0.0043) lr=7.38e-05 5349s
09/16/2026 04:18:31 - INFO - __main__ - Training (9800 / 10000 Steps) (loss=0.0096) lr=3.28e-05 5378s
09/16/2026 04:19:00 - INFO - __main__ - Training (9900 / 10000 Steps) (loss=0.0418) lr=8.20e-06 5407s
09/16/2026 04:19:29 - INFO - __main__ - Training (10000 / 10000 Steps) (loss=0.0064) lr=0.00e+00 5436s
09/16/2026 04:20:18 - INFO - __main__ - Validation Results step 10000: Accuracy 0.88907 (best 0.88907)
09/16/2026 04:20:18 - INFO - __main__ - Best Accuracy: 	0.889069
09/16/2026 04:20:18 - INFO - __main__ - End Training!
