/opt/anaconda3/envs/fal-wyh/lib/python3.9/site-packages/torchvision/transforms/transforms.py:329: UserWarning: Argument 'interpolation' of type int is deprecated since 0.13 and will be removed in 0.15. Please use InterpolationMode enum.
  warnings.warn(
09/16/2026 07:12:13 - INFO - models.modeling - load_pretrained: resized variant: torch.Size([1, 197, 768]) to torch.Size([1, 785, 768])
09/16/2026 07:12:15 - INFO - __main__ - Training parameters Namespace(data_root='/home/savo_shen/data_crops/nabirds/raw', name='nabirds_raw', output_dir='output', pretrained='/home/savo_shen/Programs/FAL-ViT-main-wyh/imagenet21k_ViT-B_16.npz', img_size=448, train_batch_size=16, grad_accum=1, eval_batch_size=64, learning_rate=0.03, weight_decay=0.0, num_steps=10000, warmup_steps=500, eval_every=1000, max_grad_norm=1.0, num_workers=8, seed=42)
09/16/2026 07:12:15 - INFO - __main__ - effective batch = 16
09/16/2026 07:12:15 - INFO - __main__ - classes=555 train=23929 test=24633
load_pretrained: grid-size from 14 to 28
09/16/2026 07:12:46 - INFO - __main__ - Training (100 / 10000 Steps) (loss=6.2754) lr=6.00e-03 32s
09/16/2026 07:13:15 - INFO - __main__ - Training (200 / 10000 Steps) (loss=6.0696) lr=1.20e-02 61s
09/16/2026 07:13:44 - INFO - __main__ - Training (300 / 10000 Steps) (loss=5.5566) lr=1.80e-02 90s
09/16/2026 07:14:13 - INFO - __main__ - Training (400 / 10000 Steps) (loss=4.7914) lr=2.40e-02 118s
09/16/2026 07:14:42 - INFO - __main__ - Training (500 / 10000 Steps) (loss=3.3534) lr=3.00e-02 147s
09/16/2026 07:15:11 - INFO - __main__ - Training (600 / 10000 Steps) (loss=2.9979) lr=3.00e-02 176s
09/16/2026 07:15:40 - INFO - __main__ - Training (700 / 10000 Steps) (loss=1.9976) lr=3.00e-02 205s
09/16/2026 07:16:09 - INFO - __main__ - Training (800 / 10000 Steps) (loss=1.7322) lr=2.99e-02 234s
09/16/2026 07:16:38 - INFO - __main__ - Training (900 / 10000 Steps) (loss=1.6949) lr=2.99e-02 263s
09/16/2026 07:17:07 - INFO - __main__ - Training (1000 / 10000 Steps) (loss=1.1279) lr=2.98e-02 292s
09/16/2026 07:19:37 - INFO - __main__ - Validation Results step 1000: Accuracy 0.63963 (best 0.63963)
09/16/2026 07:20:06 - INFO - __main__ - Training (1100 / 10000 Steps) (loss=1.8445) lr=2.97e-02 472s
09/16/2026 07:20:35 - INFO - __main__ - Training (1200 / 10000 Steps) (loss=0.8773) lr=2.96e-02 501s
09/16/2026 07:21:04 - INFO - __main__ - Training (1300 / 10000 Steps) (loss=1.2080) lr=2.95e-02 530s
09/16/2026 07:21:33 - INFO - __main__ - Training (1400 / 10000 Steps) (loss=1.2184) lr=2.93e-02 559s
09/16/2026 07:22:03 - INFO - __main__ - Training (1500 / 10000 Steps) (loss=0.6342) lr=2.92e-02 588s
09/16/2026 07:22:32 - INFO - __main__ - Training (1600 / 10000 Steps) (loss=0.6907) lr=2.90e-02 617s
09/16/2026 07:23:01 - INFO - __main__ - Training (1700 / 10000 Steps) (loss=0.6020) lr=2.88e-02 646s
09/16/2026 07:23:29 - INFO - __main__ - Training (1800 / 10000 Steps) (loss=1.0856) lr=2.86e-02 675s
09/16/2026 07:23:58 - INFO - __main__ - Training (1900 / 10000 Steps) (loss=0.7805) lr=2.84e-02 704s
09/16/2026 07:24:27 - INFO - __main__ - Training (2000 / 10000 Steps) (loss=0.4521) lr=2.82e-02 733s
09/16/2026 07:26:56 - INFO - __main__ - Validation Results step 2000: Accuracy 0.79061 (best 0.79061)
09/16/2026 07:27:25 - INFO - __main__ - Training (2100 / 10000 Steps) (loss=0.4137) lr=2.79e-02 910s
09/16/2026 07:27:54 - INFO - __main__ - Training (2200 / 10000 Steps) (loss=0.5010) lr=2.77e-02 939s
09/16/2026 07:28:23 - INFO - __main__ - Training (2300 / 10000 Steps) (loss=0.7606) lr=2.74e-02 968s
09/16/2026 07:28:52 - INFO - __main__ - Training (2400 / 10000 Steps) (loss=0.6575) lr=2.71e-02 997s
09/16/2026 07:29:21 - INFO - __main__ - Training (2500 / 10000 Steps) (loss=0.3804) lr=2.68e-02 1026s
09/16/2026 07:29:50 - INFO - __main__ - Training (2600 / 10000 Steps) (loss=0.5376) lr=2.65e-02 1055s
09/16/2026 07:30:19 - INFO - __main__ - Training (2700 / 10000 Steps) (loss=0.6889) lr=2.62e-02 1084s
09/16/2026 07:30:48 - INFO - __main__ - Training (2800 / 10000 Steps) (loss=0.2392) lr=2.59e-02 1113s
09/16/2026 07:31:17 - INFO - __main__ - Training (2900 / 10000 Steps) (loss=0.6554) lr=2.55e-02 1142s
09/16/2026 07:31:46 - INFO - __main__ - Training (3000 / 10000 Steps) (loss=0.3041) lr=2.52e-02 1171s
09/16/2026 07:34:14 - INFO - __main__ - Validation Results step 3000: Accuracy 0.83599 (best 0.83599)
09/16/2026 07:34:43 - INFO - __main__ - Training (3100 / 10000 Steps) (loss=0.4122) lr=2.48e-02 1348s
09/16/2026 07:35:12 - INFO - __main__ - Training (3200 / 10000 Steps) (loss=0.3457) lr=2.44e-02 1377s
09/16/2026 07:35:41 - INFO - __main__ - Training (3300 / 10000 Steps) (loss=0.5188) lr=2.40e-02 1406s
09/16/2026 07:36:10 - INFO - __main__ - Training (3400 / 10000 Steps) (loss=0.4619) lr=2.36e-02 1435s
09/16/2026 07:36:39 - INFO - __main__ - Training (3500 / 10000 Steps) (loss=0.3271) lr=2.32e-02 1464s
09/16/2026 07:37:08 - INFO - __main__ - Training (3600 / 10000 Steps) (loss=0.3682) lr=2.28e-02 1493s
09/16/2026 07:37:37 - INFO - __main__ - Training (3700 / 10000 Steps) (loss=0.4179) lr=2.24e-02 1522s
09/16/2026 07:38:06 - INFO - __main__ - Training (3800 / 10000 Steps) (loss=0.4031) lr=2.19e-02 1551s
09/16/2026 07:38:35 - INFO - __main__ - Training (3900 / 10000 Steps) (loss=0.6898) lr=2.15e-02 1580s
09/16/2026 07:39:04 - INFO - __main__ - Training (4000 / 10000 Steps) (loss=0.0711) lr=2.10e-02 1609s
09/16/2026 07:41:32 - INFO - __main__ - Validation Results step 4000: Accuracy 0.85597 (best 0.85597)
09/16/2026 07:42:01 - INFO - __main__ - Training (4100 / 10000 Steps) (loss=0.3122) lr=2.06e-02 1787s
09/16/2026 07:42:30 - INFO - __main__ - Training (4200 / 10000 Steps) (loss=0.3315) lr=2.01e-02 1815s
09/16/2026 07:42:59 - INFO - __main__ - Training (4300 / 10000 Steps) (loss=0.2729) lr=1.96e-02 1844s
09/16/2026 07:43:28 - INFO - __main__ - Training (4400 / 10000 Steps) (loss=0.4711) lr=1.92e-02 1873s
09/16/2026 07:43:57 - INFO - __main__ - Training (4500 / 10000 Steps) (loss=0.0502) lr=1.87e-02 1903s
09/16/2026 07:44:26 - INFO - __main__ - Training (4600 / 10000 Steps) (loss=0.0787) lr=1.82e-02 1932s
09/16/2026 07:44:55 - INFO - __main__ - Training (4700 / 10000 Steps) (loss=0.4146) lr=1.77e-02 1961s
09/16/2026 07:45:24 - INFO - __main__ - Training (4800 / 10000 Steps) (loss=0.5044) lr=1.72e-02 1990s
09/16/2026 07:45:53 - INFO - __main__ - Training (4900 / 10000 Steps) (loss=0.2328) lr=1.67e-02 2018s
09/16/2026 07:46:22 - INFO - __main__ - Training (5000 / 10000 Steps) (loss=0.1453) lr=1.62e-02 2047s
09/16/2026 07:48:51 - INFO - __main__ - Validation Results step 5000: Accuracy 0.86015 (best 0.86015)
09/16/2026 07:49:20 - INFO - __main__ - Training (5100 / 10000 Steps) (loss=0.2880) lr=1.57e-02 2225s
09/16/2026 07:49:49 - INFO - __main__ - Training (5200 / 10000 Steps) (loss=0.1511) lr=1.52e-02 2254s
09/16/2026 07:50:18 - INFO - __main__ - Training (5300 / 10000 Steps) (loss=0.1791) lr=1.48e-02 2283s
09/16/2026 07:50:47 - INFO - __main__ - Training (5400 / 10000 Steps) (loss=0.1857) lr=1.43e-02 2312s
09/16/2026 07:51:16 - INFO - __main__ - Training (5500 / 10000 Steps) (loss=0.2271) lr=1.38e-02 2341s
09/16/2026 07:51:45 - INFO - __main__ - Training (5600 / 10000 Steps) (loss=0.1192) lr=1.33e-02 2370s
09/16/2026 07:52:13 - INFO - __main__ - Training (5700 / 10000 Steps) (loss=0.3121) lr=1.28e-02 2399s
09/16/2026 07:52:42 - INFO - __main__ - Training (5800 / 10000 Steps) (loss=0.1862) lr=1.23e-02 2428s
09/16/2026 07:53:11 - INFO - __main__ - Training (5900 / 10000 Steps) (loss=0.1240) lr=1.18e-02 2457s
09/16/2026 07:53:41 - INFO - __main__ - Training (6000 / 10000 Steps) (loss=0.1327) lr=1.13e-02 2486s
09/16/2026 07:56:09 - INFO - __main__ - Validation Results step 6000: Accuracy 0.88089 (best 0.88089)
09/16/2026 07:56:38 - INFO - __main__ - Training (6100 / 10000 Steps) (loss=0.0831) lr=1.08e-02 2664s
09/16/2026 07:57:07 - INFO - __main__ - Training (6200 / 10000 Steps) (loss=0.0365) lr=1.04e-02 2693s
09/16/2026 07:57:36 - INFO - __main__ - Training (6300 / 10000 Steps) (loss=0.0711) lr=9.90e-03 2722s
09/16/2026 07:58:05 - INFO - __main__ - Training (6400 / 10000 Steps) (loss=0.1404) lr=9.43e-03 2750s
09/16/2026 07:58:34 - INFO - __main__ - Training (6500 / 10000 Steps) (loss=0.0966) lr=8.97e-03 2779s
09/16/2026 07:59:03 - INFO - __main__ - Training (6600 / 10000 Steps) (loss=0.3263) lr=8.52e-03 2808s
09/16/2026 07:59:32 - INFO - __main__ - Training (6700 / 10000 Steps) (loss=0.5430) lr=8.08e-03 2837s
09/16/2026 08:00:01 - INFO - __main__ - Training (6800 / 10000 Steps) (loss=0.1809) lr=7.64e-03 2866s
09/16/2026 08:00:30 - INFO - __main__ - Training (6900 / 10000 Steps) (loss=0.0374) lr=7.22e-03 2895s
09/16/2026 08:00:59 - INFO - __main__ - Training (7000 / 10000 Steps) (loss=0.1059) lr=6.80e-03 2924s
09/16/2026 08:03:27 - INFO - __main__ - Validation Results step 7000: Accuracy 0.88787 (best 0.88787)
09/16/2026 08:03:56 - INFO - __main__ - Training (7100 / 10000 Steps) (loss=0.1402) lr=6.39e-03 3102s
09/16/2026 08:04:25 - INFO - __main__ - Training (7200 / 10000 Steps) (loss=0.2908) lr=5.98e-03 3131s
09/16/2026 08:04:54 - INFO - __main__ - Training (7300 / 10000 Steps) (loss=0.0649) lr=5.59e-03 3160s
09/16/2026 08:05:23 - INFO - __main__ - Training (7400 / 10000 Steps) (loss=0.0978) lr=5.21e-03 3189s
09/16/2026 08:05:52 - INFO - __main__ - Training (7500 / 10000 Steps) (loss=0.0326) lr=4.84e-03 3218s
09/16/2026 08:06:21 - INFO - __main__ - Training (7600 / 10000 Steps) (loss=0.0437) lr=4.48e-03 3247s
09/16/2026 08:06:50 - INFO - __main__ - Training (7700 / 10000 Steps) (loss=0.0194) lr=4.13e-03 3276s
09/16/2026 08:07:19 - INFO - __main__ - Training (7800 / 10000 Steps) (loss=0.0329) lr=3.80e-03 3305s
09/16/2026 08:07:48 - INFO - __main__ - Training (7900 / 10000 Steps) (loss=0.0582) lr=3.47e-03 3334s
09/16/2026 08:08:17 - INFO - __main__ - Training (8000 / 10000 Steps) (loss=0.0231) lr=3.16e-03 3363s
09/16/2026 08:10:46 - INFO - __main__ - Validation Results step 8000: Accuracy 0.89620 (best 0.89620)
09/16/2026 08:11:15 - INFO - __main__ - Training (8100 / 10000 Steps) (loss=0.0360) lr=2.86e-03 3540s
09/16/2026 08:11:44 - INFO - __main__ - Training (8200 / 10000 Steps) (loss=0.0733) lr=2.58e-03 3569s
09/16/2026 08:12:12 - INFO - __main__ - Training (8300 / 10000 Steps) (loss=0.0377) lr=2.31e-03 3598s
09/16/2026 08:12:41 - INFO - __main__ - Training (8400 / 10000 Steps) (loss=0.0534) lr=2.05e-03 3627s
09/16/2026 08:13:10 - INFO - __main__ - Training (8500 / 10000 Steps) (loss=0.0747) lr=1.81e-03 3656s
09/16/2026 08:13:39 - INFO - __main__ - Training (8600 / 10000 Steps) (loss=0.0447) lr=1.58e-03 3685s
09/16/2026 08:14:08 - INFO - __main__ - Training (8700 / 10000 Steps) (loss=0.0338) lr=1.36e-03 3713s
09/16/2026 08:14:37 - INFO - __main__ - Training (8800 / 10000 Steps) (loss=0.1536) lr=1.17e-03 3742s
09/16/2026 08:15:06 - INFO - __main__ - Training (8900 / 10000 Steps) (loss=0.0470) lr=9.82e-04 3771s
09/16/2026 08:15:35 - INFO - __main__ - Training (9000 / 10000 Steps) (loss=0.0223) lr=8.13e-04 3801s
09/16/2026 08:18:04 - INFO - __main__ - Validation Results step 9000: Accuracy 0.89741 (best 0.89741)
09/16/2026 08:18:33 - INFO - __main__ - Training (9100 / 10000 Steps) (loss=0.0680) lr=6.59e-04 3978s
09/16/2026 08:19:02 - INFO - __main__ - Training (9200 / 10000 Steps) (loss=0.0582) lr=5.22e-04 4007s
09/16/2026 08:19:31 - INFO - __main__ - Training (9300 / 10000 Steps) (loss=0.0745) lr=4.00e-04 4036s
09/16/2026 08:20:00 - INFO - __main__ - Training (9400 / 10000 Steps) (loss=0.0709) lr=2.94e-04 4065s
09/16/2026 08:20:29 - INFO - __main__ - Training (9500 / 10000 Steps) (loss=0.0745) lr=2.05e-04 4094s
09/16/2026 08:20:58 - INFO - __main__ - Training (9600 / 10000 Steps) (loss=0.0601) lr=1.31e-04 4123s
09/16/2026 08:21:27 - INFO - __main__ - Training (9700 / 10000 Steps) (loss=0.0445) lr=7.38e-05 4152s
09/16/2026 08:21:56 - INFO - __main__ - Training (9800 / 10000 Steps) (loss=0.0264) lr=3.28e-05 4181s
09/16/2026 08:22:25 - INFO - __main__ - Training (9900 / 10000 Steps) (loss=0.0705) lr=8.20e-06 4210s
09/16/2026 08:22:54 - INFO - __main__ - Training (10000 / 10000 Steps) (loss=0.0423) lr=0.00e+00 4239s
09/16/2026 08:25:22 - INFO - __main__ - Validation Results step 10000: Accuracy 0.89774 (best 0.89774)
09/16/2026 08:25:22 - INFO - __main__ - Best Accuracy: 	0.897739
09/16/2026 08:25:22 - INFO - __main__ - End Training!
