/opt/anaconda3/envs/fal-wyh/lib/python3.9/site-packages/torchvision/transforms/transforms.py:329: UserWarning: Argument 'interpolation' of type int is deprecated since 0.13 and will be removed in 0.15. Please use InterpolationMode enum.
  warnings.warn(
09/16/2026 19:32:48 - INFO - models.modeling - load_pretrained: resized variant: torch.Size([1, 197, 768]) to torch.Size([1, 785, 768])
09/16/2026 19:32:50 - INFO - __main__ - Training parameters Namespace(data_root='/home/savo_shen/data_crops/nabirds/raw', name='nabirds_raw_s1', output_dir='output', pretrained='/home/savo_shen/Programs/FAL-ViT-main-wyh/imagenet21k_ViT-B_16.npz', img_size=448, train_batch_size=16, grad_accum=1, eval_batch_size=64, learning_rate=0.03, weight_decay=0.0, num_steps=10000, warmup_steps=500, eval_every=1000, max_grad_norm=1.0, num_workers=8, seed=1)
09/16/2026 19:32:50 - INFO - __main__ - effective batch = 16
09/16/2026 19:32:50 - INFO - __main__ - classes=555 train=23929 test=24633
load_pretrained: grid-size from 14 to 28
09/16/2026 19:33:21 - INFO - __main__ - Training (100 / 10000 Steps) (loss=6.2815) lr=6.00e-03 32s
09/16/2026 19:33:50 - INFO - __main__ - Training (200 / 10000 Steps) (loss=6.0745) lr=1.20e-02 61s
09/16/2026 19:34:19 - INFO - __main__ - Training (300 / 10000 Steps) (loss=5.4377) lr=1.80e-02 90s
09/16/2026 19:34:48 - INFO - __main__ - Training (400 / 10000 Steps) (loss=4.5455) lr=2.40e-02 119s
09/16/2026 19:35:17 - INFO - __main__ - Training (500 / 10000 Steps) (loss=4.2955) lr=3.00e-02 148s
09/16/2026 19:35:46 - INFO - __main__ - Training (600 / 10000 Steps) (loss=2.6816) lr=3.00e-02 177s
09/16/2026 19:36:15 - INFO - __main__ - Training (700 / 10000 Steps) (loss=2.1823) lr=3.00e-02 206s
09/16/2026 19:36:44 - INFO - __main__ - Training (800 / 10000 Steps) (loss=2.3613) lr=2.99e-02 235s
09/16/2026 19:37:13 - INFO - __main__ - Training (900 / 10000 Steps) (loss=1.8143) lr=2.99e-02 264s
09/16/2026 19:37:42 - INFO - __main__ - Training (1000 / 10000 Steps) (loss=1.1616) lr=2.98e-02 293s
09/16/2026 19:40:13 - INFO - __main__ - Validation Results step 1000: Accuracy 0.65002 (best 0.65002)
09/16/2026 19:40:42 - INFO - __main__ - Training (1100 / 10000 Steps) (loss=1.4247) lr=2.97e-02 472s
09/16/2026 19:41:11 - INFO - __main__ - Training (1200 / 10000 Steps) (loss=0.9970) lr=2.96e-02 501s
09/16/2026 19:41:40 - INFO - __main__ - Training (1300 / 10000 Steps) (loss=1.4043) lr=2.95e-02 530s
09/16/2026 19:42:09 - INFO - __main__ - Training (1400 / 10000 Steps) (loss=1.5590) lr=2.93e-02 559s
09/16/2026 19:42:38 - INFO - __main__ - Training (1500 / 10000 Steps) (loss=1.1552) lr=2.92e-02 589s
09/16/2026 19:43:07 - INFO - __main__ - Training (1600 / 10000 Steps) (loss=1.4281) lr=2.90e-02 618s
09/16/2026 19:43:36 - INFO - __main__ - Training (1700 / 10000 Steps) (loss=0.7911) lr=2.88e-02 647s
09/16/2026 19:44:05 - INFO - __main__ - Training (1800 / 10000 Steps) (loss=0.7729) lr=2.86e-02 676s
09/16/2026 19:44:34 - INFO - __main__ - Training (1900 / 10000 Steps) (loss=0.4202) lr=2.84e-02 705s
09/16/2026 19:45:03 - INFO - __main__ - Training (2000 / 10000 Steps) (loss=0.7380) lr=2.82e-02 733s
09/16/2026 19:47:32 - INFO - __main__ - Validation Results step 2000: Accuracy 0.78237 (best 0.78237)
09/16/2026 19:48:01 - INFO - __main__ - Training (2100 / 10000 Steps) (loss=0.6574) lr=2.79e-02 911s
09/16/2026 19:48:30 - INFO - __main__ - Training (2200 / 10000 Steps) (loss=0.5016) lr=2.77e-02 940s
09/16/2026 19:48:59 - INFO - __main__ - Training (2300 / 10000 Steps) (loss=0.5737) lr=2.74e-02 969s
09/16/2026 19:49:28 - INFO - __main__ - Training (2400 / 10000 Steps) (loss=0.4968) lr=2.71e-02 998s
09/16/2026 19:49:57 - INFO - __main__ - Training (2500 / 10000 Steps) (loss=0.7892) lr=2.68e-02 1027s
09/16/2026 19:50:26 - INFO - __main__ - Training (2600 / 10000 Steps) (loss=0.3554) lr=2.65e-02 1056s
09/16/2026 19:50:55 - INFO - __main__ - Training (2700 / 10000 Steps) (loss=0.5612) lr=2.62e-02 1085s
09/16/2026 19:51:24 - INFO - __main__ - Training (2800 / 10000 Steps) (loss=0.3877) lr=2.59e-02 1114s
09/16/2026 19:51:53 - INFO - __main__ - Training (2900 / 10000 Steps) (loss=1.1897) lr=2.55e-02 1143s
09/16/2026 19:52:22 - INFO - __main__ - Training (3000 / 10000 Steps) (loss=0.6419) lr=2.52e-02 1173s
09/16/2026 19:54:51 - INFO - __main__ - Validation Results step 3000: Accuracy 0.83092 (best 0.83092)
09/16/2026 19:55:20 - INFO - __main__ - Training (3100 / 10000 Steps) (loss=1.2199) lr=2.48e-02 1350s
09/16/2026 19:55:49 - INFO - __main__ - Training (3200 / 10000 Steps) (loss=0.3861) lr=2.44e-02 1379s
09/16/2026 19:56:18 - INFO - __main__ - Training (3300 / 10000 Steps) (loss=0.2439) lr=2.40e-02 1408s
09/16/2026 19:56:47 - INFO - __main__ - Training (3400 / 10000 Steps) (loss=0.6359) lr=2.36e-02 1437s
09/16/2026 19:57:16 - INFO - __main__ - Training (3500 / 10000 Steps) (loss=0.1338) lr=2.32e-02 1466s
09/16/2026 19:57:45 - INFO - __main__ - Training (3600 / 10000 Steps) (loss=0.4762) lr=2.28e-02 1495s
09/16/2026 19:58:14 - INFO - __main__ - Training (3700 / 10000 Steps) (loss=0.4159) lr=2.24e-02 1524s
09/16/2026 19:58:43 - INFO - __main__ - Training (3800 / 10000 Steps) (loss=0.4859) lr=2.19e-02 1553s
09/16/2026 19:59:12 - INFO - __main__ - Training (3900 / 10000 Steps) (loss=0.5595) lr=2.15e-02 1582s
09/16/2026 19:59:41 - INFO - __main__ - Training (4000 / 10000 Steps) (loss=0.7171) lr=2.10e-02 1611s
09/16/2026 20:02:10 - INFO - __main__ - Validation Results step 4000: Accuracy 0.84992 (best 0.84992)
09/16/2026 20:02:39 - INFO - __main__ - Training (4100 / 10000 Steps) (loss=0.2964) lr=2.06e-02 1789s
09/16/2026 20:03:08 - INFO - __main__ - Training (4200 / 10000 Steps) (loss=0.3464) lr=2.01e-02 1818s
09/16/2026 20:03:37 - INFO - __main__ - Training (4300 / 10000 Steps) (loss=0.4311) lr=1.96e-02 1847s
09/16/2026 20:04:06 - INFO - __main__ - Training (4400 / 10000 Steps) (loss=0.0749) lr=1.92e-02 1876s
09/16/2026 20:04:35 - INFO - __main__ - Training (4500 / 10000 Steps) (loss=0.3089) lr=1.87e-02 1906s
09/16/2026 20:05:04 - INFO - __main__ - Training (4600 / 10000 Steps) (loss=0.4492) lr=1.82e-02 1935s
09/16/2026 20:05:33 - INFO - __main__ - Training (4700 / 10000 Steps) (loss=0.1554) lr=1.77e-02 1964s
09/16/2026 20:06:02 - INFO - __main__ - Training (4800 / 10000 Steps) (loss=0.2159) lr=1.72e-02 1992s
09/16/2026 20:06:31 - INFO - __main__ - Training (4900 / 10000 Steps) (loss=0.1759) lr=1.67e-02 2021s
09/16/2026 20:07:00 - INFO - __main__ - Training (5000 / 10000 Steps) (loss=0.1085) lr=1.62e-02 2050s
09/16/2026 20:09:29 - INFO - __main__ - Validation Results step 5000: Accuracy 0.86636 (best 0.86636)
09/16/2026 20:09:58 - INFO - __main__ - Training (5100 / 10000 Steps) (loss=0.0537) lr=1.57e-02 2228s
09/16/2026 20:10:27 - INFO - __main__ - Training (5200 / 10000 Steps) (loss=0.5511) lr=1.52e-02 2257s
09/16/2026 20:10:56 - INFO - __main__ - Training (5300 / 10000 Steps) (loss=0.3173) lr=1.48e-02 2286s
09/16/2026 20:11:24 - INFO - __main__ - Training (5400 / 10000 Steps) (loss=0.3278) lr=1.43e-02 2315s
09/16/2026 20:11:53 - INFO - __main__ - Training (5500 / 10000 Steps) (loss=0.0353) lr=1.38e-02 2344s
09/16/2026 20:12:22 - INFO - __main__ - Training (5600 / 10000 Steps) (loss=0.0966) lr=1.33e-02 2373s
09/16/2026 20:12:51 - INFO - __main__ - Training (5700 / 10000 Steps) (loss=0.1816) lr=1.28e-02 2402s
09/16/2026 20:13:20 - INFO - __main__ - Training (5800 / 10000 Steps) (loss=0.3627) lr=1.23e-02 2431s
09/16/2026 20:13:49 - INFO - __main__ - Training (5900 / 10000 Steps) (loss=0.2517) lr=1.18e-02 2460s
09/16/2026 20:14:19 - INFO - __main__ - Training (6000 / 10000 Steps) (loss=0.2492) lr=1.13e-02 2489s
09/16/2026 20:16:48 - INFO - __main__ - Validation Results step 6000: Accuracy 0.87878 (best 0.87878)
09/16/2026 20:17:17 - INFO - __main__ - Training (6100 / 10000 Steps) (loss=0.2366) lr=1.08e-02 2667s
09/16/2026 20:17:46 - INFO - __main__ - Training (6200 / 10000 Steps) (loss=0.2083) lr=1.04e-02 2696s
09/16/2026 20:18:15 - INFO - __main__ - Training (6300 / 10000 Steps) (loss=0.0662) lr=9.90e-03 2725s
09/16/2026 20:18:44 - INFO - __main__ - Training (6400 / 10000 Steps) (loss=0.1278) lr=9.43e-03 2754s
09/16/2026 20:19:13 - INFO - __main__ - Training (6500 / 10000 Steps) (loss=0.3302) lr=8.97e-03 2783s
09/16/2026 20:19:42 - INFO - __main__ - Training (6600 / 10000 Steps) (loss=0.0705) lr=8.52e-03 2812s
09/16/2026 20:20:10 - INFO - __main__ - Training (6700 / 10000 Steps) (loss=0.0966) lr=8.08e-03 2841s
09/16/2026 20:20:39 - INFO - __main__ - Training (6800 / 10000 Steps) (loss=0.1334) lr=7.64e-03 2870s
09/16/2026 20:21:08 - INFO - __main__ - Training (6900 / 10000 Steps) (loss=0.0349) lr=7.22e-03 2899s
09/16/2026 20:21:37 - INFO - __main__ - Training (7000 / 10000 Steps) (loss=0.0513) lr=6.80e-03 2928s
09/16/2026 20:24:06 - INFO - __main__ - Validation Results step 7000: Accuracy 0.89027 (best 0.89027)
09/16/2026 20:24:35 - INFO - __main__ - Training (7100 / 10000 Steps) (loss=0.0409) lr=6.39e-03 3106s
09/16/2026 20:25:04 - INFO - __main__ - Training (7200 / 10000 Steps) (loss=0.1711) lr=5.98e-03 3135s
09/16/2026 20:25:33 - INFO - __main__ - Training (7300 / 10000 Steps) (loss=0.0696) lr=5.59e-03 3164s
09/16/2026 20:26:02 - INFO - __main__ - Training (7400 / 10000 Steps) (loss=0.1967) lr=5.21e-03 3192s
09/16/2026 20:26:32 - INFO - __main__ - Training (7500 / 10000 Steps) (loss=0.0608) lr=4.84e-03 3222s
09/16/2026 20:27:01 - INFO - __main__ - Training (7600 / 10000 Steps) (loss=0.0486) lr=4.48e-03 3251s
09/16/2026 20:27:30 - INFO - __main__ - Training (7700 / 10000 Steps) (loss=0.0243) lr=4.13e-03 3280s
09/16/2026 20:27:58 - INFO - __main__ - Training (7800 / 10000 Steps) (loss=0.1958) lr=3.80e-03 3309s
09/16/2026 20:28:27 - INFO - __main__ - Training (7900 / 10000 Steps) (loss=0.1123) lr=3.47e-03 3338s
09/16/2026 20:28:56 - INFO - __main__ - Training (8000 / 10000 Steps) (loss=0.1531) lr=3.16e-03 3367s
09/16/2026 20:31:25 - INFO - __main__ - Validation Results step 8000: Accuracy 0.89607 (best 0.89607)
09/16/2026 20:31:54 - INFO - __main__ - Training (8100 / 10000 Steps) (loss=0.0397) lr=2.86e-03 3544s
09/16/2026 20:32:23 - INFO - __main__ - Training (8200 / 10000 Steps) (loss=0.2987) lr=2.58e-03 3573s
09/16/2026 20:32:52 - INFO - __main__ - Training (8300 / 10000 Steps) (loss=0.1239) lr=2.31e-03 3602s
09/16/2026 20:33:21 - INFO - __main__ - Training (8400 / 10000 Steps) (loss=0.0259) lr=2.05e-03 3631s
09/16/2026 20:33:50 - INFO - __main__ - Training (8500 / 10000 Steps) (loss=0.0721) lr=1.81e-03 3660s
09/16/2026 20:34:19 - INFO - __main__ - Training (8600 / 10000 Steps) (loss=0.0471) lr=1.58e-03 3689s
09/16/2026 20:34:48 - INFO - __main__ - Training (8700 / 10000 Steps) (loss=0.0694) lr=1.36e-03 3718s
09/16/2026 20:35:17 - INFO - __main__ - Training (8800 / 10000 Steps) (loss=0.2742) lr=1.17e-03 3747s
09/16/2026 20:35:46 - INFO - __main__ - Training (8900 / 10000 Steps) (loss=0.1028) lr=9.82e-04 3776s
09/16/2026 20:36:15 - INFO - __main__ - Training (9000 / 10000 Steps) (loss=0.1085) lr=8.13e-04 3806s
09/16/2026 20:38:44 - INFO - __main__ - Validation Results step 9000: Accuracy 0.89790 (best 0.89790)
09/16/2026 20:39:13 - INFO - __main__ - Training (9100 / 10000 Steps) (loss=0.0143) lr=6.59e-04 3984s
09/16/2026 20:39:42 - INFO - __main__ - Training (9200 / 10000 Steps) (loss=0.1075) lr=5.22e-04 4013s
09/16/2026 20:40:11 - INFO - __main__ - Training (9300 / 10000 Steps) (loss=0.0308) lr=4.00e-04 4042s
09/16/2026 20:40:41 - INFO - __main__ - Training (9400 / 10000 Steps) (loss=0.0325) lr=2.94e-04 4071s
09/16/2026 20:41:10 - INFO - __main__ - Training (9500 / 10000 Steps) (loss=0.0972) lr=2.05e-04 4100s
09/16/2026 20:41:39 - INFO - __main__ - Training (9600 / 10000 Steps) (loss=0.0138) lr=1.31e-04 4129s
09/16/2026 20:42:08 - INFO - __main__ - Training (9700 / 10000 Steps) (loss=0.0237) lr=7.38e-05 4159s
09/16/2026 20:42:37 - INFO - __main__ - Training (9800 / 10000 Steps) (loss=0.0179) lr=3.28e-05 4188s
09/16/2026 20:43:07 - INFO - __main__ - Training (9900 / 10000 Steps) (loss=0.0706) lr=8.20e-06 4217s
09/16/2026 20:43:36 - INFO - __main__ - Training (10000 / 10000 Steps) (loss=0.1033) lr=0.00e+00 4246s
09/16/2026 20:46:04 - INFO - __main__ - Validation Results step 10000: Accuracy 0.89741 (best 0.89790)
09/16/2026 20:46:04 - INFO - __main__ - Best Accuracy: 	0.897901
09/16/2026 20:46:04 - INFO - __main__ - End Training!
