/opt/anaconda3/envs/fal-wyh/lib/python3.9/site-packages/torchvision/transforms/transforms.py:329: UserWarning: Argument 'interpolation' of type int is deprecated since 0.13 and will be removed in 0.15. Please use InterpolationMode enum.
  warnings.warn(
09/16/2026 22:57:38 - INFO - models.modeling - load_pretrained: resized variant: torch.Size([1, 197, 768]) to torch.Size([1, 785, 768])
09/16/2026 22:57:39 - INFO - __main__ - Training parameters Namespace(data_root='/home/savo_shen/data_crops/car/dinov3_sq', name='car_dinov3_sq_s1', output_dir='output', pretrained='/home/savo_shen/Programs/FAL-ViT-main-wyh/imagenet21k_ViT-B_16.npz', img_size=448, train_batch_size=16, grad_accum=1, eval_batch_size=64, learning_rate=0.03, weight_decay=0.0, num_steps=10000, warmup_steps=500, eval_every=1000, max_grad_norm=1.0, num_workers=8, seed=1)
09/16/2026 22:57:39 - INFO - __main__ - effective batch = 16
09/16/2026 22:57:39 - INFO - __main__ - classes=196 train=8144 test=8041
load_pretrained: grid-size from 14 to 28
09/16/2026 22:58:11 - INFO - __main__ - Training (100 / 10000 Steps) (loss=5.2468) lr=6.00e-03 32s
09/16/2026 22:58:41 - INFO - __main__ - Training (200 / 10000 Steps) (loss=5.0698) lr=1.20e-02 61s
09/16/2026 22:59:10 - INFO - __main__ - Training (300 / 10000 Steps) (loss=4.6543) lr=1.80e-02 90s
09/16/2026 22:59:39 - INFO - __main__ - Training (400 / 10000 Steps) (loss=4.2784) lr=2.40e-02 119s
09/16/2026 23:00:08 - INFO - __main__ - Training (500 / 10000 Steps) (loss=3.9933) lr=3.00e-02 148s
09/16/2026 23:00:37 - INFO - __main__ - Training (600 / 10000 Steps) (loss=3.2527) lr=3.00e-02 178s
09/16/2026 23:01:06 - INFO - __main__ - Training (700 / 10000 Steps) (loss=2.9337) lr=3.00e-02 207s
09/16/2026 23:01:35 - INFO - __main__ - Training (800 / 10000 Steps) (loss=3.1990) lr=2.99e-02 236s
09/16/2026 23:02:04 - INFO - __main__ - Training (900 / 10000 Steps) (loss=2.6120) lr=2.99e-02 265s
09/16/2026 23:02:33 - INFO - __main__ - Training (1000 / 10000 Steps) (loss=2.7981) lr=2.98e-02 294s
09/16/2026 23:03:25 - INFO - __main__ - Validation Results step 1000: Accuracy 0.35021 (best 0.35021)
09/16/2026 23:03:54 - INFO - __main__ - Training (1100 / 10000 Steps) (loss=2.3480) lr=2.97e-02 375s
09/16/2026 23:04:24 - INFO - __main__ - Training (1200 / 10000 Steps) (loss=1.9460) lr=2.96e-02 404s
09/16/2026 23:04:53 - INFO - __main__ - Training (1300 / 10000 Steps) (loss=2.0826) lr=2.95e-02 433s
09/16/2026 23:05:22 - INFO - __main__ - Training (1400 / 10000 Steps) (loss=2.0214) lr=2.93e-02 462s
09/16/2026 23:05:51 - INFO - __main__ - Training (1500 / 10000 Steps) (loss=1.8271) lr=2.92e-02 492s
09/16/2026 23:06:20 - INFO - __main__ - Training (1600 / 10000 Steps) (loss=1.5850) lr=2.90e-02 521s
09/16/2026 23:06:49 - INFO - __main__ - Training (1700 / 10000 Steps) (loss=1.6864) lr=2.88e-02 550s
09/16/2026 23:07:19 - INFO - __main__ - Training (1800 / 10000 Steps) (loss=1.3553) lr=2.86e-02 579s
09/16/2026 23:07:48 - INFO - __main__ - Training (1900 / 10000 Steps) (loss=0.8374) lr=2.84e-02 608s
09/16/2026 23:08:17 - INFO - __main__ - Training (2000 / 10000 Steps) (loss=1.2463) lr=2.82e-02 637s
09/16/2026 23:09:07 - INFO - __main__ - Validation Results step 2000: Accuracy 0.70961 (best 0.70961)
09/16/2026 23:09:36 - INFO - __main__ - Training (2100 / 10000 Steps) (loss=1.1886) lr=2.79e-02 717s
09/16/2026 23:10:05 - INFO - __main__ - Training (2200 / 10000 Steps) (loss=0.5971) lr=2.77e-02 746s
09/16/2026 23:10:34 - INFO - __main__ - Training (2300 / 10000 Steps) (loss=0.8611) lr=2.74e-02 775s
09/16/2026 23:11:03 - INFO - __main__ - Training (2400 / 10000 Steps) (loss=0.6082) lr=2.71e-02 804s
09/16/2026 23:11:32 - INFO - __main__ - Training (2500 / 10000 Steps) (loss=0.8261) lr=2.68e-02 833s
09/16/2026 23:12:02 - INFO - __main__ - Training (2600 / 10000 Steps) (loss=0.4704) lr=2.65e-02 863s
09/16/2026 23:12:31 - INFO - __main__ - Training (2700 / 10000 Steps) (loss=0.3777) lr=2.62e-02 892s
09/16/2026 23:13:00 - INFO - __main__ - Training (2800 / 10000 Steps) (loss=0.4011) lr=2.59e-02 921s
09/16/2026 23:13:29 - INFO - __main__ - Training (2900 / 10000 Steps) (loss=0.8109) lr=2.55e-02 950s
09/16/2026 23:13:58 - INFO - __main__ - Training (3000 / 10000 Steps) (loss=0.5139) lr=2.52e-02 979s
09/16/2026 23:14:48 - INFO - __main__ - Validation Results step 3000: Accuracy 0.80811 (best 0.80811)
09/16/2026 23:15:18 - INFO - __main__ - Training (3100 / 10000 Steps) (loss=0.4190) lr=2.48e-02 1059s
09/16/2026 23:15:47 - INFO - __main__ - Training (3200 / 10000 Steps) (loss=0.1326) lr=2.44e-02 1088s
09/16/2026 23:16:16 - INFO - __main__ - Training (3300 / 10000 Steps) (loss=0.4139) lr=2.40e-02 1117s
09/16/2026 23:16:45 - INFO - __main__ - Training (3400 / 10000 Steps) (loss=0.5073) lr=2.36e-02 1146s
09/16/2026 23:17:14 - INFO - __main__ - Training (3500 / 10000 Steps) (loss=0.4258) lr=2.32e-02 1175s
09/16/2026 23:17:44 - INFO - __main__ - Training (3600 / 10000 Steps) (loss=0.0787) lr=2.28e-02 1205s
09/16/2026 23:18:13 - INFO - __main__ - Training (3700 / 10000 Steps) (loss=0.2354) lr=2.24e-02 1234s
09/16/2026 23:18:42 - INFO - __main__ - Training (3800 / 10000 Steps) (loss=0.4541) lr=2.19e-02 1263s
09/16/2026 23:19:11 - INFO - __main__ - Training (3900 / 10000 Steps) (loss=0.1345) lr=2.15e-02 1292s
09/16/2026 23:19:40 - INFO - __main__ - Training (4000 / 10000 Steps) (loss=0.5553) lr=2.10e-02 1321s
09/16/2026 23:20:30 - INFO - __main__ - Validation Results step 4000: Accuracy 0.83186 (best 0.83186)
09/16/2026 23:21:00 - INFO - __main__ - Training (4100 / 10000 Steps) (loss=0.2898) lr=2.06e-02 1400s
09/16/2026 23:21:29 - INFO - __main__ - Training (4200 / 10000 Steps) (loss=0.1431) lr=2.01e-02 1429s
09/16/2026 23:21:58 - INFO - __main__ - Training (4300 / 10000 Steps) (loss=0.1815) lr=1.96e-02 1458s
09/16/2026 23:22:27 - INFO - __main__ - Training (4400 / 10000 Steps) (loss=0.1916) lr=1.92e-02 1487s
09/16/2026 23:22:56 - INFO - __main__ - Training (4500 / 10000 Steps) (loss=0.4348) lr=1.87e-02 1517s
09/16/2026 23:23:25 - INFO - __main__ - Training (4600 / 10000 Steps) (loss=0.0919) lr=1.82e-02 1546s
09/16/2026 23:23:54 - INFO - __main__ - Training (4700 / 10000 Steps) (loss=0.6055) lr=1.77e-02 1575s
09/16/2026 23:24:23 - INFO - __main__ - Training (4800 / 10000 Steps) (loss=0.1042) lr=1.72e-02 1604s
09/16/2026 23:24:52 - INFO - __main__ - Training (4900 / 10000 Steps) (loss=0.1813) lr=1.67e-02 1633s
09/16/2026 23:25:22 - INFO - __main__ - Training (5000 / 10000 Steps) (loss=0.1008) lr=1.62e-02 1662s
09/16/2026 23:26:11 - INFO - __main__ - Validation Results step 5000: Accuracy 0.85462 (best 0.85462)
09/16/2026 23:26:41 - INFO - __main__ - Training (5100 / 10000 Steps) (loss=0.0695) lr=1.57e-02 1742s
09/16/2026 23:27:10 - INFO - __main__ - Training (5200 / 10000 Steps) (loss=0.0477) lr=1.52e-02 1771s
09/16/2026 23:27:39 - INFO - __main__ - Training (5300 / 10000 Steps) (loss=0.0214) lr=1.48e-02 1800s
09/16/2026 23:28:08 - INFO - __main__ - Training (5400 / 10000 Steps) (loss=0.0587) lr=1.43e-02 1829s
09/16/2026 23:28:37 - INFO - __main__ - Training (5500 / 10000 Steps) (loss=0.0405) lr=1.38e-02 1858s
09/16/2026 23:29:07 - INFO - __main__ - Training (5600 / 10000 Steps) (loss=0.1261) lr=1.33e-02 1887s
09/16/2026 23:29:36 - INFO - __main__ - Training (5700 / 10000 Steps) (loss=0.0948) lr=1.28e-02 1917s
09/16/2026 23:30:05 - INFO - __main__ - Training (5800 / 10000 Steps) (loss=0.0634) lr=1.23e-02 1946s
09/16/2026 23:30:34 - INFO - __main__ - Training (5900 / 10000 Steps) (loss=0.0431) lr=1.18e-02 1975s
09/16/2026 23:31:03 - INFO - __main__ - Training (6000 / 10000 Steps) (loss=0.2102) lr=1.13e-02 2004s
09/16/2026 23:31:53 - INFO - __main__ - Validation Results step 6000: Accuracy 0.87079 (best 0.87079)
09/16/2026 23:32:22 - INFO - __main__ - Training (6100 / 10000 Steps) (loss=0.0588) lr=1.08e-02 2083s
09/16/2026 23:32:52 - INFO - __main__ - Training (6200 / 10000 Steps) (loss=0.1488) lr=1.04e-02 2113s
09/16/2026 23:33:21 - INFO - __main__ - Training (6300 / 10000 Steps) (loss=0.0471) lr=9.90e-03 2142s
09/16/2026 23:33:51 - INFO - __main__ - Training (6400 / 10000 Steps) (loss=0.0169) lr=9.43e-03 2171s
09/16/2026 23:34:20 - INFO - __main__ - Training (6500 / 10000 Steps) (loss=0.0724) lr=8.97e-03 2201s
09/16/2026 23:34:49 - INFO - __main__ - Training (6600 / 10000 Steps) (loss=0.0312) lr=8.52e-03 2230s
09/16/2026 23:35:19 - INFO - __main__ - Training (6700 / 10000 Steps) (loss=0.0609) lr=8.08e-03 2260s
09/16/2026 23:35:48 - INFO - __main__ - Training (6800 / 10000 Steps) (loss=0.0232) lr=7.64e-03 2289s
09/16/2026 23:36:18 - INFO - __main__ - Training (6900 / 10000 Steps) (loss=0.0152) lr=7.22e-03 2318s
09/16/2026 23:36:47 - INFO - __main__ - Training (7000 / 10000 Steps) (loss=0.0214) lr=6.80e-03 2347s
09/16/2026 23:37:37 - INFO - __main__ - Validation Results step 7000: Accuracy 0.88098 (best 0.88098)
09/16/2026 23:38:06 - INFO - __main__ - Training (7100 / 10000 Steps) (loss=0.0121) lr=6.39e-03 2427s
09/16/2026 23:38:35 - INFO - __main__ - Training (7200 / 10000 Steps) (loss=0.0137) lr=5.98e-03 2456s
09/16/2026 23:39:04 - INFO - __main__ - Training (7300 / 10000 Steps) (loss=0.0476) lr=5.59e-03 2485s
09/16/2026 23:39:33 - INFO - __main__ - Training (7400 / 10000 Steps) (loss=0.2207) lr=5.21e-03 2514s
09/16/2026 23:40:02 - INFO - __main__ - Training (7500 / 10000 Steps) (loss=0.0329) lr=4.84e-03 2543s
09/16/2026 23:40:31 - INFO - __main__ - Training (7600 / 10000 Steps) (loss=0.0294) lr=4.48e-03 2572s
09/16/2026 23:41:01 - INFO - __main__ - Training (7700 / 10000 Steps) (loss=0.1114) lr=4.13e-03 2602s
09/16/2026 23:41:30 - INFO - __main__ - Training (7800 / 10000 Steps) (loss=0.0120) lr=3.80e-03 2631s
09/16/2026 23:41:59 - INFO - __main__ - Training (7900 / 10000 Steps) (loss=0.0175) lr=3.47e-03 2660s
09/16/2026 23:42:28 - INFO - __main__ - Training (8000 / 10000 Steps) (loss=0.0100) lr=3.16e-03 2689s
09/16/2026 23:43:18 - INFO - __main__ - Validation Results step 8000: Accuracy 0.88584 (best 0.88584)
09/16/2026 23:43:47 - INFO - __main__ - Training (8100 / 10000 Steps) (loss=0.4055) lr=2.86e-03 2768s
09/16/2026 23:44:17 - INFO - __main__ - Training (8200 / 10000 Steps) (loss=0.0049) lr=2.58e-03 2798s
09/16/2026 23:44:46 - INFO - __main__ - Training (8300 / 10000 Steps) (loss=0.0189) lr=2.31e-03 2827s
09/16/2026 23:45:15 - INFO - __main__ - Training (8400 / 10000 Steps) (loss=0.0195) lr=2.05e-03 2856s
09/16/2026 23:45:45 - INFO - __main__ - Training (8500 / 10000 Steps) (loss=0.0094) lr=1.81e-03 2885s
09/16/2026 23:46:14 - INFO - __main__ - Training (8600 / 10000 Steps) (loss=0.0071) lr=1.58e-03 2914s
09/16/2026 23:46:43 - INFO - __main__ - Training (8700 / 10000 Steps) (loss=0.0119) lr=1.36e-03 2944s
09/16/2026 23:47:12 - INFO - __main__ - Training (8800 / 10000 Steps) (loss=0.0090) lr=1.17e-03 2973s
09/16/2026 23:47:41 - INFO - __main__ - Training (8900 / 10000 Steps) (loss=0.0066) lr=9.82e-04 3002s
09/16/2026 23:48:10 - INFO - __main__ - Training (9000 / 10000 Steps) (loss=0.0192) lr=8.13e-04 3031s
09/16/2026 23:49:00 - INFO - __main__ - Validation Results step 9000: Accuracy 0.88708 (best 0.88708)
09/16/2026 23:49:29 - INFO - __main__ - Training (9100 / 10000 Steps) (loss=0.0797) lr=6.59e-04 3110s
09/16/2026 23:49:59 - INFO - __main__ - Training (9200 / 10000 Steps) (loss=0.0045) lr=5.22e-04 3139s
09/16/2026 23:50:28 - INFO - __main__ - Training (9300 / 10000 Steps) (loss=0.0174) lr=4.00e-04 3169s
09/16/2026 23:50:57 - INFO - __main__ - Training (9400 / 10000 Steps) (loss=0.0118) lr=2.94e-04 3198s
09/16/2026 23:51:26 - INFO - __main__ - Training (9500 / 10000 Steps) (loss=0.0045) lr=2.05e-04 3227s
09/16/2026 23:51:55 - INFO - __main__ - Training (9600 / 10000 Steps) (loss=0.0033) lr=1.31e-04 3256s
09/16/2026 23:52:25 - INFO - __main__ - Training (9700 / 10000 Steps) (loss=0.0033) lr=7.38e-05 3285s
09/16/2026 23:52:54 - INFO - __main__ - Training (9800 / 10000 Steps) (loss=0.0058) lr=3.28e-05 3314s
09/16/2026 23:53:23 - INFO - __main__ - Training (9900 / 10000 Steps) (loss=0.0201) lr=8.20e-06 3343s
09/16/2026 23:53:52 - INFO - __main__ - Training (10000 / 10000 Steps) (loss=0.0092) lr=0.00e+00 3372s
09/16/2026 23:54:42 - INFO - __main__ - Validation Results step 10000: Accuracy 0.88745 (best 0.88745)
09/16/2026 23:54:42 - INFO - __main__ - Best Accuracy: 	0.887452
09/16/2026 23:54:42 - INFO - __main__ - End Training!
