/opt/anaconda3/envs/fal-wyh/lib/python3.9/site-packages/torchvision/transforms/transforms.py:329: UserWarning: Argument 'interpolation' of type int is deprecated since 0.13 and will be removed in 0.15. Please use InterpolationMode enum.
  warnings.warn(
09/16/2026 21:43:47 - INFO - models.modeling - load_pretrained: resized variant: torch.Size([1, 197, 768]) to torch.Size([1, 785, 768])
09/16/2026 21:43:51 - INFO - timm.models._builder - Loading pretrained weights from Hugging Face hub (timm/vit_base_patch16_dinov3.lvd1689m)
09/16/2026 21:43:53 - INFO - httpx - HTTP Request: HEAD https://hf-mirror.com/timm/vit_base_patch16_dinov3.lvd1689m/resolve/main/model.safetensors "HTTP/1.1 302 Found"
09/16/2026 21:43:53 - INFO - timm.models._hub - [timm/vit_base_patch16_dinov3.lvd1689m] Safe alternative available for 'pytorch_model.bin' (as 'model.safetensors'). Loading weights using safetensors.
09/16/2026 21:43:54 - INFO - __main__ - Training parameters Namespace(data_root='/home/savo_shen/data_crops/cub/raw', name='cub_tok10', output_dir='output', pretrained='/home/savo_shen/Programs/FAL-ViT-main-wyh/imagenet21k_ViT-B_16.npz', img_size=448, select='dinov3', keep=0.1, sel_img=448, train_batch_size=16, grad_accum=1, eval_batch_size=64, learning_rate=0.03, weight_decay=0.0, num_steps=10000, warmup_steps=500, eval_every=1000, max_grad_norm=1.0, num_workers=8, seed=42)
09/16/2026 21:43:54 - INFO - __main__ - classes=200 train=5994 test=5794  tokens kept 78 / 784
load_pretrained: grid-size from 14 to 28
09/16/2026 21:44:22 - INFO - __main__ - Training (100 / 10000 Steps) (loss=5.2273) lr=6.00e-03 28s
09/16/2026 21:44:47 - INFO - __main__ - Training (200 / 10000 Steps) (loss=4.8616) lr=1.20e-02 52s
09/16/2026 21:45:11 - INFO - __main__ - Training (300 / 10000 Steps) (loss=4.1183) lr=1.80e-02 77s
09/16/2026 21:45:37 - INFO - __main__ - Training (400 / 10000 Steps) (loss=3.0618) lr=2.40e-02 102s
09/16/2026 21:46:01 - INFO - __main__ - Training (500 / 10000 Steps) (loss=1.7252) lr=3.00e-02 127s
09/16/2026 21:46:26 - INFO - __main__ - Training (600 / 10000 Steps) (loss=1.7319) lr=3.00e-02 152s
09/16/2026 21:46:51 - INFO - __main__ - Training (700 / 10000 Steps) (loss=0.8871) lr=3.00e-02 177s
09/16/2026 21:47:16 - INFO - __main__ - Training (800 / 10000 Steps) (loss=1.1728) lr=2.99e-02 202s
09/16/2026 21:47:41 - INFO - __main__ - Training (900 / 10000 Steps) (loss=0.5498) lr=2.99e-02 227s
09/16/2026 21:48:06 - INFO - __main__ - Training (1000 / 10000 Steps) (loss=0.7667) lr=2.98e-02 252s
09/16/2026 21:49:28 - INFO - __main__ - Validation Results step 1000: Accuracy 0.80048 (best 0.80048)
09/16/2026 21:49:53 - INFO - __main__ - Training (1100 / 10000 Steps) (loss=0.6300) lr=2.97e-02 359s
09/16/2026 21:50:19 - INFO - __main__ - Training (1200 / 10000 Steps) (loss=0.2789) lr=2.96e-02 384s
09/16/2026 21:50:43 - INFO - __main__ - Training (1300 / 10000 Steps) (loss=0.8539) lr=2.95e-02 409s
09/16/2026 21:51:08 - INFO - __main__ - Training (1400 / 10000 Steps) (loss=0.8882) lr=2.93e-02 434s
09/16/2026 21:51:34 - INFO - __main__ - Training (1500 / 10000 Steps) (loss=0.4266) lr=2.92e-02 459s
09/16/2026 21:51:59 - INFO - __main__ - Training (1600 / 10000 Steps) (loss=0.9580) lr=2.90e-02 484s
09/16/2026 21:52:23 - INFO - __main__ - Training (1700 / 10000 Steps) (loss=0.9252) lr=2.88e-02 509s
09/16/2026 21:52:48 - INFO - __main__ - Training (1800 / 10000 Steps) (loss=0.3683) lr=2.86e-02 534s
09/16/2026 21:53:14 - INFO - __main__ - Training (1900 / 10000 Steps) (loss=0.1451) lr=2.84e-02 559s
09/16/2026 21:53:39 - INFO - __main__ - Training (2000 / 10000 Steps) (loss=0.3724) lr=2.82e-02 584s
09/16/2026 21:54:58 - INFO - __main__ - Validation Results step 2000: Accuracy 0.82982 (best 0.82982)
09/16/2026 21:55:23 - INFO - __main__ - Training (2100 / 10000 Steps) (loss=0.1722) lr=2.79e-02 689s
09/16/2026 21:55:48 - INFO - __main__ - Training (2200 / 10000 Steps) (loss=0.8856) lr=2.77e-02 714s
09/16/2026 21:56:14 - INFO - __main__ - Training (2300 / 10000 Steps) (loss=0.1840) lr=2.74e-02 739s
09/16/2026 21:56:38 - INFO - __main__ - Training (2400 / 10000 Steps) (loss=0.3294) lr=2.71e-02 764s
09/16/2026 21:57:03 - INFO - __main__ - Training (2500 / 10000 Steps) (loss=0.0983) lr=2.68e-02 789s
09/16/2026 21:57:28 - INFO - __main__ - Training (2600 / 10000 Steps) (loss=0.1969) lr=2.65e-02 814s
09/16/2026 21:57:53 - INFO - __main__ - Training (2700 / 10000 Steps) (loss=0.3516) lr=2.62e-02 839s
09/16/2026 21:58:18 - INFO - __main__ - Training (2800 / 10000 Steps) (loss=0.3433) lr=2.59e-02 864s
09/16/2026 21:58:43 - INFO - __main__ - Training (2900 / 10000 Steps) (loss=0.1677) lr=2.55e-02 889s
09/16/2026 21:59:09 - INFO - __main__ - Training (3000 / 10000 Steps) (loss=0.5093) lr=2.52e-02 914s
09/16/2026 22:00:29 - INFO - __main__ - Validation Results step 3000: Accuracy 0.84915 (best 0.84915)
09/16/2026 22:00:53 - INFO - __main__ - Training (3100 / 10000 Steps) (loss=0.1037) lr=2.48e-02 1019s
09/16/2026 22:01:18 - INFO - __main__ - Training (3200 / 10000 Steps) (loss=0.1151) lr=2.44e-02 1044s
09/16/2026 22:01:43 - INFO - __main__ - Training (3300 / 10000 Steps) (loss=0.5320) lr=2.40e-02 1069s
09/16/2026 22:02:09 - INFO - __main__ - Training (3400 / 10000 Steps) (loss=0.3008) lr=2.36e-02 1094s
09/16/2026 22:02:34 - INFO - __main__ - Training (3500 / 10000 Steps) (loss=0.1205) lr=2.32e-02 1119s
09/16/2026 22:02:58 - INFO - __main__ - Training (3600 / 10000 Steps) (loss=0.0211) lr=2.28e-02 1144s
09/16/2026 22:03:23 - INFO - __main__ - Training (3700 / 10000 Steps) (loss=0.2026) lr=2.24e-02 1169s
09/16/2026 22:03:49 - INFO - __main__ - Training (3800 / 10000 Steps) (loss=0.1218) lr=2.19e-02 1194s
09/16/2026 22:04:14 - INFO - __main__ - Training (3900 / 10000 Steps) (loss=0.1027) lr=2.15e-02 1219s
09/16/2026 22:04:39 - INFO - __main__ - Training (4000 / 10000 Steps) (loss=0.1118) lr=2.10e-02 1244s
09/16/2026 22:05:58 - INFO - __main__ - Validation Results step 4000: Accuracy 0.87004 (best 0.87004)
09/16/2026 22:06:23 - INFO - __main__ - Training (4100 / 10000 Steps) (loss=0.0928) lr=2.06e-02 1348s
09/16/2026 22:06:48 - INFO - __main__ - Training (4200 / 10000 Steps) (loss=0.0400) lr=2.01e-02 1374s
09/16/2026 22:07:13 - INFO - __main__ - Training (4300 / 10000 Steps) (loss=0.0119) lr=1.96e-02 1399s
09/16/2026 22:07:38 - INFO - __main__ - Training (4400 / 10000 Steps) (loss=0.0495) lr=1.92e-02 1424s
09/16/2026 22:08:04 - INFO - __main__ - Training (4500 / 10000 Steps) (loss=0.1263) lr=1.87e-02 1449s
09/16/2026 22:08:28 - INFO - __main__ - Training (4600 / 10000 Steps) (loss=0.0290) lr=1.82e-02 1474s
09/16/2026 22:08:53 - INFO - __main__ - Training (4700 / 10000 Steps) (loss=0.1142) lr=1.77e-02 1499s
09/16/2026 22:09:18 - INFO - __main__ - Training (4800 / 10000 Steps) (loss=0.0326) lr=1.72e-02 1524s
09/16/2026 22:09:44 - INFO - __main__ - Training (4900 / 10000 Steps) (loss=0.0623) lr=1.67e-02 1549s
09/16/2026 22:10:09 - INFO - __main__ - Training (5000 / 10000 Steps) (loss=0.0494) lr=1.62e-02 1574s
09/16/2026 22:11:29 - INFO - __main__ - Validation Results step 5000: Accuracy 0.87418 (best 0.87418)
09/16/2026 22:11:54 - INFO - __main__ - Training (5100 / 10000 Steps) (loss=0.0849) lr=1.57e-02 1679s
09/16/2026 22:12:18 - INFO - __main__ - Training (5200 / 10000 Steps) (loss=0.0965) lr=1.52e-02 1704s
09/16/2026 22:12:44 - INFO - __main__ - Training (5300 / 10000 Steps) (loss=0.0436) lr=1.48e-02 1730s
09/16/2026 22:13:09 - INFO - __main__ - Training (5400 / 10000 Steps) (loss=0.0072) lr=1.43e-02 1754s
09/16/2026 22:13:34 - INFO - __main__ - Training (5500 / 10000 Steps) (loss=0.0279) lr=1.38e-02 1779s
09/16/2026 22:13:59 - INFO - __main__ - Training (5600 / 10000 Steps) (loss=0.0208) lr=1.33e-02 1804s
09/16/2026 22:14:24 - INFO - __main__ - Training (5700 / 10000 Steps) (loss=0.0106) lr=1.28e-02 1830s
09/16/2026 22:14:49 - INFO - __main__ - Training (5800 / 10000 Steps) (loss=0.0051) lr=1.23e-02 1855s
09/16/2026 22:15:14 - INFO - __main__ - Training (5900 / 10000 Steps) (loss=0.0072) lr=1.18e-02 1880s
09/16/2026 22:15:40 - INFO - __main__ - Training (6000 / 10000 Steps) (loss=0.0236) lr=1.13e-02 1905s
09/16/2026 22:16:59 - INFO - __main__ - Validation Results step 6000: Accuracy 0.88454 (best 0.88454)
09/16/2026 22:17:24 - INFO - __main__ - Training (6100 / 10000 Steps) (loss=0.0819) lr=1.08e-02 2010s
09/16/2026 22:17:49 - INFO - __main__ - Training (6200 / 10000 Steps) (loss=0.0075) lr=1.04e-02 2035s
09/16/2026 22:18:14 - INFO - __main__ - Training (6300 / 10000 Steps) (loss=0.0082) lr=9.90e-03 2060s
09/16/2026 22:18:40 - INFO - __main__ - Training (6400 / 10000 Steps) (loss=0.0362) lr=9.43e-03 2085s
09/16/2026 22:19:05 - INFO - __main__ - Training (6500 / 10000 Steps) (loss=0.0034) lr=8.97e-03 2110s
09/16/2026 22:19:30 - INFO - __main__ - Training (6600 / 10000 Steps) (loss=0.0213) lr=8.52e-03 2135s
09/16/2026 22:19:55 - INFO - __main__ - Training (6700 / 10000 Steps) (loss=0.0025) lr=8.08e-03 2160s
09/16/2026 22:20:20 - INFO - __main__ - Training (6800 / 10000 Steps) (loss=0.0027) lr=7.64e-03 2186s
09/16/2026 22:20:45 - INFO - __main__ - Training (6900 / 10000 Steps) (loss=0.0115) lr=7.22e-03 2211s
09/16/2026 22:21:10 - INFO - __main__ - Training (7000 / 10000 Steps) (loss=0.0029) lr=6.80e-03 2236s
09/16/2026 22:22:30 - INFO - __main__ - Validation Results step 7000: Accuracy 0.88281 (best 0.88454)
09/16/2026 22:22:55 - INFO - __main__ - Training (7100 / 10000 Steps) (loss=0.0070) lr=6.39e-03 2341s
09/16/2026 22:23:20 - INFO - __main__ - Training (7200 / 10000 Steps) (loss=0.0059) lr=5.98e-03 2366s
09/16/2026 22:23:45 - INFO - __main__ - Training (7300 / 10000 Steps) (loss=0.0054) lr=5.59e-03 2391s
09/16/2026 22:24:10 - INFO - __main__ - Training (7400 / 10000 Steps) (loss=0.0338) lr=5.21e-03 2416s
09/16/2026 22:24:36 - INFO - __main__ - Training (7500 / 10000 Steps) (loss=0.0033) lr=4.84e-03 2442s
09/16/2026 22:25:01 - INFO - __main__ - Training (7600 / 10000 Steps) (loss=0.0053) lr=4.48e-03 2467s
09/16/2026 22:25:26 - INFO - __main__ - Training (7700 / 10000 Steps) (loss=0.0033) lr=4.13e-03 2491s
09/16/2026 22:25:51 - INFO - __main__ - Training (7800 / 10000 Steps) (loss=0.0100) lr=3.80e-03 2516s
09/16/2026 22:26:16 - INFO - __main__ - Training (7900 / 10000 Steps) (loss=0.0088) lr=3.47e-03 2542s
09/16/2026 22:26:41 - INFO - __main__ - Training (8000 / 10000 Steps) (loss=0.0026) lr=3.16e-03 2567s
09/16/2026 22:28:01 - INFO - __main__ - Validation Results step 8000: Accuracy 0.88695 (best 0.88695)
09/16/2026 22:28:26 - INFO - __main__ - Training (8100 / 10000 Steps) (loss=0.0071) lr=2.86e-03 2671s
09/16/2026 22:28:51 - INFO - __main__ - Training (8200 / 10000 Steps) (loss=0.0022) lr=2.58e-03 2696s
09/16/2026 22:29:16 - INFO - __main__ - Training (8300 / 10000 Steps) (loss=0.0015) lr=2.31e-03 2721s
09/16/2026 22:29:41 - INFO - __main__ - Training (8400 / 10000 Steps) (loss=0.0021) lr=2.05e-03 2746s
09/16/2026 22:30:06 - INFO - __main__ - Training (8500 / 10000 Steps) (loss=0.0016) lr=1.81e-03 2771s
09/16/2026 22:30:30 - INFO - __main__ - Training (8600 / 10000 Steps) (loss=0.0018) lr=1.58e-03 2796s
09/16/2026 22:30:56 - INFO - __main__ - Training (8700 / 10000 Steps) (loss=0.0132) lr=1.36e-03 2821s
09/16/2026 22:31:21 - INFO - __main__ - Training (8800 / 10000 Steps) (loss=0.0018) lr=1.17e-03 2846s
09/16/2026 22:31:45 - INFO - __main__ - Training (8900 / 10000 Steps) (loss=0.0025) lr=9.82e-04 2871s
09/16/2026 22:32:11 - INFO - __main__ - Training (9000 / 10000 Steps) (loss=0.0048) lr=8.13e-04 2896s
09/16/2026 22:33:30 - INFO - __main__ - Validation Results step 9000: Accuracy 0.88695 (best 0.88695)
09/16/2026 22:33:55 - INFO - __main__ - Training (9100 / 10000 Steps) (loss=0.0088) lr=6.59e-04 3001s
09/16/2026 22:34:20 - INFO - __main__ - Training (9200 / 10000 Steps) (loss=0.0104) lr=5.22e-04 3026s
09/16/2026 22:34:45 - INFO - __main__ - Training (9300 / 10000 Steps) (loss=0.0020) lr=4.00e-04 3050s
09/16/2026 22:35:10 - INFO - __main__ - Training (9400 / 10000 Steps) (loss=0.0026) lr=2.94e-04 3076s
09/16/2026 22:35:35 - INFO - __main__ - Training (9500 / 10000 Steps) (loss=0.0058) lr=2.05e-04 3101s
09/16/2026 22:36:00 - INFO - __main__ - Training (9600 / 10000 Steps) (loss=0.0031) lr=1.31e-04 3125s
09/16/2026 22:36:25 - INFO - __main__ - Training (9700 / 10000 Steps) (loss=0.0021) lr=7.38e-05 3150s
09/16/2026 22:36:50 - INFO - __main__ - Training (9800 / 10000 Steps) (loss=0.0024) lr=3.28e-05 3175s
09/16/2026 22:37:15 - INFO - __main__ - Training (9900 / 10000 Steps) (loss=0.0027) lr=8.20e-06 3200s
09/16/2026 22:37:39 - INFO - __main__ - Training (10000 / 10000 Steps) (loss=0.0039) lr=0.00e+00 3225s
09/16/2026 22:38:59 - INFO - __main__ - Validation Results step 10000: Accuracy 0.88730 (best 0.88730)
09/16/2026 22:38:59 - INFO - __main__ - Best Accuracy: 	0.887297
09/16/2026 22:38:59 - INFO - __main__ - End Training!
