/opt/anaconda3/envs/fal-wyh/lib/python3.9/site-packages/torchvision/transforms/transforms.py:329: UserWarning: Argument 'interpolation' of type int is deprecated since 0.13 and will be removed in 0.15. Please use InterpolationMode enum.
  warnings.warn(
09/16/2026 13:56:54 - INFO - __main__ - Training parameters Namespace(data_root='/home/savo_shen/data_crops/cub/dinov3_sq', name='cub_dinov3_sq_224', output_dir='output', pretrained='/home/savo_shen/Programs/FAL-ViT-main-wyh/imagenet21k_ViT-B_16.npz', img_size=224, train_batch_size=16, grad_accum=1, eval_batch_size=128, learning_rate=0.03, weight_decay=0.0, num_steps=10000, warmup_steps=500, eval_every=1000, max_grad_norm=1.0, num_workers=8, seed=42)
09/16/2026 13:56:54 - INFO - __main__ - effective batch = 16
09/16/2026 13:56:54 - INFO - __main__ - classes=200 train=5994 test=5794
09/16/2026 13:57:02 - INFO - __main__ - Training (100 / 10000 Steps) (loss=5.1858) lr=6.00e-03 8s
09/16/2026 13:57:09 - INFO - __main__ - Training (200 / 10000 Steps) (loss=4.6912) lr=1.20e-02 15s
09/16/2026 13:57:15 - INFO - __main__ - Training (300 / 10000 Steps) (loss=3.4811) lr=1.80e-02 21s
09/16/2026 13:57:21 - INFO - __main__ - Training (400 / 10000 Steps) (loss=2.1797) lr=2.40e-02 27s
09/16/2026 13:57:27 - INFO - __main__ - Training (500 / 10000 Steps) (loss=1.5936) lr=3.00e-02 33s
09/16/2026 13:57:34 - INFO - __main__ - Training (600 / 10000 Steps) (loss=0.7329) lr=3.00e-02 40s
09/16/2026 13:57:40 - INFO - __main__ - Training (700 / 10000 Steps) (loss=0.7989) lr=3.00e-02 46s
09/16/2026 13:57:46 - INFO - __main__ - Training (800 / 10000 Steps) (loss=0.7490) lr=2.99e-02 52s
09/16/2026 13:57:52 - INFO - __main__ - Training (900 / 10000 Steps) (loss=0.7110) lr=2.99e-02 58s
09/16/2026 13:57:59 - INFO - __main__ - Training (1000 / 10000 Steps) (loss=1.1062) lr=2.98e-02 65s
09/16/2026 13:58:07 - INFO - __main__ - Validation Results step 1000: Accuracy 0.83397 (best 0.83397)
09/16/2026 13:58:13 - INFO - __main__ - Training (1100 / 10000 Steps) (loss=0.6161) lr=2.97e-02 79s
09/16/2026 13:58:20 - INFO - __main__ - Training (1200 / 10000 Steps) (loss=0.5495) lr=2.96e-02 86s
09/16/2026 13:58:26 - INFO - __main__ - Training (1300 / 10000 Steps) (loss=0.1967) lr=2.95e-02 92s
09/16/2026 13:58:32 - INFO - __main__ - Training (1400 / 10000 Steps) (loss=0.7106) lr=2.93e-02 98s
09/16/2026 13:58:39 - INFO - __main__ - Training (1500 / 10000 Steps) (loss=0.3814) lr=2.92e-02 105s
09/16/2026 13:58:45 - INFO - __main__ - Training (1600 / 10000 Steps) (loss=0.1712) lr=2.90e-02 111s
09/16/2026 13:58:51 - INFO - __main__ - Training (1700 / 10000 Steps) (loss=0.2362) lr=2.88e-02 117s
09/16/2026 13:58:57 - INFO - __main__ - Training (1800 / 10000 Steps) (loss=0.3038) lr=2.86e-02 124s
09/16/2026 13:59:04 - INFO - __main__ - Training (1900 / 10000 Steps) (loss=0.1975) lr=2.84e-02 130s
09/16/2026 13:59:10 - INFO - __main__ - Training (2000 / 10000 Steps) (loss=0.1516) lr=2.82e-02 136s
09/16/2026 13:59:17 - INFO - __main__ - Validation Results step 2000: Accuracy 0.87211 (best 0.87211)
09/16/2026 13:59:24 - INFO - __main__ - Training (2100 / 10000 Steps) (loss=0.1192) lr=2.79e-02 150s
09/16/2026 13:59:30 - INFO - __main__ - Training (2200 / 10000 Steps) (loss=0.7439) lr=2.77e-02 156s
09/16/2026 13:59:37 - INFO - __main__ - Training (2300 / 10000 Steps) (loss=0.4507) lr=2.74e-02 163s
09/16/2026 13:59:43 - INFO - __main__ - Training (2400 / 10000 Steps) (loss=0.1894) lr=2.71e-02 169s
09/16/2026 13:59:49 - INFO - __main__ - Training (2500 / 10000 Steps) (loss=0.1087) lr=2.68e-02 175s
09/16/2026 13:59:56 - INFO - __main__ - Training (2600 / 10000 Steps) (loss=0.0380) lr=2.65e-02 182s
09/16/2026 14:00:02 - INFO - __main__ - Training (2700 / 10000 Steps) (loss=0.1645) lr=2.62e-02 188s
09/16/2026 14:00:09 - INFO - __main__ - Training (2800 / 10000 Steps) (loss=0.1430) lr=2.59e-02 195s
09/16/2026 14:00:15 - INFO - __main__ - Training (2900 / 10000 Steps) (loss=0.1921) lr=2.55e-02 201s
09/16/2026 14:00:22 - INFO - __main__ - Training (3000 / 10000 Steps) (loss=0.0224) lr=2.52e-02 208s
09/16/2026 14:00:29 - INFO - __main__ - Validation Results step 3000: Accuracy 0.87228 (best 0.87228)
09/16/2026 14:00:36 - INFO - __main__ - Training (3100 / 10000 Steps) (loss=0.1461) lr=2.48e-02 222s
09/16/2026 14:00:42 - INFO - __main__ - Training (3200 / 10000 Steps) (loss=0.2827) lr=2.44e-02 228s
09/16/2026 14:00:48 - INFO - __main__ - Training (3300 / 10000 Steps) (loss=0.2405) lr=2.40e-02 234s
09/16/2026 14:00:55 - INFO - __main__ - Training (3400 / 10000 Steps) (loss=0.1478) lr=2.36e-02 241s
09/16/2026 14:01:01 - INFO - __main__ - Training (3500 / 10000 Steps) (loss=0.0204) lr=2.32e-02 247s
09/16/2026 14:01:07 - INFO - __main__ - Training (3600 / 10000 Steps) (loss=0.2574) lr=2.28e-02 253s
09/16/2026 14:01:14 - INFO - __main__ - Training (3700 / 10000 Steps) (loss=0.1078) lr=2.24e-02 260s
09/16/2026 14:01:20 - INFO - __main__ - Training (3800 / 10000 Steps) (loss=0.0865) lr=2.19e-02 266s
09/16/2026 14:01:26 - INFO - __main__ - Training (3900 / 10000 Steps) (loss=0.0529) lr=2.15e-02 272s
09/16/2026 14:01:33 - INFO - __main__ - Training (4000 / 10000 Steps) (loss=0.0569) lr=2.10e-02 279s
09/16/2026 14:01:40 - INFO - __main__ - Validation Results step 4000: Accuracy 0.88471 (best 0.88471)
09/16/2026 14:01:46 - INFO - __main__ - Training (4100 / 10000 Steps) (loss=0.0955) lr=2.06e-02 292s
09/16/2026 14:01:53 - INFO - __main__ - Training (4200 / 10000 Steps) (loss=0.0092) lr=2.01e-02 299s
09/16/2026 14:01:59 - INFO - __main__ - Training (4300 / 10000 Steps) (loss=0.1007) lr=1.96e-02 305s
09/16/2026 14:02:06 - INFO - __main__ - Training (4400 / 10000 Steps) (loss=0.0126) lr=1.92e-02 312s
09/16/2026 14:02:12 - INFO - __main__ - Training (4500 / 10000 Steps) (loss=0.0097) lr=1.87e-02 318s
09/16/2026 14:02:18 - INFO - __main__ - Training (4600 / 10000 Steps) (loss=0.0077) lr=1.82e-02 325s
09/16/2026 14:02:25 - INFO - __main__ - Training (4700 / 10000 Steps) (loss=0.0106) lr=1.77e-02 331s
09/16/2026 14:02:31 - INFO - __main__ - Training (4800 / 10000 Steps) (loss=0.0030) lr=1.72e-02 337s
09/16/2026 14:02:38 - INFO - __main__ - Training (4900 / 10000 Steps) (loss=0.0048) lr=1.67e-02 344s
09/16/2026 14:02:44 - INFO - __main__ - Training (5000 / 10000 Steps) (loss=0.0109) lr=1.62e-02 350s
09/16/2026 14:02:51 - INFO - __main__ - Validation Results step 5000: Accuracy 0.88833 (best 0.88833)
09/16/2026 14:02:58 - INFO - __main__ - Training (5100 / 10000 Steps) (loss=0.0029) lr=1.57e-02 364s
09/16/2026 14:03:04 - INFO - __main__ - Training (5200 / 10000 Steps) (loss=0.0094) lr=1.52e-02 370s
09/16/2026 14:03:11 - INFO - __main__ - Training (5300 / 10000 Steps) (loss=0.0660) lr=1.48e-02 377s
09/16/2026 14:03:17 - INFO - __main__ - Training (5400 / 10000 Steps) (loss=0.0077) lr=1.43e-02 383s
09/16/2026 14:03:23 - INFO - __main__ - Training (5500 / 10000 Steps) (loss=0.0022) lr=1.38e-02 389s
09/16/2026 14:03:30 - INFO - __main__ - Training (5600 / 10000 Steps) (loss=0.0066) lr=1.33e-02 396s
09/16/2026 14:03:36 - INFO - __main__ - Training (5700 / 10000 Steps) (loss=0.0050) lr=1.28e-02 402s
09/16/2026 14:03:43 - INFO - __main__ - Training (5800 / 10000 Steps) (loss=0.0025) lr=1.23e-02 409s
09/16/2026 14:03:49 - INFO - __main__ - Training (5900 / 10000 Steps) (loss=0.0011) lr=1.18e-02 415s
09/16/2026 14:03:55 - INFO - __main__ - Training (6000 / 10000 Steps) (loss=0.0013) lr=1.13e-02 421s
09/16/2026 14:04:03 - INFO - __main__ - Validation Results step 6000: Accuracy 0.89472 (best 0.89472)
09/16/2026 14:04:09 - INFO - __main__ - Training (6100 / 10000 Steps) (loss=0.0068) lr=1.08e-02 435s
09/16/2026 14:04:16 - INFO - __main__ - Training (6200 / 10000 Steps) (loss=0.0022) lr=1.04e-02 442s
09/16/2026 14:04:22 - INFO - __main__ - Training (6300 / 10000 Steps) (loss=0.0331) lr=9.90e-03 448s
09/16/2026 14:04:28 - INFO - __main__ - Training (6400 / 10000 Steps) (loss=0.0423) lr=9.43e-03 454s
09/16/2026 14:04:35 - INFO - __main__ - Training (6500 / 10000 Steps) (loss=0.0020) lr=8.97e-03 461s
09/16/2026 14:04:41 - INFO - __main__ - Training (6600 / 10000 Steps) (loss=0.0032) lr=8.52e-03 467s
09/16/2026 14:04:47 - INFO - __main__ - Training (6700 / 10000 Steps) (loss=0.0014) lr=8.08e-03 473s
09/16/2026 14:04:54 - INFO - __main__ - Training (6800 / 10000 Steps) (loss=0.0008) lr=7.64e-03 480s
09/16/2026 14:05:00 - INFO - __main__ - Training (6900 / 10000 Steps) (loss=0.0014) lr=7.22e-03 486s
09/16/2026 14:05:06 - INFO - __main__ - Training (7000 / 10000 Steps) (loss=0.0010) lr=6.80e-03 492s
09/16/2026 14:05:13 - INFO - __main__ - Validation Results step 7000: Accuracy 0.90110 (best 0.90110)
09/16/2026 14:05:20 - INFO - __main__ - Training (7100 / 10000 Steps) (loss=0.0017) lr=6.39e-03 506s
09/16/2026 14:05:27 - INFO - __main__ - Training (7200 / 10000 Steps) (loss=0.0009) lr=5.98e-03 513s
09/16/2026 14:05:33 - INFO - __main__ - Training (7300 / 10000 Steps) (loss=0.0040) lr=5.59e-03 519s
09/16/2026 14:05:40 - INFO - __main__ - Training (7400 / 10000 Steps) (loss=0.0013) lr=5.21e-03 526s
09/16/2026 14:05:46 - INFO - __main__ - Training (7500 / 10000 Steps) (loss=0.0007) lr=4.84e-03 532s
09/16/2026 14:05:52 - INFO - __main__ - Training (7600 / 10000 Steps) (loss=0.0019) lr=4.48e-03 538s
09/16/2026 14:05:58 - INFO - __main__ - Training (7700 / 10000 Steps) (loss=0.0056) lr=4.13e-03 544s
09/16/2026 14:06:05 - INFO - __main__ - Training (7800 / 10000 Steps) (loss=0.0015) lr=3.80e-03 551s
09/16/2026 14:06:11 - INFO - __main__ - Training (7900 / 10000 Steps) (loss=0.0009) lr=3.47e-03 557s
09/16/2026 14:06:17 - INFO - __main__ - Training (8000 / 10000 Steps) (loss=0.0010) lr=3.16e-03 563s
09/16/2026 14:06:25 - INFO - __main__ - Validation Results step 8000: Accuracy 0.90283 (best 0.90283)
09/16/2026 14:06:31 - INFO - __main__ - Training (8100 / 10000 Steps) (loss=0.0007) lr=2.86e-03 577s
09/16/2026 14:06:37 - INFO - __main__ - Training (8200 / 10000 Steps) (loss=0.0015) lr=2.58e-03 583s
09/16/2026 14:06:44 - INFO - __main__ - Training (8300 / 10000 Steps) (loss=0.0016) lr=2.31e-03 590s
09/16/2026 14:06:50 - INFO - __main__ - Training (8400 / 10000 Steps) (loss=0.0010) lr=2.05e-03 596s
09/16/2026 14:06:56 - INFO - __main__ - Training (8500 / 10000 Steps) (loss=0.0011) lr=1.81e-03 602s
09/16/2026 14:07:03 - INFO - __main__ - Training (8600 / 10000 Steps) (loss=0.0025) lr=1.58e-03 609s
09/16/2026 14:07:09 - INFO - __main__ - Training (8700 / 10000 Steps) (loss=0.0028) lr=1.36e-03 615s
09/16/2026 14:07:16 - INFO - __main__ - Training (8800 / 10000 Steps) (loss=0.0020) lr=1.17e-03 622s
09/16/2026 14:07:22 - INFO - __main__ - Training (8900 / 10000 Steps) (loss=0.0014) lr=9.82e-04 628s
09/16/2026 14:07:28 - INFO - __main__ - Training (9000 / 10000 Steps) (loss=0.0014) lr=8.13e-04 634s
09/16/2026 14:07:36 - INFO - __main__ - Validation Results step 9000: Accuracy 0.90283 (best 0.90283)
09/16/2026 14:07:42 - INFO - __main__ - Training (9100 / 10000 Steps) (loss=0.0006) lr=6.59e-04 648s
09/16/2026 14:07:48 - INFO - __main__ - Training (9200 / 10000 Steps) (loss=0.0012) lr=5.22e-04 654s
09/16/2026 14:07:55 - INFO - __main__ - Training (9300 / 10000 Steps) (loss=0.0062) lr=4.00e-04 661s
09/16/2026 14:08:01 - INFO - __main__ - Training (9400 / 10000 Steps) (loss=0.0012) lr=2.94e-04 667s
09/16/2026 14:08:07 - INFO - __main__ - Training (9500 / 10000 Steps) (loss=0.0016) lr=2.05e-04 673s
09/16/2026 14:08:13 - INFO - __main__ - Training (9600 / 10000 Steps) (loss=0.0085) lr=1.31e-04 679s
09/16/2026 14:08:20 - INFO - __main__ - Training (9700 / 10000 Steps) (loss=0.0034) lr=7.38e-05 686s
09/16/2026 14:08:26 - INFO - __main__ - Training (9800 / 10000 Steps) (loss=0.0012) lr=3.28e-05 692s
09/16/2026 14:08:32 - INFO - __main__ - Training (9900 / 10000 Steps) (loss=0.0013) lr=8.20e-06 698s
09/16/2026 14:08:39 - INFO - __main__ - Training (10000 / 10000 Steps) (loss=0.0017) lr=0.00e+00 705s
09/16/2026 14:08:46 - INFO - __main__ - Validation Results step 10000: Accuracy 0.90352 (best 0.90352)
09/16/2026 14:08:46 - INFO - __main__ - Best Accuracy: 	0.903521
09/16/2026 14:08:46 - INFO - __main__ - End Training!
